Archive member included to satisfy reference by file (symbol)

/usr/lib/gcc/arm-none-eabi/12.2.0/thumb/v6-m/nofp/libgcc.a(_dvmd_tls.o)
                              CMakeFiles/MorsePCB.dir/pico-sdk/src/rp2_common/pico_divider/divider.S.obj (__aeabi_idiv0)
/usr/lib/gcc/arm-none-eabi/12.2.0/../../../../arm-none-eabi/lib/thumb/v6-m/nofp/libg.a(lib_a-atexit.o)
                              /usr/lib/gcc/arm-none-eabi/12.2.0/../../../../arm-none-eabi/lib/thumb/v6-m/nofp/crt0.o (atexit)
/usr/lib/gcc/arm-none-eabi/12.2.0/../../../../arm-none-eabi/lib/thumb/v6-m/nofp/libg.a(lib_a-calloc.o)
                              CMakeFiles/MorsePCB.dir/pico-sdk/src/rp2_common/pico_malloc/pico_malloc.c.obj (calloc)
/usr/lib/gcc/arm-none-eabi/12.2.0/../../../../arm-none-eabi/lib/thumb/v6-m/nofp/libg.a(lib_a-callocr.o)
                              /usr/lib/gcc/arm-none-eabi/12.2.0/../../../../arm-none-eabi/lib/thumb/v6-m/nofp/libg.a(lib_a-calloc.o) (_calloc_r)
/usr/lib/gcc/arm-none-eabi/12.2.0/../../../../arm-none-eabi/lib/thumb/v6-m/nofp/libg.a(lib_a-errno.o)
                              /usr/lib/gcc/arm-none-eabi/12.2.0/../../../../arm-none-eabi/lib/thumb/v6-m/nofp/libg.a(lib_a-callocr.o) (__errno)
/usr/lib/gcc/arm-none-eabi/12.2.0/../../../../arm-none-eabi/lib/thumb/v6-m/nofp/libg.a(lib_a-fini.o)
                              /usr/lib/gcc/arm-none-eabi/12.2.0/../../../../arm-none-eabi/lib/thumb/v6-m/nofp/crt0.o (__libc_fini_array)
/usr/lib/gcc/arm-none-eabi/12.2.0/../../../../arm-none-eabi/lib/thumb/v6-m/nofp/libg.a(lib_a-impure.o)
                              /usr/lib/gcc/arm-none-eabi/12.2.0/../../../../arm-none-eabi/lib/thumb/v6-m/nofp/libg.a(lib_a-calloc.o) (_impure_ptr)
/usr/lib/gcc/arm-none-eabi/12.2.0/../../../../arm-none-eabi/lib/thumb/v6-m/nofp/libg.a(lib_a-init.o)
                              /usr/lib/gcc/arm-none-eabi/12.2.0/../../../../arm-none-eabi/lib/thumb/v6-m/nofp/crt0.o (__libc_init_array)
/usr/lib/gcc/arm-none-eabi/12.2.0/../../../../arm-none-eabi/lib/thumb/v6-m/nofp/libg.a(lib_a-malloc.o)
                              CMakeFiles/MorsePCB.dir/pico-sdk/src/rp2_common/pico_malloc/pico_malloc.c.obj (malloc)
/usr/lib/gcc/arm-none-eabi/12.2.0/../../../../arm-none-eabi/lib/thumb/v6-m/nofp/libg.a(lib_a-mallocr.o)
                              /usr/lib/gcc/arm-none-eabi/12.2.0/../../../../arm-none-eabi/lib/thumb/v6-m/nofp/libg.a(lib_a-callocr.o) (_malloc_r)
/usr/lib/gcc/arm-none-eabi/12.2.0/../../../../arm-none-eabi/lib/thumb/v6-m/nofp/libg.a(lib_a-mlock.o)
                              /usr/lib/gcc/arm-none-eabi/12.2.0/../../../../arm-none-eabi/lib/thumb/v6-m/nofp/libg.a(lib_a-mallocr.o) (__malloc_lock)
/usr/lib/gcc/arm-none-eabi/12.2.0/../../../../arm-none-eabi/lib/thumb/v6-m/nofp/libg.a(lib_a-realloc.o)
                              CMakeFiles/MorsePCB.dir/pico-sdk/src/rp2_common/pico_malloc/pico_malloc.c.obj (realloc)
/usr/lib/gcc/arm-none-eabi/12.2.0/../../../../arm-none-eabi/lib/thumb/v6-m/nofp/libg.a(lib_a-reallocr.o)
                              /usr/lib/gcc/arm-none-eabi/12.2.0/../../../../arm-none-eabi/lib/thumb/v6-m/nofp/libg.a(lib_a-realloc.o) (_realloc_r)
/usr/lib/gcc/arm-none-eabi/12.2.0/../../../../arm-none-eabi/lib/thumb/v6-m/nofp/libg.a(lib_a-sbrkr.o)
                              /usr/lib/gcc/arm-none-eabi/12.2.0/../../../../arm-none-eabi/lib/thumb/v6-m/nofp/libg.a(lib_a-mallocr.o) (_sbrk_r)
/usr/lib/gcc/arm-none-eabi/12.2.0/../../../../arm-none-eabi/lib/thumb/v6-m/nofp/libg.a(lib_a-strlen-stub.o)
                              CMakeFiles/MorsePCB.dir/pico-sdk/src/rp2_common/pico_stdio/stdio.c.obj (strlen)
/usr/lib/gcc/arm-none-eabi/12.2.0/../../../../arm-none-eabi/lib/thumb/v6-m/nofp/libg.a(lib_a-__atexit.o)
                              /usr/lib/gcc/arm-none-eabi/12.2.0/../../../../arm-none-eabi/lib/thumb/v6-m/nofp/libg.a(lib_a-atexit.o) (__register_exitproc)
/usr/lib/gcc/arm-none-eabi/12.2.0/../../../../arm-none-eabi/lib/thumb/v6-m/nofp/libg.a(lib_a-__call_atexit.o)
                              /usr/lib/gcc/arm-none-eabi/12.2.0/../../../../arm-none-eabi/lib/thumb/v6-m/nofp/libg.a(lib_a-__atexit.o) (__atexit_recursive_mutex)
/usr/lib/gcc/arm-none-eabi/12.2.0/../../../../arm-none-eabi/lib/thumb/v6-m/nofp/libg.a(lib_a-freer.o)
                              /usr/lib/gcc/arm-none-eabi/12.2.0/../../../../arm-none-eabi/lib/thumb/v6-m/nofp/libg.a(lib_a-malloc.o) (_free_r)
/usr/lib/gcc/arm-none-eabi/12.2.0/../../../../arm-none-eabi/lib/thumb/v6-m/nofp/libg.a(lib_a-lock.o)
                              /usr/lib/gcc/arm-none-eabi/12.2.0/../../../../arm-none-eabi/lib/thumb/v6-m/nofp/libg.a(lib_a-mlock.o) (__retarget_lock_acquire_recursive)
/usr/lib/gcc/arm-none-eabi/12.2.0/../../../../arm-none-eabi/lib/thumb/v6-m/nofp/libg.a(lib_a-memmove.o)
                              /usr/lib/gcc/arm-none-eabi/12.2.0/../../../../arm-none-eabi/lib/thumb/v6-m/nofp/libg.a(lib_a-reallocr.o) (memmove)
/usr/lib/gcc/arm-none-eabi/12.2.0/../../../../arm-none-eabi/lib/thumb/v6-m/nofp/libg.a(lib_a-reent.o)
[...]
Memory Configuration

Name             Origin             Length             Attributes
FLASH            0x10000000         0x00200000         xr
RAM              0x20000000         0x00040000         xrw
SCRATCH_X        0x20040000         0x00001000         xrw
SCRATCH_Y        0x20041000         0x00001000         xrw
*default*        0x00000000         0xffffffff

Linker script and memory map

LOAD /usr/lib/gcc/arm-none-eabi/12.2.0/thumb/v6-m/nofp/crti.o
LOAD /usr/lib/gcc/arm-none-eabi/12.2.0/thumb/v6-m/nofp/crtbegin.o
LOAD /usr/lib/gcc/arm-none-eabi/12.2.0/../../../../arm-none-eabi/lib/thumb/v6-m/nofp/crt0.o

.flash_begin    0x10000000        0x0
                0x10000000                        __flash_binary_start = .

.boot2          0x10000000      0x100
                0x10000000                        __boot2_start__ = .
 *(.boot2)
 .boot2         0x10000000      0x100 /tmp/ccMwmTvA.o
                0x10000100                        __boot2_end__ = .
                0x00000001                        ASSERT (((__boot2_end__ - __boot2_start__) == 0x100), ERROR: Pico second stage bootloader must be 256 bytes in size)

.text           0x10000100     0x6de8
                0x10000100                        __logical_binary_start = .
 *(.vectors)
 .vectors       0x10000100       0xd4 CMakeFiles/MorsePCB.dir/pico-sdk/src/rp2_common/pico_standard_link/crt0.S.obj
                0x10000100                __vectors
                0x10000100                __VECTOR_TABLE
                0x100001c0                isr_invalid
                0x100001c0                __default_isrs_start
                0x100001c2                isr_nmi
                0x100001c4                isr_hardfault
                0x100001c6                isr_svcall
                0x100001c8                isr_pendsv
                0x100001ca                isr_systick
                0x100001cc                isr_irq30
                0x100001cc                __unhandled_user_irq
                0x100001cc                isr_irq13
                0x100001cc                isr_irq27
                0x100001cc                isr_irq31
                0x100001cc                isr_irq5
                0x100001cc                isr_irq11
                0x100001cc                isr_irq23
                0x100001cc                isr_irq18
                0x100001cc                isr_irq28
                0x100001cc                isr_irq19
                0x100001cc                isr_irq0
                0x100001cc                isr_irq6
                0x100001cc                isr_irq22
                0x100001cc                isr_irq17
                0x100001cc                isr_irq14
                0x100001cc                isr_irq2
                0x100001cc                isr_irq10
                0x100001cc                isr_irq8
                0x100001cc                isr_irq24
                0x100001cc                isr_irq1
                0x100001cc                isr_irq7
                0x100001cc                isr_irq21
                0x100001cc                isr_irq20
                0x100001cc                isr_irq15
                0x100001cc                isr_irq25
                0x100001cc                isr_irq4
                0x100001cc                isr_irq16
                0x100001cc                isr_irq29
                0x100001cc                isr_irq26
                0x100001cc                __default_isrs_end
                0x100001cc                isr_irq3
                0x100001cc                isr_irq12
                0x100001cc                isr_irq9
                0x100001d2                unhandled_user_irq_num_in_r0
 *(.binary_info_header)
 .binary_info_header
                0x100001d4       0x14 CMakeFiles/MorsePCB.dir/pico-sdk/src/rp2_common/pico_standard_link/crt0.S.obj
                0x100001e8                        __binary_info_header_end = .
 *(.reset)
 .reset         0x100001e8       0xa0 CMakeFiles/MorsePCB.dir/pico-sdk/src/rp2_common/pico_standard_link/crt0.S.obj
                0x100001e8                _entry_point
 .reset         0x10000288       0x30 CMakeFiles/MorsePCB.dir/pico-sdk/src/rp2_common/pico_standard_link/binary_info.c.obj
 *(.init)
 .init          0x100002b8        0x4 /usr/lib/gcc/arm-none-eabi/12.2.0/thumb/v6-m/nofp/crti.o
                0x100002b8                _init
 *(EXCLUDE_FILE(*libm.a: *libc.a:*lib_a-mem*.o *libgcc.a:) .text*)
 .text          0x100002bc       0x98 /usr/lib/gcc/arm-none-eabi/12.2.0/thumb/v6-m/nofp/crtbegin.o
 .text.update_us_since_boot
                0x10000354       0x24 CMakeFiles/MorsePCB.dir/src/main.c.obj
 .text.get_absolute_time
                0x10000378       0x22 CMakeFiles/MorsePCB.dir/src/main.c.obj
 *fill*         0x1000039a        0x2 
 .text.gpio_released_callback
                0x1000039c       0x80 CMakeFiles/MorsePCB.dir/src/main.c.obj
                0x1000039c                gpio_released_callback
 .text.main     0x1000041c       0x90 CMakeFiles/MorsePCB.dir/src/main.c.obj
                0x1000041c                main
 .text.gpio_set_function
                0x100004ac       0x30 CMakeFiles/MorsePCB.dir/pico-sdk/src/rp2_common/hardware_gpio/gpio.c.obj
                0x100004ac                gpio_set_function
 .text.gpio_set_irq_callback
                0x100004dc       0x48 CMakeFiles/MorsePCB.dir/pico-sdk/src/rp2_common/hardware_gpio/gpio.c.obj
                0x100004dc                gpio_set_irq_callback
 .text.gpio_acknowledge_irq
                0x10000524       0x18 CMakeFiles/MorsePCB.dir/pico-sdk/src/rp2_common/hardware_gpio/gpio.c.obj
                0x10000524                gpio_acknowledge_irq
 .text._gpio_set_irq_enabled
                0x1000053c       0x34 CMakeFiles/MorsePCB.dir/pico-sdk/src/rp2_common/hardware_gpio/gpio.c.obj
 .text.gpio_set_irq_enabled
                0x10000570       0x20 CMakeFiles/MorsePCB.dir/pico-sdk/src/rp2_common/hardware_gpio/gpio.c.obj
                0x10000570                gpio_set_irq_enabled
 .text.gpio_set_irq_enabled_with_callback
                0x10000590       0x20 CMakeFiles/MorsePCB.dir/pico-sdk/src/rp2_common/hardware_gpio/gpio.c.obj
                0x10000590                gpio_set_irq_enabled_with_callback
 .text.gpio_default_irq_handler
                0x100005b0       0x98 CMakeFiles/MorsePCB.dir/pico-sdk/src/rp2_common/hardware_gpio/gpio.c.obj
 .text.gpio_init
                0x10000648       0x16 CMakeFiles/MorsePCB.dir/pico-sdk/src/rp2_common/hardware_gpio/gpio.c.obj
                0x10000648                gpio_init
 *fill*         0x1000065e        0x2 
 .text.running_on_fpga
                0x10000660       0x14 CMakeFiles/MorsePCB.dir/pico-sdk/src/rp2_common/pico_platform/platform.c.obj
                0x10000660                running_on_fpga
 .text.hw_claim_lock
                0x10000674       0x18 CMakeFiles/MorsePCB.dir/pico-sdk/src/rp2_common/hardware_claim/claim.c.obj
                0x10000674                hw_claim_lock
 .text.hw_claim_unlock
                0x1000068c       0x14 CMakeFiles/MorsePCB.dir/pico-sdk/src/rp2_common/hardware_claim/claim.c.obj
                0x1000068c                hw_claim_unlock
 .text.hw_claim_or_assert
                0x100006a0       0x32 CMakeFiles/MorsePCB.dir/pico-sdk/src/rp2_common/hardware_claim/claim.c.obj
                0x100006a0                hw_claim_or_assert
 .text.hw_claim_unused_from_range
                0x100006d2       0x50 CMakeFiles/MorsePCB.dir/pico-sdk/src/rp2_common/hardware_claim/claim.c.obj
                0x100006d2                hw_claim_unused_from_range
 *fill*         0x10000722        0x2 
 .text.spin_locks_reset
                0x10000724       0x20 CMakeFiles/MorsePCB.dir/pico-sdk/src/rp2_common/hardware_sync/sync.c.obj
                0x10000724                spin_locks_reset
 .text.next_striped_spin_lock_num
                0x10000744       0x1c CMakeFiles/MorsePCB.dir/pico-sdk/src/rp2_common/hardware_sync/sync.c.obj
                0x10000744                next_striped_spin_lock_num
 .text.spin_lock_claim_unused
                0x10000760       0x24 CMakeFiles/MorsePCB.dir/pico-sdk/src/rp2_common/hardware_sync/sync.c.obj
                0x10000760                spin_lock_claim_unused
 .text.set_raw_irq_handler_and_unlock
                0x10000784       0x28 CMakeFiles/MorsePCB.dir/pico-sdk/src/rp2_common/hardware_irq/irq.c.obj
 .text.resolve_branch
                0x100007ac       0x30 CMakeFiles/MorsePCB.dir/pico-sdk/src/rp2_common/hardware_irq/irq.c.obj
 .text.make_branch
                0x100007dc       0x48 CMakeFiles/MorsePCB.dir/pico-sdk/src/rp2_common/hardware_irq/irq.c.obj
 .text.insert_branch_and_link
                0x10000824       0x40 CMakeFiles/MorsePCB.dir/pico-sdk/src/rp2_common/hardware_irq/irq.c.obj
 .text.irq_is_enabled
                0x10000864       0x18 CMakeFiles/MorsePCB.dir/pico-sdk/src/rp2_common/hardware_irq/irq.c.obj
                0x10000864                irq_is_enabled
 .text.irq_set_mask_enabled
                0x1000087c       0x20 CMakeFiles/MorsePCB.dir/pico-sdk/src/rp2_common/hardware_irq/irq.c.obj
                0x1000087c                irq_set_mask_enabled
 .text.irq_set_enabled
                0x1000089c        0xe CMakeFiles/MorsePCB.dir/pico-sdk/src/rp2_common/hardware_irq/irq.c.obj
                0x1000089c                irq_set_enabled
 *fill*         0x100008aa        0x2 
 .text.irq_set_pending
                0x100008ac       0x10 CMakeFiles/MorsePCB.dir/pico-sdk/src/rp2_common/hardware_irq/irq.c.obj
                0x100008ac                irq_set_pending
 .text.irq_get_vtable_handler
                0x100008bc       0x10 CMakeFiles/MorsePCB.dir/pico-sdk/src/rp2_common/hardware_irq/irq.c.obj
                0x100008bc                irq_get_vtable_handler
 .text.irq_has_shared_handler
                0x100008cc       0x24 CMakeFiles/MorsePCB.dir/pico-sdk/src/rp2_common/hardware_irq/irq.c.obj
                0x100008cc                irq_has_shared_handler
 .text.irq_set_exclusive_handler
                0x100008f0       0x54 CMakeFiles/MorsePCB.dir/pico-sdk/src/rp2_common/hardware_irq/irq.c.obj
                0x100008f0                irq_set_exclusive_handler
 .text.irq_add_shared_handler
                0x10000944      0x210 CMakeFiles/MorsePCB.dir/pico-sdk/src/rp2_common/hardware_irq/irq.c.obj
                0x10000944                irq_add_shared_handler
 .text.irq_remove_handler
                0x10000b54      0x188 CMakeFiles/MorsePCB.dir/pico-sdk/src/rp2_common/hardware_irq/irq.c.obj
                0x10000b54                irq_remove_handler
 .text.irq_add_tail_to_free_list
                0x10000cdc       0xf0 CMakeFiles/MorsePCB.dir/pico-sdk/src/rp2_common/hardware_irq/irq.c.obj
                0x10000cdc                irq_add_tail_to_free_list
 .text.irq_init_priorities
                0x10000dcc       0x1c CMakeFiles/MorsePCB.dir/pico-sdk/src/rp2_common/hardware_irq/irq.c.obj
                0x10000dcc                irq_init_priorities
 .text.user_irq_claim_unused
                0x10000de8       0x2c CMakeFiles/MorsePCB.dir/pico-sdk/src/rp2_common/hardware_irq/irq.c.obj
                0x10000de8                user_irq_claim_unused
 .text.lock_init
                0x10000e14       0x10 CMakeFiles/MorsePCB.dir/pico-sdk/src/common/pico_sync/lock_core.c.obj
                0x10000e14                lock_init
 .text.update_us_since_boot
                0x10000e24       0x24 CMakeFiles/MorsePCB.dir/pico-sdk/src/common/pico_sync/mutex.c.obj
 .text.delayed_by_ms
                0x10000e48       0x44 CMakeFiles/MorsePCB.dir/pico-sdk/src/common/pico_sync/mutex.c.obj
 .text.get_absolute_time
                0x10000e8c       0x22 CMakeFiles/MorsePCB.dir/pico-sdk/src/common/pico_sync/mutex.c.obj
 .text.make_timeout_time_ms
                0x10000eae       0x20 CMakeFiles/MorsePCB.dir/pico-sdk/src/common/pico_sync/mutex.c.obj
 .text.mutex_init
                0x10000ece       0x1a CMakeFiles/MorsePCB.dir/pico-sdk/src/common/pico_sync/mutex.c.obj
                0x10000ece                mutex_init
 .text.recursive_mutex_init
                0x10000ee8       0x1e CMakeFiles/MorsePCB.dir/pico-sdk/src/common/pico_sync/mutex.c.obj
                0x10000ee8                recursive_mutex_init
 *fill*         0x10000f06        0x2 
 .text.critical_section_init_with_lock_num
                0x10000f08       0x14 CMakeFiles/MorsePCB.dir/pico-sdk/src/common/pico_sync/critical_section.c.obj
                0x10000f08                critical_section_init_with_lock_num
 .text.critical_section_init
                0x10000f1c       0x14 CMakeFiles/MorsePCB.dir/pico-sdk/src/common/pico_sync/critical_section.c.obj
                0x10000f1c                critical_section_init
 .text.time_reached
                0x10000f30       0x28 CMakeFiles/MorsePCB.dir/pico-sdk/src/common/pico_time/time.c.obj
 .text.get_entry
                0x10000f58       0x38 CMakeFiles/MorsePCB.dir/pico-sdk/src/common/pico_time/time.c.obj
 .text.timer_pool_entry_comparator
                0x10000f90       0x2e CMakeFiles/MorsePCB.dir/pico-sdk/src/common/pico_time/time.c.obj
                0x10000f90                timer_pool_entry_comparator
 *fill*         0x10000fbe        0x2 
 .text.update_us_since_boot
                0x10000fc0       0x24 CMakeFiles/MorsePCB.dir/pico-sdk/src/common/pico_time/time.c.obj
 .text.delayed_by_us
                0x10000fe4       0x34 CMakeFiles/MorsePCB.dir/pico-sdk/src/common/pico_time/time.c.obj
 .text.ph_get_node
                0x10001018       0x30 CMakeFiles/MorsePCB.dir/pico-sdk/src/common/pico_time/time.c.obj
 .text.ph_contains_node
                0x10001048       0x1e CMakeFiles/MorsePCB.dir/pico-sdk/src/common/pico_time/time.c.obj
 .text.ph_new_node
                0x10001066       0x28 CMakeFiles/MorsePCB.dir/pico-sdk/src/common/pico_time/time.c.obj
 *fill*         0x1000108e        0x2 
 .text.ph_add_child_node
                0x10001090       0x6c CMakeFiles/MorsePCB.dir/pico-sdk/src/common/pico_time/time.c.obj
 .text.ph_merge_nodes
                0x100010fc       0x3e CMakeFiles/MorsePCB.dir/pico-sdk/src/common/pico_time/time.c.obj
 *fill*         0x1000113a        0x2 
 .text.ph_insert_node
                0x1000113c       0x3c CMakeFiles/MorsePCB.dir/pico-sdk/src/common/pico_time/time.c.obj
 .text.ph_free_node
                0x10001178       0x5c CMakeFiles/MorsePCB.dir/pico-sdk/src/common/pico_time/time.c.obj
 .text.get_entry_id_high
                0x100011d4       0x30 CMakeFiles/MorsePCB.dir/pico-sdk/src/common/pico_time/time.c.obj
 .text.alarm_pool_post_alloc_init
                0x10001204       0x40 CMakeFiles/MorsePCB.dir/pico-sdk/src/common/pico_time/time.c.obj
 .text.sleep_until_callback
                0x10001244       0x30 CMakeFiles/MorsePCB.dir/pico-sdk/src/common/pico_time/time.c.obj
 .text.get_absolute_time
                0x10001274       0x22 CMakeFiles/MorsePCB.dir/pico-sdk/src/common/pico_time/time.c.obj
 *fill*         0x10001296        0x2 
 .text.add_alarm_under_lock
                0x10001298       0x94 CMakeFiles/MorsePCB.dir/pico-sdk/src/common/pico_time/time.c.obj
 .text.alarm_pool_alarm_callback
                0x1000132c      0x210 CMakeFiles/MorsePCB.dir/pico-sdk/src/common/pico_time/time.c.obj
 .text.alarm_pool_init_default
                0x1000153c       0x40 CMakeFiles/MorsePCB.dir/pico-sdk/src/common/pico_time/time.c.obj
                0x1000153c                alarm_pool_init_default
 .text.alarm_pool_get_default
                0x1000157c       0x2c CMakeFiles/MorsePCB.dir/pico-sdk/src/common/pico_time/time.c.obj
                0x1000157c                alarm_pool_get_default
 .text.alarm_pool_add_alarm_at
                0x100015a8      0x10e CMakeFiles/MorsePCB.dir/pico-sdk/src/common/pico_time/time.c.obj
                0x100015a8                alarm_pool_add_alarm_at
 .text.add_alarm_at
                0x100016b6       0x2e CMakeFiles/MorsePCB.dir/pico-sdk/src/common/pico_time/time.c.obj
 .text.alarm_pool_cancel_alarm
                0x100016e4       0xa8 CMakeFiles/MorsePCB.dir/pico-sdk/src/common/pico_time/time.c.obj
                0x100016e4                alarm_pool_cancel_alarm
 .text.cancel_alarm
                0x1000178c       0x10 CMakeFiles/MorsePCB.dir/pico-sdk/src/common/pico_time/time.c.obj
 .text.alarm_pool_core_num
                0x1000179c        0x4 CMakeFiles/MorsePCB.dir/pico-sdk/src/common/pico_time/time.c.obj
                0x1000179c                alarm_pool_core_num
 .text.best_effort_wfe_or_timeout
                0x100017a0       0x44 CMakeFiles/MorsePCB.dir/pico-sdk/src/common/pico_time/time.c.obj
                0x100017a0                best_effort_wfe_or_timeout
 .text.hardware_alarm_irq_handler
                0x100017e4       0x8c CMakeFiles/MorsePCB.dir/pico-sdk/src/rp2_common/hardware_timer/timer.c.obj
 .text.hardware_alarm_claim
                0x10001870       0x18 CMakeFiles/MorsePCB.dir/pico-sdk/src/rp2_common/hardware_timer/timer.c.obj
                0x10001870                hardware_alarm_claim
 .text.time_us_64
                0x10001888       0x18 CMakeFiles/MorsePCB.dir/pico-sdk/src/rp2_common/hardware_timer/timer.c.obj
                0x10001888                time_us_64
 .text.hardware_alarm_set_callback
                0x100018a0       0x90 CMakeFiles/MorsePCB.dir/pico-sdk/src/rp2_common/hardware_timer/timer.c.obj
                0x100018a0                hardware_alarm_set_callback
 .text.hardware_alarm_set_target
                0x10001930       0xe8 CMakeFiles/MorsePCB.dir/pico-sdk/src/rp2_common/hardware_timer/timer.c.obj
                0x10001930                hardware_alarm_set_target
 .text.hardware_alarm_cancel
                0x10001a18       0x40 CMakeFiles/MorsePCB.dir/pico-sdk/src/rp2_common/hardware_timer/timer.c.obj
                0x10001a18                hardware_alarm_cancel
 .text.ph_get_node
                0x10001a58       0x30 CMakeFiles/MorsePCB.dir/pico-sdk/src/common/pico_util/pheap.c.obj
 .text.ph_add_child_node
                0x10001a88       0x6c CMakeFiles/MorsePCB.dir/pico-sdk/src/common/pico_util/pheap.c.obj
 .text.ph_merge_nodes
                0x10001af4       0x3e CMakeFiles/MorsePCB.dir/pico-sdk/src/common/pico_util/pheap.c.obj
 .text.ph_clear
                0x10001b32       0x34 CMakeFiles/MorsePCB.dir/pico-sdk/src/common/pico_util/pheap.c.obj
                0x10001b32                ph_clear
 .text.ph_post_alloc_init
                0x10001b66        0xe CMakeFiles/MorsePCB.dir/pico-sdk/src/common/pico_util/pheap.c.obj
                0x10001b66                ph_post_alloc_init
 .text.ph_merge_two_pass
                0x10001b74       0x5c CMakeFiles/MorsePCB.dir/pico-sdk/src/common/pico_util/pheap.c.obj
                0x10001b74                ph_merge_two_pass
 .text.ph_remove_any_head
                0x10001bd0       0xc0 CMakeFiles/MorsePCB.dir/pico-sdk/src/common/pico_util/pheap.c.obj
 .text.ph_remove_head
                0x10001c90       0x14 CMakeFiles/MorsePCB.dir/pico-sdk/src/common/pico_util/pheap.c.obj
                0x10001c90                ph_remove_head
 .text.ph_remove_and_free_node
                0x10001ca4       0xa0 CMakeFiles/MorsePCB.dir/pico-sdk/src/common/pico_util/pheap.c.obj
                0x10001ca4                ph_remove_and_free_node
 .text.clock_configure
                0x10001d44      0x108 CMakeFiles/MorsePCB.dir/pico-sdk/src/rp2_common/hardware_clocks/clocks.c.obj
                0x10001d44                clock_configure
 .text.clocks_init
                0x10001e4c      0x100 CMakeFiles/MorsePCB.dir/pico-sdk/src/rp2_common/hardware_clocks/clocks.c.obj
                0x10001e4c                clocks_init
 .text.pll_init
                0x10001f4c      0x120 CMakeFiles/MorsePCB.dir/pico-sdk/src/rp2_common/hardware_pll/pll.c.obj
                0x10001f4c                pll_init
 .text.watchdog_start_tick
                0x1000206c       0x10 CMakeFiles/MorsePCB.dir/pico-sdk/src/rp2_common/hardware_watchdog/watchdog.c.obj
                0x1000206c                watchdog_start_tick
 .text.watchdog_update
                0x1000207c       0x14 CMakeFiles/MorsePCB.dir/pico-sdk/src/rp2_common/hardware_watchdog/watchdog.c.obj
                0x1000207c                watchdog_update
 .text._watchdog_enable
                0x10002090       0x78 CMakeFiles/MorsePCB.dir/pico-sdk/src/rp2_common/hardware_watchdog/watchdog.c.obj
                0x10002090                _watchdog_enable
 .text.watchdog_reboot
                0x10002108       0x48 CMakeFiles/MorsePCB.dir/pico-sdk/src/rp2_common/hardware_watchdog/watchdog.c.obj
                0x10002108                watchdog_reboot
 .text.xosc_init
                0x10002150       0x28 CMakeFiles/MorsePCB.dir/pico-sdk/src/rp2_common/hardware_xosc/xosc.c.obj
                0x10002150                xosc_init
 .text._exit    0x10002178        0x4 CMakeFiles/MorsePCB.dir/pico-sdk/src/rp2_common/pico_runtime/runtime.c.obj
                0x10002178                _exit
 .text.exit     0x1000217c        0x6 CMakeFiles/MorsePCB.dir/pico-sdk/src/rp2_common/pico_runtime/runtime.c.obj
                0x1000217c                exit
 *fill*         0x10002182        0x2 
 .text.__assert_func
                0x10002184       0x38 CMakeFiles/MorsePCB.dir/pico-sdk/src/rp2_common/pico_runtime/runtime.c.obj
                0x10002184                __assert_func
 .text.runtime_init
                0x100021bc       0xf8 CMakeFiles/MorsePCB.dir/pico-sdk/src/rp2_common/pico_runtime/runtime.c.obj
                0x100021bc                runtime_init
 .text.panic    0x100022b4       0x30 CMakeFiles/MorsePCB.dir/pico-sdk/src/rp2_common/pico_runtime/runtime.c.obj
                0x100022b4                panic
 .text._out_null
                0x100022e4        0x2 CMakeFiles/MorsePCB.dir/pico-sdk/src/rp2_common/pico_printf/printf.c.obj
 .text._out_fct
                0x100022e6        0xe CMakeFiles/MorsePCB.dir/pico-sdk/src/rp2_common/pico_printf/printf.c.obj
 .text._atoi    0x100022f4       0x24 CMakeFiles/MorsePCB.dir/pico-sdk/src/rp2_common/pico_printf/printf.c.obj
 .text._out_rev
                0x10002318       0xae CMakeFiles/MorsePCB.dir/pico-sdk/src/rp2_common/pico_printf/printf.c.obj
 .text._ntoa_format
                0x100023c6      0x110 CMakeFiles/MorsePCB.dir/pico-sdk/src/rp2_common/pico_printf/printf.c.obj
 .text._ntoa_long
                0x100024d6       0xbc CMakeFiles/MorsePCB.dir/pico-sdk/src/rp2_common/pico_printf/printf.c.obj
 .text._ntoa_long_long
                0x10002592      0x10e CMakeFiles/MorsePCB.dir/pico-sdk/src/rp2_common/pico_printf/printf.c.obj
 .text._etoa    0x100026a0      0x420 CMakeFiles/MorsePCB.dir/pico-sdk/src/rp2_common/pico_printf/printf.c.obj
 .text._ftoa    0x10002ac0      0x354 CMakeFiles/MorsePCB.dir/pico-sdk/src/rp2_common/pico_printf/printf.c.obj
 .text._vsnprintf
                0x10002e14      0x65c CMakeFiles/MorsePCB.dir/pico-sdk/src/rp2_common/pico_printf/printf.c.obj
 .text.vfctprintf
                0x10003470       0x20 CMakeFiles/MorsePCB.dir/pico-sdk/src/rp2_common/pico_printf/printf.c.obj
                0x10003470                vfctprintf
 .text          0x10003490       0x10 CMakeFiles/MorsePCB.dir/pico-sdk/src/rp2_common/pico_bit_ops/bit_ops_aeabi.S.obj
 .text.rom_func_lookup
                0x100034a0       0x10 CMakeFiles/MorsePCB.dir/pico-sdk/src/rp2_common/pico_bootrom/bootrom.c.obj
                0x100034a0                rom_func_lookup
 .text.rom_data_lookup
                0x100034b0       0x10 CMakeFiles/MorsePCB.dir/pico-sdk/src/rp2_common/pico_bootrom/bootrom.c.obj
                0x100034b0                rom_data_lookup
 .text.rom_funcs_lookup
                0x100034c0       0x36 CMakeFiles/MorsePCB.dir/pico-sdk/src/rp2_common/pico_bootrom/bootrom.c.obj
                0x100034c0                rom_funcs_lookup
 *fill*         0x100034f6        0x2 
 .text.__wrap___aeabi_idiv
                0x100034f8       0x50 CMakeFiles/MorsePCB.dir/pico-sdk/src/rp2_common/pico_divider/divider.S.obj
                0x100034f8                __wrap___aeabi_idivmod
                0x100034f8                divmod_s32s32
                0x100034f8                div_s32s32
                0x100034f8                __wrap___aeabi_idiv
                0x10003500                divmod_s32s32_unsafe
                0x1000352c                divmod_s32s32_savestate
 .text.__wrap___aeabi_uidiv
                0x10003548       0x4c CMakeFiles/MorsePCB.dir/pico-sdk/src/rp2_common/pico_divider/divider.S.obj
                0x10003548                __wrap___aeabi_uidiv
                0x10003548                __wrap___aeabi_uidivmod
                0x10003548                div_u32u32
                0x10003548                divmod_u32u32
                0x10003550                divmod_u32u32_unsafe
                0x10003578                divmod_u32u32_savestate
 .text.__wrap___aeabi_ldiv
                0x10003594      0x424 CMakeFiles/MorsePCB.dir/pico-sdk/src/rp2_common/pico_divider/divider.S.obj
                0x10003594                div_s64s64
                0x10003594                divmod_s64s64
                0x10003594                __wrap___aeabi_ldivmod
                0x100035c4                div_u64u64
                0x100035c4                divmod_u64u64
                0x100035c4                __wrap___aeabi_uldivmod
                0x100035d4                divmod_u64u64_savestate
                0x100035f4                divmod_s64s64_unsafe
                0x1000367c                divmod_u64u64_unsafe
 .text.__wrap___aeabi_darithmetic
                0x100039b8       0x80 CMakeFiles/MorsePCB.dir/pico-sdk/src/rp2_common/pico_double/double_aeabi.S.obj
                0x100039b8                __wrap___aeabi_drsub
                0x100039be                __wrap___aeabi_dsub
                0x100039d0                __wrap___aeabi_dadd
                0x100039e2                __wrap___aeabi_ddiv
                0x10003a1e                __wrap___aeabi_dmul
 .text.__wrap___aeabi_cdcmple
                0x10003a38       0x6c CMakeFiles/MorsePCB.dir/pico-sdk/src/rp2_common/pico_double/double_aeabi.S.obj
                0x10003a38                __wrap___aeabi_cdrcmple
                0x10003a48                __wrap___aeabi_cdcmple
                0x10003a48                __wrap___aeabi_cdcmpeq
 .text.__wrap___aeabi_dcmplt
                0x10003aa4        0xc CMakeFiles/MorsePCB.dir/pico-sdk/src/rp2_common/pico_double/double_aeabi.S.obj
                0x10003aa4                __wrap___aeabi_dcmplt
 .text.__wrap___aeabi_dcmple
                0x10003ab0       0x10 CMakeFiles/MorsePCB.dir/pico-sdk/src/rp2_common/pico_double/double_aeabi.S.obj
                0x10003ab0                __wrap___aeabi_dcmple
 .text.__wrap___aeabi_dcmpge
                0x10003ac0       0x10 CMakeFiles/MorsePCB.dir/pico-sdk/src/rp2_common/pico_double/double_aeabi.S.obj
                0x10003ac0                __wrap___aeabi_dcmpge
 .text.__wrap___aeabi_dcmpgt
                0x10003ad0        0xa CMakeFiles/MorsePCB.dir/pico-sdk/src/rp2_common/pico_double/double_aeabi.S.obj
                0x10003ad0                __wrap___aeabi_dcmpgt
 .text.__wrap___aeabi_dcmpun
                0x10003ada       0x1c CMakeFiles/MorsePCB.dir/pico-sdk/src/rp2_common/pico_double/double_aeabi.S.obj
                0x10003ada                __wrap___aeabi_dcmpun
 *fill*         0x10003af6        0x2 
 .text.__wrap___aeabi_i2d
                0x10003af8       0x38 CMakeFiles/MorsePCB.dir/pico-sdk/src/rp2_common/pico_double/double_aeabi.S.obj
                0x10003af8                __wrap___aeabi_ui2d
                0x10003b00                __wrap___aeabi_i2d
 .text.__wrap___aeabi_d2iz
                0x10003b30       0x48 CMakeFiles/MorsePCB.dir/pico-sdk/src/rp2_common/pico_double/double_aeabi.S.obj
                0x10003b30                __wrap___aeabi_d2iz
                0x10003b30                double2int_z
 .text.__wrap___aeabi_d2uiz
                0x10003b78       0x18 CMakeFiles/MorsePCB.dir/pico-sdk/src/rp2_common/pico_double/double_aeabi.S.obj
                0x10003b78                double2uint
                0x10003b78                __wrap___aeabi_d2uiz
 .text.__aeabi_double_init
                0x10003b90       0xcc CMakeFiles/MorsePCB.dir/pico-sdk/src/rp2_common/pico_double/double_init_rom.c.obj
                0x10003b90                __aeabi_double_init
 .text.double_table_shim_on_use_helper
                0x10003c5c       0x34 CMakeFiles/MorsePCB.dir/pico-sdk/src/rp2_common/pico_double/double_v1_rom_shim.S.obj
                0x10003c5c                double_table_shim_on_use_helper
 .text.__wrap___aeabi_dsub
                0x10003c90       0x10 CMakeFiles/MorsePCB.dir/pico-sdk/src/rp2_common/pico_double/double_v1_rom_shim.S.obj
                0x10003c90                drsub_shim
                0x10003c96                dsub_shim
 .text.dadd_shim
                0x10003ca0      0x15c CMakeFiles/MorsePCB.dir/pico-sdk/src/rp2_common/pico_double/double_v1_rom_shim.S.obj
                0x10003ca0                dadd_shim
 .text.dmul_shim
                0x10003dfc      0x15c CMakeFiles/MorsePCB.dir/pico-sdk/src/rp2_common/pico_double/double_v1_rom_shim.S.obj
                0x10003dfc                dmul_shim
 .text.ddiv_shim
                0x10003f58      0x1b0 CMakeFiles/MorsePCB.dir/pico-sdk/src/rp2_common/pico_double/double_v1_rom_shim.S.obj
                0x10003f58                ddiv_shim
 .text.double2uint_shim
                0x10004108        0xe CMakeFiles/MorsePCB.dir/pico-sdk/src/rp2_common/pico_double/double_v1_rom_shim.S.obj
                0x10004108                double2uint_shim
                0x1000410a                double2ufix_shim
 *fill*         0x10004116        0x2 
 .text.double2uint64_shim
                0x10004118       0x70 CMakeFiles/MorsePCB.dir/pico-sdk/src/rp2_common/pico_double/double_v1_rom_shim.S.obj
                0x10004118                double2uint64_shim
                0x1000411a                double2ufix64_shim
                0x1000413a                d2fix_a
 .text.dunpacks
                0x10004188       0x3c CMakeFiles/MorsePCB.dir/pico-sdk/src/rp2_common/pico_double/double_v1_rom_shim.S.obj
                0x10004188                dunpacks
 .text.__aeabi_lmul
                0x100041c4       0x32 CMakeFiles/MorsePCB.dir/pico-sdk/src/rp2_common/pico_int64_ops/pico_int64_ops_aeabi.S.obj
                0x100041c4                __wrap___aeabi_lmul
 *fill*         0x100041f6        0x2 
 .text.__aeabi_float_init
                0x100041f8       0xfc CMakeFiles/MorsePCB.dir/pico-sdk/src/rp2_common/pico_float/float_init_rom.c.obj
                0x100041f8                __aeabi_float_init
 .text.float_table_shim_on_use_helper
                0x100042f4       0x34 CMakeFiles/MorsePCB.dir/pico-sdk/src/rp2_common/pico_float/float_v1_rom_shim.S.obj
                0x100042f4                float_table_shim_on_use_helper
 .text          0x10004328       0x10 CMakeFiles/MorsePCB.dir/pico-sdk/src/rp2_common/pico_mem_ops/mem_ops_aeabi.S.obj
                0x10004328                __aeabi_mem_init
 .text.memset   0x10004338        0xc CMakeFiles/MorsePCB.dir/pico-sdk/src/rp2_common/pico_mem_ops/mem_ops_aeabi.S.obj
                0x10004338                __wrap_memset
 .text.memcpy   0x10004344        0xc CMakeFiles/MorsePCB.dir/pico-sdk/src/rp2_common/pico_mem_ops/mem_ops_aeabi.S.obj
                0x10004344                __wrap___aeabi_memcpy
                0x10004344                __wrap_memcpy
 .text.stdio_out_chars_no_crlf
                0x10004350        0xe CMakeFiles/MorsePCB.dir/pico-sdk/src/rp2_common/pico_stdio/stdio.c.obj
 *fill*         0x1000435e        0x2 
 .text.stdio_out_chars_crlf
                0x10004360       0x80 CMakeFiles/MorsePCB.dir/pico-sdk/src/rp2_common/pico_stdio/stdio.c.obj
 .text.stdio_stack_buffer_flush
                0x100043e0       0x44 CMakeFiles/MorsePCB.dir/pico-sdk/src/rp2_common/pico_stdio/stdio.c.obj
 .text.stdio_buffered_printer
                0x10004424       0x20 CMakeFiles/MorsePCB.dir/pico-sdk/src/rp2_common/pico_stdio/stdio.c.obj
 .text.update_us_since_boot
                0x10004444       0x24 CMakeFiles/MorsePCB.dir/pico-sdk/src/rp2_common/pico_stdio/stdio.c.obj
 .text.get_absolute_time
                0x10004468       0x22 CMakeFiles/MorsePCB.dir/pico-sdk/src/rp2_common/pico_stdio/stdio.c.obj
 *fill*         0x1000448a        0x2 
 .text.delayed_by_ms
                0x1000448c       0x44 CMakeFiles/MorsePCB.dir/pico-sdk/src/rp2_common/pico_stdio/stdio.c.obj
 .text.make_timeout_time_ms
                0x100044d0       0x20 CMakeFiles/MorsePCB.dir/pico-sdk/src/rp2_common/pico_stdio/stdio.c.obj
 .text.stdout_serialize_begin
                0x100044f0       0x20 CMakeFiles/MorsePCB.dir/pico-sdk/src/rp2_common/pico_stdio/stdio.c.obj
                0x100044f0                stdout_serialize_begin
 .text.stdout_serialize_end
                0x10004510       0x10 CMakeFiles/MorsePCB.dir/pico-sdk/src/rp2_common/pico_stdio/stdio.c.obj
                0x10004510                stdout_serialize_end
 .text.stdio_put_string
                0x10004520       0x98 CMakeFiles/MorsePCB.dir/pico-sdk/src/rp2_common/pico_stdio/stdio.c.obj
 .text.stdio_set_driver_enabled
                0x100045b8       0x2c CMakeFiles/MorsePCB.dir/pico-sdk/src/rp2_common/pico_stdio/stdio.c.obj
                0x100045b8                stdio_set_driver_enabled
 .text.stdio_flush
                0x100045e4       0x20 CMakeFiles/MorsePCB.dir/pico-sdk/src/rp2_common/pico_stdio/stdio.c.obj
                0x100045e4                stdio_flush
 .text.__wrap_puts
                0x10004604       0x1e CMakeFiles/MorsePCB.dir/pico-sdk/src/rp2_common/pico_stdio/stdio.c.obj
                0x10004604                __wrap_puts
 *fill*         0x10004622        0x2 
 .text.__wrap_vprintf
                0x10004624       0x40 CMakeFiles/MorsePCB.dir/pico-sdk/src/rp2_common/pico_stdio/stdio.c.obj
                0x10004624                __wrap_vprintf
 .text.__wrap_printf
                0x10004664       0x18 CMakeFiles/MorsePCB.dir/pico-sdk/src/rp2_common/pico_stdio/stdio.c.obj
                0x10004664                __wrap_printf
 .text.stdio_init_all
                0x1000467c        0x8 CMakeFiles/MorsePCB.dir/pico-sdk/src/rp2_common/pico_stdio/stdio.c.obj
                0x1000467c                stdio_init_all
 .text.resetd_init
                0x10004684        0x2 CMakeFiles/MorsePCB.dir/pico-sdk/src/rp2_common/pico_stdio_usb/reset_interface.c.obj
 *fill*         0x10004686        0x2 
 .text.resetd_reset
                0x10004688        0xc CMakeFiles/MorsePCB.dir/pico-sdk/src/rp2_common/pico_stdio_usb/reset_interface.c.obj
 .text.resetd_open
                0x10004694       0x34 CMakeFiles/MorsePCB.dir/pico-sdk/src/rp2_common/pico_stdio_usb/reset_interface.c.obj
 .text.resetd_xfer_cb
                0x100046c8        0x4 CMakeFiles/MorsePCB.dir/pico-sdk/src/rp2_common/pico_stdio_usb/reset_interface.c.obj
 .text.reset_usb_boot
                0x100046cc       0x18 CMakeFiles/MorsePCB.dir/pico-sdk/src/rp2_common/pico_stdio_usb/reset_interface.c.obj
 .text.resetd_control_xfer_cb
                0x100046e4       0x5c CMakeFiles/MorsePCB.dir/pico-sdk/src/rp2_common/pico_stdio_usb/reset_interface.c.obj
 .text.usbd_app_driver_get_cb
                0x10004740        0xc CMakeFiles/MorsePCB.dir/pico-sdk/src/rp2_common/pico_stdio_usb/reset_interface.c.obj
                0x10004740                usbd_app_driver_get_cb
 .text.tud_cdc_line_coding_cb
                0x1000474c       0x28 CMakeFiles/MorsePCB.dir/pico-sdk/src/rp2_common/pico_stdio_usb/reset_interface.c.obj
                0x1000474c                tud_cdc_line_coding_cb
 .text.stdio_usb_set_chars_available_callback
                0x10004774       0x14 CMakeFiles/MorsePCB.dir/pico-sdk/src/rp2_common/pico_stdio_usb/stdio_usb.c.obj
                0x10004774                stdio_usb_set_chars_available_callback
 .text.update_us_since_boot
                0x10004788       0x24 CMakeFiles/MorsePCB.dir/pico-sdk/src/rp2_common/pico_stdio_usb/stdio_usb.c.obj
 .text.get_absolute_time
                0x100047ac       0x22 CMakeFiles/MorsePCB.dir/pico-sdk/src/rp2_common/pico_stdio_usb/stdio_usb.c.obj
 *fill*         0x100047ce        0x2 
 .text.delayed_by_ms
                0x100047d0       0x44 CMakeFiles/MorsePCB.dir/pico-sdk/src/rp2_common/pico_stdio_usb/stdio_usb.c.obj
 .text.make_timeout_time_ms
                0x10004814       0x20 CMakeFiles/MorsePCB.dir/pico-sdk/src/rp2_common/pico_stdio_usb/stdio_usb.c.obj
 .text.delayed_by_us
                0x10004834       0x34 CMakeFiles/MorsePCB.dir/pico-sdk/src/rp2_common/pico_stdio_usb/stdio_usb.c.obj
 .text.usb_irq  0x10004868       0x10 CMakeFiles/MorsePCB.dir/pico-sdk/src/rp2_common/pico_stdio_usb/stdio_usb.c.obj
 .text.critical_section_enter_blocking
                0x10004878       0x16 CMakeFiles/MorsePCB.dir/pico-sdk/src/rp2_common/pico_stdio_usb/stdio_usb.c.obj
 *fill*         0x1000488e        0x2 
 .text.timer_task
                0x10004890       0x4c CMakeFiles/MorsePCB.dir/pico-sdk/src/rp2_common/pico_stdio_usb/stdio_usb.c.obj
 .text.alarm_pool_add_alarm_in_us
                0x100048dc       0x3a CMakeFiles/MorsePCB.dir/pico-sdk/src/rp2_common/pico_stdio_usb/stdio_usb.c.obj
 .text.add_alarm_in_us
                0x10004916       0x2e CMakeFiles/MorsePCB.dir/pico-sdk/src/rp2_common/pico_stdio_usb/stdio_usb.c.obj
 .text.low_priority_worker_irq
                0x10004944       0x7c CMakeFiles/MorsePCB.dir/pico-sdk/src/rp2_common/pico_stdio_usb/stdio_usb.c.obj
 .text.tud_cdc_rx_cb
                0x100049c0       0x20 CMakeFiles/MorsePCB.dir/pico-sdk/src/rp2_common/pico_stdio_usb/stdio_usb.c.obj
                0x100049c0                tud_cdc_rx_cb
 .text.stdio_usb_init
                0x100049e0       0xd0 CMakeFiles/MorsePCB.dir/pico-sdk/src/rp2_common/pico_stdio_usb/stdio_usb.c.obj
                0x100049e0                stdio_usb_init
 .text.stdio_usb_connected
                0x10004ab0        0xa CMakeFiles/MorsePCB.dir/pico-sdk/src/rp2_common/pico_stdio_usb/stdio_usb.c.obj
                0x10004ab0                stdio_usb_connected
 *fill*         0x10004aba        0x2 
 .text.stdio_usb_in_chars
                0x10004abc       0x88 CMakeFiles/MorsePCB.dir/pico-sdk/src/rp2_common/pico_stdio_usb/stdio_usb.c.obj
                0x10004abc                stdio_usb_in_chars
 .text.stdio_usb_out_chars
                0x10004b44       0xd8 CMakeFiles/MorsePCB.dir/pico-sdk/src/rp2_common/pico_stdio_usb/stdio_usb.c.obj
 .text.tud_descriptor_device_cb
                0x10004c1c        0x8 CMakeFiles/MorsePCB.dir/pico-sdk/src/rp2_common/pico_stdio_usb/stdio_usb_descriptors.c.obj
                0x10004c1c                tud_descriptor_device_cb
 .text.tud_descriptor_configuration_cb
                0x10004c24        0x8 CMakeFiles/MorsePCB.dir/pico-sdk/src/rp2_common/pico_stdio_usb/stdio_usb_descriptors.c.obj
                0x10004c24                tud_descriptor_configuration_cb
 .text.tud_descriptor_string_cb
                0x10004c2c       0x6c CMakeFiles/MorsePCB.dir/pico-sdk/src/rp2_common/pico_stdio_usb/stdio_usb_descriptors.c.obj
                0x10004c2c                tud_descriptor_string_cb
 .text._retrieve_unique_id_on_boot
                0x10004c98       0x10 CMakeFiles/MorsePCB.dir/pico-sdk/src/rp2_common/pico_unique_id/unique_id.c.obj
 .text.pico_get_unique_board_id_string
                0x10004ca8       0x5c CMakeFiles/MorsePCB.dir/pico-sdk/src/rp2_common/pico_unique_id/unique_id.c.obj
                0x10004ca8                pico_get_unique_board_id_string
 .text.flash_get_unique_id
                0x10004d04       0x46 CMakeFiles/MorsePCB.dir/pico-sdk/src/rp2_common/hardware_flash/flash.c.obj
                0x10004d04                flash_get_unique_id
 *fill*         0x10004d4a        0x2 
 .text.hw_endpoint_get_by_addr
                0x10004d4c       0x18 CMakeFiles/MorsePCB.dir/pico-sdk/lib/tinyusb/src/portable/raspberrypi/rp2040/dcd_rp2040.c.obj
 .text._hw_endpoint_alloc
                0x10004d64       0x70 CMakeFiles/MorsePCB.dir/pico-sdk/lib/tinyusb/src/portable/raspberrypi/rp2040/dcd_rp2040.c.obj
 .text.hw_endpoint_init
                0x10004dd4       0x88 CMakeFiles/MorsePCB.dir/pico-sdk/lib/tinyusb/src/portable/raspberrypi/rp2040/dcd_rp2040.c.obj
 .text.dcd_event_sof
                0x10004e5c       0x2c CMakeFiles/MorsePCB.dir/pico-sdk/lib/tinyusb/src/portable/raspberrypi/rp2040/dcd_rp2040.c.obj
 .text.hw_endpoint_xfer
                0x10004e88       0x14 CMakeFiles/MorsePCB.dir/pico-sdk/lib/tinyusb/src/portable/raspberrypi/rp2040/dcd_rp2040.c.obj
 .text.dcd_int_enable
                0x10004e9c       0x2c CMakeFiles/MorsePCB.dir/pico-sdk/lib/tinyusb/src/portable/raspberrypi/rp2040/dcd_rp2040.c.obj
                0x10004e9c                dcd_int_enable
 .text.dcd_set_address
                0x10004ec8       0x2c CMakeFiles/MorsePCB.dir/pico-sdk/lib/tinyusb/src/portable/raspberrypi/rp2040/dcd_rp2040.c.obj
                0x10004ec8                dcd_set_address
 .text.dcd_connect
                0x10004ef4       0x10 CMakeFiles/MorsePCB.dir/pico-sdk/lib/tinyusb/src/portable/raspberrypi/rp2040/dcd_rp2040.c.obj
                0x10004ef4                dcd_connect
 .text.dcd_init
                0x10004f04       0x80 CMakeFiles/MorsePCB.dir/pico-sdk/lib/tinyusb/src/portable/raspberrypi/rp2040/dcd_rp2040.c.obj
                0x10004f04                dcd_init
 .text.dcd_edpt0_status_complete
                0x10004f84       0x1c CMakeFiles/MorsePCB.dir/pico-sdk/lib/tinyusb/src/portable/raspberrypi/rp2040/dcd_rp2040.c.obj
                0x10004f84                dcd_edpt0_status_complete
 .text.dcd_edpt_open
                0x10004fa0       0x40 CMakeFiles/MorsePCB.dir/pico-sdk/lib/tinyusb/src/portable/raspberrypi/rp2040/dcd_rp2040.c.obj
                0x10004fa0                dcd_edpt_open
 .text.dcd_edpt_close_all
                0x10004fe0        0x8 CMakeFiles/MorsePCB.dir/pico-sdk/lib/tinyusb/src/portable/raspberrypi/rp2040/dcd_rp2040.c.obj
                0x10004fe0                dcd_edpt_close_all
 .text.dcd_edpt_xfer
                0x10004fe8       0x34 CMakeFiles/MorsePCB.dir/pico-sdk/lib/tinyusb/src/portable/raspberrypi/rp2040/dcd_rp2040.c.obj
                0x10004fe8                dcd_edpt_xfer
 .text.dcd_edpt_stall
                0x1000501c       0x2c CMakeFiles/MorsePCB.dir/pico-sdk/lib/tinyusb/src/portable/raspberrypi/rp2040/dcd_rp2040.c.obj
                0x1000501c                dcd_edpt_stall
 .text.dcd_edpt_clear_stall
                0x10005048       0x20 CMakeFiles/MorsePCB.dir/pico-sdk/lib/tinyusb/src/portable/raspberrypi/rp2040/dcd_rp2040.c.obj
                0x10005048                dcd_edpt_clear_stall
 .text.rp2040_usb_init
                0x10005068       0x4c CMakeFiles/MorsePCB.dir/pico-sdk/lib/tinyusb/src/portable/raspberrypi/rp2040/rp2040_usb.c.obj
                0x10005068                rp2040_usb_init
 .text.hw_endpoint_xfer_start
                0x100050b4       0x50 CMakeFiles/MorsePCB.dir/pico-sdk/lib/tinyusb/src/portable/raspberrypi/rp2040/rp2040_usb.c.obj
                0x100050b4                hw_endpoint_xfer_start
 .text.configuration_reset
                0x10005104       0x84 CMakeFiles/MorsePCB.dir/pico-sdk/lib/tinyusb/src/device/usbd.c.obj
 .text.critical_section_enter_blocking
                0x10005188       0x16 CMakeFiles/MorsePCB.dir/pico-sdk/lib/tinyusb/src/device/usbd.c.obj
 .text.usbd_reset
                0x1000519e        0xc CMakeFiles/MorsePCB.dir/pico-sdk/lib/tinyusb/src/device/usbd.c.obj
 .text.invoke_class_control
                0x100051aa       0x1a CMakeFiles/MorsePCB.dir/pico-sdk/lib/tinyusb/src/device/usbd.c.obj
 .text.process_set_config
                0x100051c4      0x178 CMakeFiles/MorsePCB.dir/pico-sdk/lib/tinyusb/src/device/usbd.c.obj
 .text.process_get_descriptor
                0x1000533c       0xdc CMakeFiles/MorsePCB.dir/pico-sdk/lib/tinyusb/src/device/usbd.c.obj
 .text.tud_mounted
                0x10005418       0x10 CMakeFiles/MorsePCB.dir/pico-sdk/lib/tinyusb/src/device/usbd.c.obj
                0x10005418                tud_mounted
 .text.tud_suspended
                0x10005428       0x10 CMakeFiles/MorsePCB.dir/pico-sdk/lib/tinyusb/src/device/usbd.c.obj
                0x10005428                tud_suspended
 .text.tud_inited
                0x10005438       0x14 CMakeFiles/MorsePCB.dir/pico-sdk/lib/tinyusb/src/device/usbd.c.obj
                0x10005438                tud_inited
 .text.tud_init
                0x1000544c       0xcc CMakeFiles/MorsePCB.dir/pico-sdk/lib/tinyusb/src/device/usbd.c.obj
                0x1000544c                tud_init
 .text.usbd_defer_func
                0x10005518       0x2a CMakeFiles/MorsePCB.dir/pico-sdk/lib/tinyusb/src/device/usbd.c.obj
                0x10005518                usbd_defer_func
 *fill*         0x10005542        0x2 
 .text.usbd_edpt_open
                0x10005544       0x34 CMakeFiles/MorsePCB.dir/pico-sdk/lib/tinyusb/src/device/usbd.c.obj
                0x10005544                usbd_edpt_open
 .text.usbd_open_edpt_pair
                0x10005578       0x62 CMakeFiles/MorsePCB.dir/pico-sdk/lib/tinyusb/src/device/usbd.c.obj
                0x10005578                usbd_open_edpt_pair
 *fill*         0x100055da        0x2 
 .text.usbd_edpt_claim
                0x100055dc       0x28 CMakeFiles/MorsePCB.dir/pico-sdk/lib/tinyusb/src/device/usbd.c.obj
                0x100055dc                usbd_edpt_claim
 .text.usbd_edpt_release
                0x10005604       0x28 CMakeFiles/MorsePCB.dir/pico-sdk/lib/tinyusb/src/device/usbd.c.obj
                0x10005604                usbd_edpt_release
 .text.usbd_edpt_xfer
                0x1000562c       0x78 CMakeFiles/MorsePCB.dir/pico-sdk/lib/tinyusb/src/device/usbd.c.obj
                0x1000562c                usbd_edpt_xfer
 .text.usbd_edpt_stall
                0x100056a4       0x48 CMakeFiles/MorsePCB.dir/pico-sdk/lib/tinyusb/src/device/usbd.c.obj
                0x100056a4                usbd_edpt_stall
 .text.usbd_edpt_clear_stall
                0x100056ec       0x48 CMakeFiles/MorsePCB.dir/pico-sdk/lib/tinyusb/src/device/usbd.c.obj
                0x100056ec                usbd_edpt_clear_stall
 .text.usbd_edpt_stalled
                0x10005734       0x1c CMakeFiles/MorsePCB.dir/pico-sdk/lib/tinyusb/src/device/usbd.c.obj
                0x10005734                usbd_edpt_stalled
 .text.process_control_request
                0x10005750      0x374 CMakeFiles/MorsePCB.dir/pico-sdk/lib/tinyusb/src/device/usbd.c.obj
 .text.tud_task_ext
                0x10005ac4      0x1a8 CMakeFiles/MorsePCB.dir/pico-sdk/lib/tinyusb/src/device/usbd.c.obj
                0x10005ac4                tud_task_ext
 .text._status_stage_xact
                0x10005c6c       0x1a CMakeFiles/MorsePCB.dir/pico-sdk/lib/tinyusb/src/device/usbd_control.c.obj
 *fill*         0x10005c86        0x2 
 .text._data_stage_xact
                0x10005c88       0x58 CMakeFiles/MorsePCB.dir/pico-sdk/lib/tinyusb/src/device/usbd_control.c.obj
 .text.tud_control_status
                0x10005ce0       0x28 CMakeFiles/MorsePCB.dir/pico-sdk/lib/tinyusb/src/device/usbd_control.c.obj
                0x10005ce0                tud_control_status
 .text.tud_control_xfer
                0x10005d08       0x68 CMakeFiles/MorsePCB.dir/pico-sdk/lib/tinyusb/src/device/usbd_control.c.obj
                0x10005d08                tud_control_xfer
 .text.usbd_control_reset
                0x10005d70       0x14 CMakeFiles/MorsePCB.dir/pico-sdk/lib/tinyusb/src/device/usbd_control.c.obj
                0x10005d70                usbd_control_reset
 .text.usbd_control_set_complete_callback
                0x10005d84        0xc CMakeFiles/MorsePCB.dir/pico-sdk/lib/tinyusb/src/device/usbd_control.c.obj
                0x10005d84                usbd_control_set_complete_callback
 .text.usbd_control_set_request
                0x10005d90       0x1c CMakeFiles/MorsePCB.dir/pico-sdk/lib/tinyusb/src/device/usbd_control.c.obj
                0x10005d90                usbd_control_set_request
 .text.usbd_control_xfer_cb
                0x10005dac       0xbc CMakeFiles/MorsePCB.dir/pico-sdk/lib/tinyusb/src/device/usbd_control.c.obj
                0x10005dac                usbd_control_xfer_cb
 .text._prep_out_transaction
                0x10005e68       0x4a CMakeFiles/MorsePCB.dir/pico-sdk/lib/tinyusb/src/class/cdc/cdc_device.c.obj
 *fill*         0x10005eb2        0x2 
 .text.tud_cdc_n_connected
                0x10005eb4       0x38 CMakeFiles/MorsePCB.dir/pico-sdk/lib/tinyusb/src/class/cdc/cdc_device.c.obj
                0x10005eb4                tud_cdc_n_connected
 .text.tud_cdc_n_available
                0x10005eec       0x18 CMakeFiles/MorsePCB.dir/pico-sdk/lib/tinyusb/src/class/cdc/cdc_device.c.obj
                0x10005eec                tud_cdc_n_available
 .text.tud_cdc_n_read
                0x10005f04       0x28 CMakeFiles/MorsePCB.dir/pico-sdk/lib/tinyusb/src/class/cdc/cdc_device.c.obj
                0x10005f04                tud_cdc_n_read
 .text.tud_cdc_n_write_flush
                0x10005f2c       0xb8 CMakeFiles/MorsePCB.dir/pico-sdk/lib/tinyusb/src/class/cdc/cdc_device.c.obj
                0x10005f2c                tud_cdc_n_write_flush
 .text.tud_cdc_n_write
                0x10005fe4       0x38 CMakeFiles/MorsePCB.dir/pico-sdk/lib/tinyusb/src/class/cdc/cdc_device.c.obj
                0x10005fe4                tud_cdc_n_write
 .text.tud_cdc_n_write_available
                0x1000601c       0x1c CMakeFiles/MorsePCB.dir/pico-sdk/lib/tinyusb/src/class/cdc/cdc_device.c.obj
                0x1000601c                tud_cdc_n_write_available
 .text.cdcd_init
                0x10006038       0xbc CMakeFiles/MorsePCB.dir/pico-sdk/lib/tinyusb/src/class/cdc/cdc_device.c.obj
                0x10006038                cdcd_init
 .text.cdcd_reset
                0x100060f4       0x44 CMakeFiles/MorsePCB.dir/pico-sdk/lib/tinyusb/src/class/cdc/cdc_device.c.obj
                0x100060f4                cdcd_reset
 .text.cdcd_open
                0x10006138       0xc4 CMakeFiles/MorsePCB.dir/pico-sdk/lib/tinyusb/src/class/cdc/cdc_device.c.obj
                0x10006138                cdcd_open
 .text.cdcd_control_xfer_cb
                0x100061fc      0x134 CMakeFiles/MorsePCB.dir/pico-sdk/lib/tinyusb/src/class/cdc/cdc_device.c.obj
                0x100061fc                cdcd_control_xfer_cb
 .text.cdcd_xfer_cb
                0x10006330      0x130 CMakeFiles/MorsePCB.dir/pico-sdk/lib/tinyusb/src/class/cdc/cdc_device.c.obj
                0x10006330                cdcd_xfer_cb
 .text.tusb_init
                0x10006460        0xa CMakeFiles/MorsePCB.dir/pico-sdk/lib/tinyusb/src/tusb.c.obj
                0x10006460                tusb_init
 .text.tusb_inited
                0x1000646a        0xe CMakeFiles/MorsePCB.dir/pico-sdk/lib/tinyusb/src/tusb.c.obj
                0x1000646a                tusb_inited
 .text.tu_edpt_claim
                0x10006478       0x50 CMakeFiles/MorsePCB.dir/pico-sdk/lib/tinyusb/src/tusb.c.obj
                0x10006478                tu_edpt_claim
 .text.tu_edpt_release
                0x100064c8       0x38 CMakeFiles/MorsePCB.dir/pico-sdk/lib/tinyusb/src/tusb.c.obj
                0x100064c8                tu_edpt_release
 .text.tu_edpt_validate
                0x10006500       0x78 CMakeFiles/MorsePCB.dir/pico-sdk/lib/tinyusb/src/tusb.c.obj
                0x10006500                tu_edpt_validate
 .text.tu_edpt_bind_driver
                0x10006578       0x26 CMakeFiles/MorsePCB.dir/pico-sdk/lib/tinyusb/src/tusb.c.obj
                0x10006578                tu_edpt_bind_driver
 .text.advance_index
                0x1000659e       0x1a CMakeFiles/MorsePCB.dir/pico-sdk/lib/tinyusb/src/common/tusb_fifo.c.obj
 .text._tu_fifo_peek
                0x100065b8       0x56 CMakeFiles/MorsePCB.dir/pico-sdk/lib/tinyusb/src/common/tusb_fifo.c.obj
 .text._ff_pull_const_addr
                0x1000660e       0x4c CMakeFiles/MorsePCB.dir/pico-sdk/lib/tinyusb/src/common/tusb_fifo.c.obj
 .text._ff_pull_n
                0x1000665a      0x110 CMakeFiles/MorsePCB.dir/pico-sdk/lib/tinyusb/src/common/tusb_fifo.c.obj
 .text._tu_fifo_peek_n
                0x1000676a       0x6a CMakeFiles/MorsePCB.dir/pico-sdk/lib/tinyusb/src/common/tusb_fifo.c.obj
 .text._tu_fifo_read_n
                0x100067d4       0x4e CMakeFiles/MorsePCB.dir/pico-sdk/lib/tinyusb/src/common/tusb_fifo.c.obj
 .text._ff_push_const_addr
                0x10006822       0x40 CMakeFiles/MorsePCB.dir/pico-sdk/lib/tinyusb/src/common/tusb_fifo.c.obj
 .text._ff_push_n
                0x10006862      0x10c CMakeFiles/MorsePCB.dir/pico-sdk/lib/tinyusb/src/common/tusb_fifo.c.obj
 .text._tu_fifo_write_n
                0x1000696e       0xf0 CMakeFiles/MorsePCB.dir/pico-sdk/lib/tinyusb/src/common/tusb_fifo.c.obj
 .text.tu_fifo_config
                0x10006a5e       0x7c CMakeFiles/MorsePCB.dir/pico-sdk/lib/tinyusb/src/common/tusb_fifo.c.obj
                0x10006a5e                tu_fifo_config
 .text.tu_fifo_count
                0x10006ada       0x2a CMakeFiles/MorsePCB.dir/pico-sdk/lib/tinyusb/src/common/tusb_fifo.c.obj
                0x10006ada                tu_fifo_count
 .text.tu_fifo_empty
                0x10006b04        0xe CMakeFiles/MorsePCB.dir/pico-sdk/lib/tinyusb/src/common/tusb_fifo.c.obj
                0x10006b04                tu_fifo_empty
 .text.tu_fifo_full
                0x10006b12       0x28 CMakeFiles/MorsePCB.dir/pico-sdk/lib/tinyusb/src/common/tusb_fifo.c.obj
                0x10006b12                tu_fifo_full
 .text.tu_fifo_remaining
                0x10006b3a       0x2c CMakeFiles/MorsePCB.dir/pico-sdk/lib/tinyusb/src/common/tusb_fifo.c.obj
                0x10006b3a                tu_fifo_remaining
 .text.tu_fifo_read
                0x10006b66       0x42 CMakeFiles/MorsePCB.dir/pico-sdk/lib/tinyusb/src/common/tusb_fifo.c.obj
                0x10006b66                tu_fifo_read
 .text.tu_fifo_read_n
                0x10006ba8        0xa CMakeFiles/MorsePCB.dir/pico-sdk/lib/tinyusb/src/common/tusb_fifo.c.obj
                0x10006ba8                tu_fifo_read_n
 .text.tu_fifo_write
                0x10006bb2       0x64 CMakeFiles/MorsePCB.dir/pico-sdk/lib/tinyusb/src/common/tusb_fifo.c.obj
                0x10006bb2                tu_fifo_write
 .text.tu_fifo_write_n
                0x10006c16        0xa CMakeFiles/MorsePCB.dir/pico-sdk/lib/tinyusb/src/common/tusb_fifo.c.obj
                0x10006c16                tu_fifo_write_n
 .text.tu_fifo_clear
                0x10006c20       0x3e CMakeFiles/MorsePCB.dir/pico-sdk/lib/tinyusb/src/common/tusb_fifo.c.obj
                0x10006c20                tu_fifo_clear
 .text.tu_fifo_set_overwritable
                0x10006c5e       0x46 CMakeFiles/MorsePCB.dir/pico-sdk/lib/tinyusb/src/common/tusb_fifo.c.obj
                0x10006c5e                tu_fifo_set_overwritable
 .text.atexit   0x10006ca4       0x10 /usr/lib/gcc/arm-none-eabi/12.2.0/../../../../arm-none-eabi/lib/thumb/v6-m/nofp/libg.a(lib_a-atexit.o)
                0x10006ca4                atexit
 .text.__libc_fini_array
                0x10006cb4       0x28 /usr/lib/gcc/arm-none-eabi/12.2.0/../../../../arm-none-eabi/lib/thumb/v6-m/nofp/libg.a(lib_a-fini.o)
                0x10006cb4                __libc_fini_array
 .text.strlen   0x10006cdc       0x5c /usr/lib/gcc/arm-none-eabi/12.2.0/../../../../arm-none-eabi/lib/thumb/v6-m/nofp/libg.a(lib_a-strlen-stub.o)
                0x10006cdc                strlen
 .text.__register_exitproc
                0x10006d38       0xac /usr/lib/gcc/arm-none-eabi/12.2.0/../../../../arm-none-eabi/lib/thumb/v6-m/nofp/libg.a(lib_a-__atexit.o)
                0x10006d38                __register_exitproc
 .text.startup.register_fini
                0x10006de4       0x18 /usr/lib/gcc/arm-none-eabi/12.2.0/../../../../arm-none-eabi/lib/thumb/v6-m/nofp/libg.a(lib_a-__call_atexit.o)
 .text.__retarget_lock_acquire_recursive
                0x10006dfc        0x4 /usr/lib/gcc/arm-none-eabi/12.2.0/../../../../arm-none-eabi/lib/thumb/v6-m/nofp/libg.a(lib_a-lock.o)
                0x10006dfc                __retarget_lock_acquire_recursive
 .text.__retarget_lock_release_recursive
                0x10006e00        0x4 /usr/lib/gcc/arm-none-eabi/12.2.0/../../../../arm-none-eabi/lib/thumb/v6-m/nofp/libg.a(lib_a-lock.o)
                0x10006e00                __retarget_lock_release_recursive
 *(.fini)
 .fini          0x10006e04        0x4 /usr/lib/gcc/arm-none-eabi/12.2.0/thumb/v6-m/nofp/crti.o
                0x10006e04                _fini
 .fini.__stub   0x10006e08       0xe0 linker stubs
 *crtbegin.o(.ctors)
 *crtbegin?.o(.ctors)
 *(EXCLUDE_FILE(*crtend.o *crtend?.o) .ctors)
 *(SORT_BY_NAME(.ctors.*))
 *(.ctors)
 *crtbegin.o(.dtors)
 *crtbegin?.o(.dtors)
 *(EXCLUDE_FILE(*crtend.o *crtend?.o) .dtors)
 *(SORT_BY_NAME(.dtors.*))
 *(.dtors)
 *(.eh_frame*)
 .eh_frame      0x10006ee8        0x0 /usr/lib/gcc/arm-none-eabi/12.2.0/thumb/v6-m/nofp/crtbegin.o
                0x10006ee8                        . = ALIGN (0x4)

.glue_7         0x10006ee8        0x0
 .glue_7        0x10006ee8        0x0 linker stubs

.glue_7t        0x10006ee8        0x0
 .glue_7t       0x10006ee8        0x0 linker stubs

.vfp11_veneer   0x10006ee8        0x0
 .vfp11_veneer  0x10006ee8        0x0 linker stubs

.v4_bx          0x10006ee8        0x0
 .v4_bx         0x10006ee8        0x0 linker stubs

.iplt           0x10006ee8        0x0
 .iplt          0x10006ee8        0x0 /usr/lib/gcc/arm-none-eabi/12.2.0/thumb/v6-m/nofp/crtbegin.o

.rodata         0x10006ee8     0x16b4
 *(EXCLUDE_FILE(*libm.a: *libc.a:*lib_a-mem*.o *libgcc.a:) .rodata*)
 .rodata.update_us_since_boot.str1.4
                0x10006ee8       0x7a CMakeFiles/MorsePCB.dir/src/main.c.obj
 *fill*         0x10006f62        0x2 
 .rodata.gpio_released_callback.str1.4
                0x10006f64       0x29 CMakeFiles/MorsePCB.dir/src/main.c.obj
 *fill*         0x10006f8d        0x3 
 .rodata.main.str1.4
                0x10006f90       0x13 CMakeFiles/MorsePCB.dir/src/main.c.obj
 *fill*         0x10006fa3        0x1 
 .rodata.__func__.0
                0x10006fa4       0x15 CMakeFiles/MorsePCB.dir/src/main.c.obj
 *fill*         0x10006fb9        0x3 
 .rodata.spin_lock_claim_unused.str1.4
                0x10006fbc       0x1b CMakeFiles/MorsePCB.dir/pico-sdk/src/rp2_common/hardware_sync/sync.c.obj
 *fill*         0x10006fd7        0x1 
 .rodata.resolve_branch.str1.4
                0x10006fd8       0x6e CMakeFiles/MorsePCB.dir/pico-sdk/src/rp2_common/hardware_irq/irq.c.obj
 *fill*         0x10007046        0x2 
 .rodata.make_branch.str1.4
                0x10007048       0x30 CMakeFiles/MorsePCB.dir/pico-sdk/src/rp2_common/hardware_irq/irq.c.obj
 .rodata.insert_branch_and_link.str1.4
                0x10007078       0x10 CMakeFiles/MorsePCB.dir/pico-sdk/src/rp2_common/hardware_irq/irq.c.obj
 .rodata.irq_set_exclusive_handler.str1.4
                0x10007088       0x36 CMakeFiles/MorsePCB.dir/pico-sdk/src/rp2_common/hardware_irq/irq.c.obj
 *fill*         0x100070be        0x2 
 .rodata.irq_add_shared_handler.str1.4
                0x100070c0       0xc2 CMakeFiles/MorsePCB.dir/pico-sdk/src/rp2_common/hardware_irq/irq.c.obj
 *fill*         0x10007182        0x2 
 .rodata.irq_remove_handler.str1.4
                0x10007184       0x3a CMakeFiles/MorsePCB.dir/pico-sdk/src/rp2_common/hardware_irq/irq.c.obj
 *fill*         0x100071be        0x2 
 .rodata.irq_add_tail_to_free_list.str1.4
                0x100071c0       0x3a CMakeFiles/MorsePCB.dir/pico-sdk/src/rp2_common/hardware_irq/irq.c.obj
 *fill*         0x100071fa        0x2 
 .rodata.user_irq_claim_unused.str1.4
                0x100071fc       0x1b CMakeFiles/MorsePCB.dir/pico-sdk/src/rp2_common/hardware_irq/irq.c.obj
 *fill*         0x10007217        0x1 
 .rodata.__func__.0
                0x10007218       0x1a CMakeFiles/MorsePCB.dir/pico-sdk/src/rp2_common/hardware_irq/irq.c.obj
 *fill*         0x10007232        0x2 
 .rodata.__func__.1
                0x10007234       0x17 CMakeFiles/MorsePCB.dir/pico-sdk/src/rp2_common/hardware_irq/irq.c.obj
 *fill*         0x1000724b        0x1 
 .rodata.__func__.2
                0x1000724c       0x13 CMakeFiles/MorsePCB.dir/pico-sdk/src/rp2_common/hardware_irq/irq.c.obj
 *fill*         0x1000725f        0x1 
 .rodata.__func__.3
                0x10007260        0xc CMakeFiles/MorsePCB.dir/pico-sdk/src/rp2_common/hardware_irq/irq.c.obj
 .rodata.__func__.4
                0x1000726c        0xf CMakeFiles/MorsePCB.dir/pico-sdk/src/rp2_common/hardware_irq/irq.c.obj
 *fill*         0x1000727b        0x1 
 .rodata.__func__.5
                0x1000727c       0x17 CMakeFiles/MorsePCB.dir/pico-sdk/src/rp2_common/hardware_irq/irq.c.obj
 *fill*         0x10007293        0x1 
 .rodata.__func__.6
                0x10007294       0x1a CMakeFiles/MorsePCB.dir/pico-sdk/src/rp2_common/hardware_irq/irq.c.obj
 .rodata.update_us_since_boot.str1.4
                0x100072ae       0x7a CMakeFiles/MorsePCB.dir/pico-sdk/src/common/pico_sync/mutex.c.obj
 *fill*         0x100072ae        0x2 
 .rodata.str1.4
                0x100072b0       0xa5 CMakeFiles/MorsePCB.dir/pico-sdk/src/common/pico_sync/mutex.c.obj
 *fill*         0x10007355        0x3 
 .rodata.__func__.1
                0x10007358        0xb CMakeFiles/MorsePCB.dir/pico-sdk/src/common/pico_sync/mutex.c.obj
 *fill*         0x10007363        0x1 
 .rodata.__func__.3
                0x10007364       0x18 CMakeFiles/MorsePCB.dir/pico-sdk/src/common/pico_sync/mutex.c.obj
 .rodata.__func__.4
                0x1000737c       0x15 CMakeFiles/MorsePCB.dir/pico-sdk/src/common/pico_sync/mutex.c.obj
 *fill*         0x10007391        0x3 
 .rodata.get_entry.str1.4
                0x10007394       0x74 CMakeFiles/MorsePCB.dir/pico-sdk/src/common/pico_time/time.c.obj
 .rodata.update_us_since_boot.str1.4
                0x10007408       0x7a CMakeFiles/MorsePCB.dir/pico-sdk/src/common/pico_time/time.c.obj
 .rodata.ph_get_node.str1.4
                0x10007408       0x7f CMakeFiles/MorsePCB.dir/pico-sdk/src/common/pico_time/time.c.obj
 *fill*         0x10007487        0x1 
 .rodata.ph_add_child_node.str1.4
                0x10007488       0x2e CMakeFiles/MorsePCB.dir/pico-sdk/src/common/pico_time/time.c.obj
 *fill*         0x100074b6        0x2 
 .rodata.ph_insert_node.str1.4
                0x100074b8        0x3 CMakeFiles/MorsePCB.dir/pico-sdk/src/common/pico_time/time.c.obj
 *fill*         0x100074bb        0x1 
 .rodata.ph_free_node.str1.4
                0x100074bc       0x38 CMakeFiles/MorsePCB.dir/pico-sdk/src/common/pico_time/time.c.obj
 .rodata.add_alarm_under_lock.str1.4
                0x100074f4       0x28 CMakeFiles/MorsePCB.dir/pico-sdk/src/common/pico_time/time.c.obj
 .rodata.alarm_pool_alarm_callback.str1.4
                0x1000751c       0x60 CMakeFiles/MorsePCB.dir/pico-sdk/src/common/pico_time/time.c.obj
 .rodata.alarm_pool_get_default.str1.4
                0x1000757c       0x21 CMakeFiles/MorsePCB.dir/pico-sdk/src/common/pico_time/time.c.obj
 *fill*         0x1000759d        0x3 
 .rodata.alarm_pool_cancel_alarm.str1.4
                0x100075a0       0x27 CMakeFiles/MorsePCB.dir/pico-sdk/src/common/pico_time/time.c.obj
 *fill*         0x100075c7        0x1 
 .rodata.__func__.1
                0x100075c8       0x18 CMakeFiles/MorsePCB.dir/pico-sdk/src/common/pico_time/time.c.obj
 .rodata.__func__.3
                0x100075e0       0x17 CMakeFiles/MorsePCB.dir/pico-sdk/src/common/pico_time/time.c.obj
 *fill*         0x100075f7        0x1 
 .rodata.__func__.4
                0x100075f8       0x12 CMakeFiles/MorsePCB.dir/pico-sdk/src/common/pico_time/time.c.obj
 *fill*         0x1000760a        0x2 
 .rodata.__func__.5
                0x1000760c        0xd CMakeFiles/MorsePCB.dir/pico-sdk/src/common/pico_time/time.c.obj
 *fill*         0x10007619        0x3 
 .rodata.__func__.6
                0x1000761c       0x12 CMakeFiles/MorsePCB.dir/pico-sdk/src/common/pico_time/time.c.obj
 *fill*         0x1000762e        0x2 
 .rodata.__func__.7
                0x10007630        0xf CMakeFiles/MorsePCB.dir/pico-sdk/src/common/pico_time/time.c.obj
 *fill*         0x1000763f        0x1 
 .rodata.__func__.8
                0x10007640        0xc CMakeFiles/MorsePCB.dir/pico-sdk/src/common/pico_time/time.c.obj
 .rodata.__func__.9
                0x1000764c       0x15 CMakeFiles/MorsePCB.dir/pico-sdk/src/common/pico_time/time.c.obj
 *fill*         0x10007661        0x3 
 .rodata.__func__.10
                0x10007664       0x15 CMakeFiles/MorsePCB.dir/pico-sdk/src/common/pico_time/time.c.obj
 *fill*         0x10007679        0x3 
 .rodata.__func__.11
                0x1000767c       0x1a CMakeFiles/MorsePCB.dir/pico-sdk/src/common/pico_time/time.c.obj
 *fill*         0x10007696        0x2 
 .rodata.__func__.12
                0x10007698        0xa CMakeFiles/MorsePCB.dir/pico-sdk/src/common/pico_time/time.c.obj
 *fill*         0x100076a2        0x2 
 .rodata.hardware_alarm_claim.str1.4
                0x100076a4       0x22 CMakeFiles/MorsePCB.dir/pico-sdk/src/rp2_common/hardware_timer/timer.c.obj
 *fill*         0x100076c6        0x2 
 .rodata.hardware_alarm_set_target.str1.4
                0x100076c8       0x7e CMakeFiles/MorsePCB.dir/pico-sdk/src/rp2_common/hardware_timer/timer.c.obj
 *fill*         0x10007746        0x2 
 .rodata.__func__.0
                0x10007748       0x1a CMakeFiles/MorsePCB.dir/pico-sdk/src/rp2_common/hardware_timer/timer.c.obj
 .rodata.ph_get_node.str1.4
                0x10007762       0x7f CMakeFiles/MorsePCB.dir/pico-sdk/src/common/pico_util/pheap.c.obj
 .rodata.ph_add_child_node.str1.4
                0x10007762       0x2e CMakeFiles/MorsePCB.dir/pico-sdk/src/common/pico_util/pheap.c.obj
 *fill*         0x10007762        0x2 
 .rodata.ph_remove_any_head.str1.4
                0x10007764       0xa8 CMakeFiles/MorsePCB.dir/pico-sdk/src/common/pico_util/pheap.c.obj
                                 0xbc (size before relaxing)
 .rodata.ph_remove_and_free_node.str1.4
                0x1000780c       0x1e CMakeFiles/MorsePCB.dir/pico-sdk/src/common/pico_util/pheap.c.obj
                                 0x26 (size before relaxing)
 *fill*         0x1000782a        0x2 
 .rodata.__func__.0
                0x1000782c       0x18 CMakeFiles/MorsePCB.dir/pico-sdk/src/common/pico_util/pheap.c.obj
 .rodata.__func__.1
                0x10007844       0x13 CMakeFiles/MorsePCB.dir/pico-sdk/src/common/pico_util/pheap.c.obj
 *fill*         0x10007857        0x1 
 .rodata.__func__.2
                0x10007858       0x12 CMakeFiles/MorsePCB.dir/pico-sdk/src/common/pico_util/pheap.c.obj
 *fill*         0x1000786a        0x2 
 .rodata.__func__.3
                0x1000786c        0xc CMakeFiles/MorsePCB.dir/pico-sdk/src/common/pico_util/pheap.c.obj
 .rodata.clock_configure.str1.4
                0x10007878       0x70 CMakeFiles/MorsePCB.dir/pico-sdk/src/rp2_common/hardware_clocks/clocks.c.obj
 .rodata.__func__.1
                0x100078e8       0x10 CMakeFiles/MorsePCB.dir/pico-sdk/src/rp2_common/hardware_clocks/clocks.c.obj
 .rodata.pll_init.str1.4
                0x100078f8      0x13c CMakeFiles/MorsePCB.dir/pico-sdk/src/rp2_common/hardware_pll/pll.c.obj
 .rodata.__func__.0
                0x10007a34        0x9 CMakeFiles/MorsePCB.dir/pico-sdk/src/rp2_common/hardware_pll/pll.c.obj
 *fill*         0x10007a3d        0x3 
 .rodata.__assert_func.str1.4
                0x10007a40       0x3f CMakeFiles/MorsePCB.dir/pico-sdk/src/rp2_common/pico_runtime/runtime.c.obj
                                 0x43 (size before relaxing)
 *fill*         0x10007a7f        0x1 
 .rodata.runtime_init.str1.4
                0x10007a80       0x7a CMakeFiles/MorsePCB.dir/pico-sdk/src/rp2_common/pico_runtime/runtime.c.obj
 *fill*         0x10007afa        0x2 
 .rodata.panic.str1.4
                0x10007afc       0x10 CMakeFiles/MorsePCB.dir/pico-sdk/src/rp2_common/pico_runtime/runtime.c.obj
                                 0x12 (size before relaxing)
 .rodata.__func__.2
                0x10007b0c        0xd CMakeFiles/MorsePCB.dir/pico-sdk/src/rp2_common/pico_runtime/runtime.c.obj
 *fill*         0x10007b19        0x3 
 .rodata._ftoa.str1.4
                0x10007b1c       0x15 CMakeFiles/MorsePCB.dir/pico-sdk/src/rp2_common/pico_printf/printf.c.obj
 *fill*         0x10007b31        0x3 
 .rodata._vsnprintf
                0x10007b34      0x19c CMakeFiles/MorsePCB.dir/pico-sdk/src/rp2_common/pico_printf/printf.c.obj
 .rodata.pow10.0
                0x10007cd0       0x50 CMakeFiles/MorsePCB.dir/pico-sdk/src/rp2_common/pico_printf/printf.c.obj
 .rodata.__aeabi_double_init.str1.4
                0x10007d20       0xb5 CMakeFiles/MorsePCB.dir/pico-sdk/src/rp2_common/pico_double/double_init_rom.c.obj
 *fill*         0x10007dd5        0x3 
 .rodata.__func__.0
                0x10007dd8       0x14 CMakeFiles/MorsePCB.dir/pico-sdk/src/rp2_common/pico_double/double_init_rom.c.obj
 .rodata.__aeabi_float_init.str1.4
                0x10007dec       0x93 CMakeFiles/MorsePCB.dir/pico-sdk/src/rp2_common/pico_float/float_init_rom.c.obj
                                 0x97 (size before relaxing)
 *fill*         0x10007e7f        0x1 
 .rodata.__func__.0
                0x10007e80       0x13 CMakeFiles/MorsePCB.dir/pico-sdk/src/rp2_common/pico_float/float_init_rom.c.obj
 *fill*         0x10007e93        0x1 
 .rodata.str1.4
                0x10007e94       0x40 CMakeFiles/MorsePCB.dir/pico-sdk/src/rp2_common/pico_standard_link/binary_info.c.obj
 .rodata.__bi_81
                0x10007ed4        0xc CMakeFiles/MorsePCB.dir/pico-sdk/src/rp2_common/pico_standard_link/binary_info.c.obj
 .rodata.__bi_75
                0x10007ee0        0xc CMakeFiles/MorsePCB.dir/pico-sdk/src/rp2_common/pico_standard_link/binary_info.c.obj
 .rodata.__bi_44
                0x10007eec        0xc CMakeFiles/MorsePCB.dir/pico-sdk/src/rp2_common/pico_standard_link/binary_info.c.obj
 .rodata.update_us_since_boot.str1.4
                0x10007ef8       0x7a CMakeFiles/MorsePCB.dir/pico-sdk/src/rp2_common/pico_stdio/stdio.c.obj
 .rodata.crlf_str.2
                0x10007ef8        0x2 CMakeFiles/MorsePCB.dir/pico-sdk/src/rp2_common/pico_stdio/stdio.c.obj
 *fill*         0x10007efa        0x2 
 .rodata.__func__.3
                0x10007efc       0x15 CMakeFiles/MorsePCB.dir/pico-sdk/src/rp2_common/pico_stdio/stdio.c.obj
 *fill*         0x10007f11        0x3 
 .rodata._resetd_driver
                0x10007f14       0x18 CMakeFiles/MorsePCB.dir/pico-sdk/src/rp2_common/pico_stdio_usb/reset_interface.c.obj
 .rodata.update_us_since_boot.str1.4
                0x10007f2c       0x7a CMakeFiles/MorsePCB.dir/pico-sdk/src/rp2_common/pico_stdio_usb/stdio_usb.c.obj
 .rodata.stdio_usb_init.str1.4
                0x10007f2c       0x5e CMakeFiles/MorsePCB.dir/pico-sdk/src/rp2_common/pico_stdio_usb/stdio_usb.c.obj
                                 0x66 (size before relaxing)
 *fill*         0x10007f8a        0x2 
 .rodata.str1.4
                0x10007f8c       0x13 CMakeFiles/MorsePCB.dir/pico-sdk/src/rp2_common/pico_stdio_usb/stdio_usb.c.obj
 *fill*         0x10007f9f        0x1 
 .rodata.__bi_182.0
                0x10007fa0        0xc CMakeFiles/MorsePCB.dir/pico-sdk/src/rp2_common/pico_stdio_usb/stdio_usb.c.obj
 .rodata.__func__.1
                0x10007fac        0xf CMakeFiles/MorsePCB.dir/pico-sdk/src/rp2_common/pico_stdio_usb/stdio_usb.c.obj
 *fill*         0x10007fbb        0x1 
 .rodata.__func__.3
                0x10007fbc       0x15 CMakeFiles/MorsePCB.dir/pico-sdk/src/rp2_common/pico_stdio_usb/stdio_usb.c.obj
 *fill*         0x10007fd1        0x3 
 .rodata.str1.4
                0x10007fd4       0x2a CMakeFiles/MorsePCB.dir/pico-sdk/src/rp2_common/pico_stdio_usb/stdio_usb_descriptors.c.obj
 *fill*         0x10007ffe        0x2 
 .rodata.usbd_desc_str
                0x10008000       0x18 CMakeFiles/MorsePCB.dir/pico-sdk/src/rp2_common/pico_stdio_usb/stdio_usb_descriptors.c.obj
 .rodata.usbd_desc_cfg
                0x10008018       0x54 CMakeFiles/MorsePCB.dir/pico-sdk/src/rp2_common/pico_stdio_usb/stdio_usb_descriptors.c.obj
 .rodata.usbd_desc_device
                0x1000806c       0x12 CMakeFiles/MorsePCB.dir/pico-sdk/src/rp2_common/pico_stdio_usb/stdio_usb_descriptors.c.obj
 *fill*         0x1000807e        0x2 
 .rodata.pico_get_unique_board_id_string.str1.4
                0x10008080       0x66 CMakeFiles/MorsePCB.dir/pico-sdk/src/rp2_common/pico_unique_id/unique_id.c.obj
 *fill*         0x100080e6        0x2 
 .rodata.__func__.0
                0x100080e8       0x20 CMakeFiles/MorsePCB.dir/pico-sdk/src/rp2_common/pico_unique_id/unique_id.c.obj
 .rodata.str1.4
                0x10008108      0x172 CMakeFiles/MorsePCB.dir/pico-sdk/src/rp2_common/hardware_flash/flash.c.obj
 *fill*         0x1000827a        0x2 
 .rodata.__func__.0
                0x1000827c        0xd CMakeFiles/MorsePCB.dir/pico-sdk/src/rp2_common/hardware_flash/flash.c.obj
 *fill*         0x10008289        0x3 
 .rodata._hw_endpoint_alloc.str1.4
                0x1000828c       0xd1 CMakeFiles/MorsePCB.dir/pico-sdk/lib/tinyusb/src/portable/raspberrypi/rp2040/dcd_rp2040.c.obj
 *fill*         0x1000835d        0x3 
 .rodata.str1.4
                0x10008360       0x14 CMakeFiles/MorsePCB.dir/pico-sdk/lib/tinyusb/src/portable/raspberrypi/rp2040/dcd_rp2040.c.obj
 .rodata.dcd_int_enable.str1.4
                0x10008374        0xc CMakeFiles/MorsePCB.dir/pico-sdk/lib/tinyusb/src/portable/raspberrypi/rp2040/dcd_rp2040.c.obj
 .rodata.__func__.0
                0x10008380        0xe CMakeFiles/MorsePCB.dir/pico-sdk/lib/tinyusb/src/portable/raspberrypi/rp2040/dcd_rp2040.c.obj
 *fill*         0x1000838e        0x2 
 .rodata.__func__.1
                0x10008390        0xe CMakeFiles/MorsePCB.dir/pico-sdk/lib/tinyusb/src/portable/raspberrypi/rp2040/dcd_rp2040.c.obj
 *fill*         0x1000839e        0x2 
 .rodata.__func__.3
                0x100083a0       0x10 CMakeFiles/MorsePCB.dir/pico-sdk/lib/tinyusb/src/portable/raspberrypi/rp2040/dcd_rp2040.c.obj
 .rodata.__func__.5
                0x100083b0        0xf CMakeFiles/MorsePCB.dir/pico-sdk/lib/tinyusb/src/portable/raspberrypi/rp2040/dcd_rp2040.c.obj
 *fill*         0x100083bf        0x1 
 .rodata.__func__.6
                0x100083c0       0x13 CMakeFiles/MorsePCB.dir/pico-sdk/lib/tinyusb/src/portable/raspberrypi/rp2040/dcd_rp2040.c.obj
 *fill*         0x100083d3        0x1 
 .rodata.__func__.7
                0x100083d4        0x9 CMakeFiles/MorsePCB.dir/pico-sdk/lib/tinyusb/src/portable/raspberrypi/rp2040/dcd_rp2040.c.obj
 *fill*         0x100083dd        0x3 
 .rodata.str1.4
                0x100083e0      0x103 CMakeFiles/MorsePCB.dir/pico-sdk/lib/tinyusb/src/portable/raspberrypi/rp2040/rp2040_usb.c.obj
 *fill*         0x100084e3        0x1 
 .rodata.__func__.0
                0x100084e4        0xf CMakeFiles/MorsePCB.dir/pico-sdk/lib/tinyusb/src/portable/raspberrypi/rp2040/rp2040_usb.c.obj
 *fill*         0x100084f3        0x1 
 .rodata.process_get_descriptor
                0x100084f4       0x40 CMakeFiles/MorsePCB.dir/pico-sdk/lib/tinyusb/src/device/usbd.c.obj
 .rodata.process_control_request
                0x10008534       0x28 CMakeFiles/MorsePCB.dir/pico-sdk/lib/tinyusb/src/device/usbd.c.obj
 .rodata.tud_task_ext
                0x1000855c       0x24 CMakeFiles/MorsePCB.dir/pico-sdk/lib/tinyusb/src/device/usbd.c.obj
 .rodata._usbd_driver
                0x10008580       0x18 CMakeFiles/MorsePCB.dir/pico-sdk/lib/tinyusb/src/device/usbd.c.obj
 .rodata._global_impure_ptr
                0x10008598        0x4 /usr/lib/gcc/arm-none-eabi/12.2.0/../../../../arm-none-eabi/lib/thumb/v6-m/nofp/libg.a(lib_a-impure.o)
                0x10008598                _global_impure_ptr
                0x1000859c                        . = ALIGN (0x4)
 *(SORT_BY_ALIGNMENT(SORT_BY_NAME(.flashdata*)))
                0x1000859c                        . = ALIGN (0x4)

.ARM.extab
 *(.ARM.extab* .gnu.linkonce.armextab.*)
                0x1000859c                        __exidx_start = .

.ARM.exidx
 *(.ARM.exidx* .gnu.linkonce.armexidx.*)
                0x1000859c                        __exidx_end = .
                0x1000859c                        . = ALIGN (0x4)
                0x1000859c                        __binary_info_start = .

.binary_info    0x1000859c       0x20
 *(.binary_info.keep.*)
 .binary_info.keep.__bi_ptr81
                0x1000859c        0x4 CMakeFiles/MorsePCB.dir/pico-sdk/src/rp2_common/pico_standard_link/binary_info.c.obj
 .binary_info.keep.__bi_ptr75
                0x100085a0        0x4 CMakeFiles/MorsePCB.dir/pico-sdk/src/rp2_common/pico_standard_link/binary_info.c.obj
 .binary_info.keep.__bi_ptr50
                0x100085a4        0x4 CMakeFiles/MorsePCB.dir/pico-sdk/src/rp2_common/pico_standard_link/binary_info.c.obj
 .binary_info.keep.__bi_ptr44
                0x100085a8        0x4 CMakeFiles/MorsePCB.dir/pico-sdk/src/rp2_common/pico_standard_link/binary_info.c.obj
 .binary_info.keep.__bi_ptr38
                0x100085ac        0x4 CMakeFiles/MorsePCB.dir/pico-sdk/src/rp2_common/pico_standard_link/binary_info.c.obj
 .binary_info.keep.__bi_ptr30
                0x100085b0        0x4 CMakeFiles/MorsePCB.dir/pico-sdk/src/rp2_common/pico_standard_link/binary_info.c.obj
 .binary_info.keep.__bi_ptr22
                0x100085b4        0x4 CMakeFiles/MorsePCB.dir/pico-sdk/src/rp2_common/pico_standard_link/binary_info.c.obj
 *(.binary_info.*)
 .binary_info.__bi_ptr182
                0x100085b8        0x4 CMakeFiles/MorsePCB.dir/pico-sdk/src/rp2_common/pico_stdio_usb/stdio_usb.c.obj
                0x100085bc                        __binary_info_end = .

.rel.dyn        0x100085bc        0x0
 .rel.iplt      0x100085bc        0x0 /usr/lib/gcc/arm-none-eabi/12.2.0/thumb/v6-m/nofp/crtbegin.o
                0x100085bc                        . = ALIGN (0x4)

.ram_vector_table
                0x20000000       0xc0
 *(.ram_vector_table)
 .ram_vector_table
                0x20000000       0xc0 CMakeFiles/MorsePCB.dir/pico-sdk/src/rp2_common/pico_runtime/runtime.c.obj
                0x20000000                ram_vector_table

.data           0x200000c0      0xf60 load address 0x100085bc
                0x200000c0                        __data_start__ = .
 *(vtable)
 *(.time_critical*)
 .time_critical.mutex_try_enter
                0x200000c0       0x46 CMakeFiles/MorsePCB.dir/pico-sdk/src/common/pico_sync/mutex.c.obj
                0x200000c0                mutex_try_enter
 *fill*         0x20000106        0x2 
 .time_critical.mutex_enter_block_until
                0x20000108       0x8c CMakeFiles/MorsePCB.dir/pico-sdk/src/common/pico_sync/mutex.c.obj
                0x20000108                mutex_enter_block_until
 .time_critical.mutex_try_enter_block_until
                0x20000194       0x34 CMakeFiles/MorsePCB.dir/pico-sdk/src/common/pico_sync/mutex.c.obj
                0x20000194                mutex_try_enter_block_until
 .time_critical.mutex_enter_timeout_ms
                0x200001c8       0x1a CMakeFiles/MorsePCB.dir/pico-sdk/src/common/pico_sync/mutex.c.obj
                0x200001c8                mutex_enter_timeout_ms
 *fill*         0x200001e2        0x2 
 .time_critical.mutex_exit
                0x200001e4       0x4c CMakeFiles/MorsePCB.dir/pico-sdk/src/common/pico_sync/mutex.c.obj
                0x200001e4                mutex_exit
 .time_critical.flash_init_boot2_copyout
                0x20000230       0x30 CMakeFiles/MorsePCB.dir/pico-sdk/src/rp2_common/hardware_flash/flash.c.obj
 .time_critical.flash_enable_xip_via_boot2
                0x20000260        0xc CMakeFiles/MorsePCB.dir/pico-sdk/src/rp2_common/hardware_flash/flash.c.obj
 .time_critical.flash_cs_force
                0x2000026c       0x28 CMakeFiles/MorsePCB.dir/pico-sdk/src/rp2_common/hardware_flash/flash.c.obj
 .time_critical.flash_do_cmd
                0x20000294       0xd8 CMakeFiles/MorsePCB.dir/pico-sdk/src/rp2_common/hardware_flash/flash.c.obj
                0x20000294                flash_do_cmd
 .time_critical.reset_non_control_endpoints
                0x2000036c       0x40 CMakeFiles/MorsePCB.dir/pico-sdk/lib/tinyusb/src/portable/raspberrypi/rp2040/dcd_rp2040.c.obj
 .time_critical.hw_handle_buff_status
                0x200003ac       0xa4 CMakeFiles/MorsePCB.dir/pico-sdk/lib/tinyusb/src/portable/raspberrypi/rp2040/dcd_rp2040.c.obj
 .time_critical.dcd_rp2040_irq
                0x20000450      0x1b8 CMakeFiles/MorsePCB.dir/pico-sdk/lib/tinyusb/src/portable/raspberrypi/rp2040/dcd_rp2040.c.obj
 .time_critical.e15_is_bulkin_ep
                0x20000608       0x2c CMakeFiles/MorsePCB.dir/pico-sdk/lib/tinyusb/src/portable/raspberrypi/rp2040/rp2040_usb.c.obj
 .time_critical.e15_is_critical_frame_period
                0x20000634       0x30 CMakeFiles/MorsePCB.dir/pico-sdk/lib/tinyusb/src/portable/raspberrypi/rp2040/rp2040_usb.c.obj
 .time_critical.prepare_ep_buffer
                0x20000664       0x6c CMakeFiles/MorsePCB.dir/pico-sdk/lib/tinyusb/src/portable/raspberrypi/rp2040/rp2040_usb.c.obj
 .time_critical.sync_ep_buffer
                0x200006d0       0x7c CMakeFiles/MorsePCB.dir/pico-sdk/lib/tinyusb/src/portable/raspberrypi/rp2040/rp2040_usb.c.obj
 .time_critical._hw_endpoint_xfer_sync
                0x2000074c       0x28 CMakeFiles/MorsePCB.dir/pico-sdk/lib/tinyusb/src/portable/raspberrypi/rp2040/rp2040_usb.c.obj
 .time_critical.hw_endpoint_reset_transfer
                0x20000774        0xc CMakeFiles/MorsePCB.dir/pico-sdk/lib/tinyusb/src/portable/raspberrypi/rp2040/rp2040_usb.c.obj
                0x20000774                hw_endpoint_reset_transfer
 .time_critical._hw_endpoint_buffer_control_update32
                0x20000780       0x58 CMakeFiles/MorsePCB.dir/pico-sdk/lib/tinyusb/src/portable/raspberrypi/rp2040/rp2040_usb.c.obj
                0x20000780                _hw_endpoint_buffer_control_update32
 .time_critical.hw_endpoint_start_next_buffer
                0x200007d8       0x7c CMakeFiles/MorsePCB.dir/pico-sdk/lib/tinyusb/src/portable/raspberrypi/rp2040/rp2040_usb.c.obj
                0x200007d8                hw_endpoint_start_next_buffer
 .time_critical.hw_endpoint_xfer_continue
                0x20000854       0x50 CMakeFiles/MorsePCB.dir/pico-sdk/lib/tinyusb/src/portable/raspberrypi/rp2040/rp2040_usb.c.obj
                0x20000854                hw_endpoint_xfer_continue
 .time_critical.tinyusb
                0x200008a4      0x1ac CMakeFiles/MorsePCB.dir/pico-sdk/lib/tinyusb/src/device/usbd.c.obj
                0x200008a4                dcd_event_handler
 *(.text*)
 .text          0x20000a50        0x4 /usr/lib/gcc/arm-none-eabi/12.2.0/thumb/v6-m/nofp/libgcc.a(_dvmd_tls.o)
                0x20000a50                __aeabi_ldiv0
                0x20000a50                __aeabi_idiv0
 *fill*         0x20000a54        0x4 
 .text.__stub   0x20000a58       0xa0 linker stubs
                0x20000af8                        . = ALIGN (0x4)
 *(.rodata*)
                0x20000af8                        . = ALIGN (0x4)
 *(.data*)
 .data.LED_PIN  0x20000af8        0x2 CMakeFiles/MorsePCB.dir/src/main.c.obj
                0x20000af8                LED_PIN
 .data.striped_spin_lock_num
                0x20000afa        0x1 CMakeFiles/MorsePCB.dir/pico-sdk/src/rp2_common/hardware_sync/sync.c.obj
 *fill*         0x20000afb        0x1 
 .data          0x20000afc       0x48 CMakeFiles/MorsePCB.dir/pico-sdk/src/rp2_common/hardware_irq/irq_handler_chain.S.obj
                0x20000afc                irq_handler_chain_slots
                0x20000b2c                irq_handler_chain_first_slot
                0x20000b36                irq_handler_chain_remove_tail
 .data.default_alarm_pool
                0x20000b44       0x18 CMakeFiles/MorsePCB.dir/pico-sdk/src/common/pico_time/time.c.obj
 .data.default_alarm_pool_heap
                0x20000b5c       0x10 CMakeFiles/MorsePCB.dir/pico-sdk/src/common/pico_time/time.c.obj
 *fill*         0x20000b6c        0x4 
 .data.aeabi_bits_funcs
                0x20000b70       0x10 CMakeFiles/MorsePCB.dir/pico-sdk/src/rp2_common/pico_bit_ops/bit_ops_aeabi.S.obj
                0x20000b70                aeabi_bits_funcs
                0x20000b80                aeabi_bits_funcs_end
 .data.aeabi_mem_funcs
                0x20000b80       0x10 CMakeFiles/MorsePCB.dir/pico-sdk/src/rp2_common/pico_mem_ops/mem_ops_aeabi.S.obj
                0x20000b80                aeabi_mem_funcs
                0x20000b90                aeabi_mem_funcs_end
 .data.stdio_usb
                0x20000b90       0x18 CMakeFiles/MorsePCB.dir/pico-sdk/src/rp2_common/pico_stdio_usb/stdio_usb.c.obj
                0x20000b90                stdio_usb
 .data.ep_dir_string
                0x20000ba8        0x8 CMakeFiles/MorsePCB.dir/pico-sdk/lib/tinyusb/src/portable/raspberrypi/rp2040/rp2040_usb.c.obj
                0x20000ba8                ep_dir_string
 .data._usbd_qdef
                0x20000bb0       0x1c CMakeFiles/MorsePCB.dir/pico-sdk/lib/tinyusb/src/device/usbd.c.obj
                0x20000bb0                _usbd_qdef
 .data._usbd_rhport
                0x20000bcc        0x1 CMakeFiles/MorsePCB.dir/pico-sdk/lib/tinyusb/src/device/usbd.c.obj
 *fill*         0x20000bcd        0x3 
 .data.impure_data
                0x20000bd0      0x428 /usr/lib/gcc/arm-none-eabi/12.2.0/../../../../arm-none-eabi/lib/thumb/v6-m/nofp/libg.a(lib_a-impure.o)
 .data.__atexit_recursive_mutex
                0x20000ff8        0x4 /usr/lib/gcc/arm-none-eabi/12.2.0/../../../../arm-none-eabi/lib/thumb/v6-m/nofp/libg.a(lib_a-__call_atexit.o)
                0x20000ff8                __atexit_recursive_mutex
                0x20000ffc                        . = ALIGN (0x4)
 *(.after_data.*)
                0x20000ffc                        . = ALIGN (0x4)
                0x20000ffc                        PROVIDE (__mutex_array_start = .)
 *(SORT_BY_NAME(.mutex_array.*))
 *(.mutex_array)
 .mutex_array   0x20000ffc        0x8 CMakeFiles/MorsePCB.dir/pico-sdk/src/rp2_common/pico_stdio/stdio.c.obj
                0x20001004                        PROVIDE (__mutex_array_end = .)
                0x20001004                        . = ALIGN (0x4)
                0x20001004                        PROVIDE (__preinit_array_start = .)
 *(SORT_BY_NAME(.preinit_array.*))
 .preinit_array.00001
                0x20001004        0x4 CMakeFiles/MorsePCB.dir/pico-sdk/src/rp2_common/pico_mem_ops/mem_ops_aeabi.S.obj
 .preinit_array.00010
                0x20001008        0x4 CMakeFiles/MorsePCB.dir/pico-sdk/src/rp2_common/pico_bit_ops/bit_ops_aeabi.S.obj
 .preinit_array.00020
                0x2000100c        0x4 CMakeFiles/MorsePCB.dir/pico-sdk/src/rp2_common/pico_double/double_aeabi.S.obj
 .preinit_array.00020
                0x20001010        0x4 CMakeFiles/MorsePCB.dir/pico-sdk/src/rp2_common/pico_float/float_aeabi.S.obj
 *(.preinit_array)
                0x20001014                        PROVIDE (__preinit_array_end = .)
                0x20001014                        . = ALIGN (0x4)
                0x20001014                        PROVIDE (__init_array_start = .)
 *(SORT_BY_NAME(.init_array.*))
 .init_array.00000
                0x20001014        0x4 /usr/lib/gcc/arm-none-eabi/12.2.0/../../../../arm-none-eabi/lib/thumb/v6-m/nofp/libg.a(lib_a-__call_atexit.o)
 *(.init_array)
 .init_array    0x20001018        0x4 /usr/lib/gcc/arm-none-eabi/12.2.0/thumb/v6-m/nofp/crtbegin.o
 .init_array    0x2000101c        0x4 CMakeFiles/MorsePCB.dir/pico-sdk/src/rp2_common/pico_unique_id/unique_id.c.obj
                0x20001020                        PROVIDE (__init_array_end = .)
                0x20001020                        . = ALIGN (0x4)
                0x20001020                        PROVIDE (__fini_array_start = .)
 *(SORT_BY_NAME(.fini_array.*))
 *(.fini_array)
                0x20001020                        PROVIDE (__fini_array_end = .)
 *(.jcr)
                0x20001020                        . = ALIGN (0x4)
                0x20001020                        __data_end__ = .
                0x100085bc                        __etext = LOADADDR (.data)

.tm_clone_table
                0x20001020        0x0 load address 0x1000951c
 .tm_clone_table
                0x20001020        0x0 /usr/lib/gcc/arm-none-eabi/12.2.0/thumb/v6-m/nofp/crtbegin.o
 .tm_clone_table
                0x20001020        0x0 /usr/lib/gcc/arm-none-eabi/12.2.0/thumb/v6-m/nofp/crtend.o

.igot.plt       0x20001020        0x0 load address 0x1000951c
 .igot.plt      0x20001020        0x0 /usr/lib/gcc/arm-none-eabi/12.2.0/thumb/v6-m/nofp/crtbegin.o

.uninitialized_data
                0x20001020        0x0 load address 0x1000951c
                0x20001020                        . = ALIGN (0x4)
 *(.uninitialized_data*)

.scratch_x      0x20040000        0x0 load address 0x1000951c
                0x20040000                        __scratch_x_start__ = .
 *(.scratch_x.*)
                0x20040000                        . = ALIGN (0x4)
                0x20040000                        __scratch_x_end__ = .
                0x1000951c                        __scratch_x_source__ = LOADADDR (.scratch_x)

.scratch_y      0x20041000        0x0 load address 0x1000951c
                0x20041000                        __scratch_y_start__ = .
 *(.scratch_y.*)
                0x20041000                        . = ALIGN (0x4)
                0x20041000                        __scratch_y_end__ = .
                0x1000951c                        __scratch_y_source__ = LOADADDR (.scratch_y)

.bss            0x20001020      0xda4
                0x20001020                        . = ALIGN (0x4)
                0x20001020                        __bss_start__ = .
 *(SORT_BY_ALIGNMENT(SORT_BY_NAME(.bss*)))
 .bss.default_alarm_pool_entries
                0x20001020      0x100 CMakeFiles/MorsePCB.dir/pico-sdk/src/common/pico_time/time.c.obj
 .bss.last_avail_time.2
                0x20001120        0x8 CMakeFiles/MorsePCB.dir/pico-sdk/src/rp2_common/pico_stdio_usb/stdio_usb.c.obj
 .bss.pressed_ts
                0x20001128        0x8 CMakeFiles/MorsePCB.dir/src/main.c.obj
                0x20001128                pressed_ts
 .bss           0x20001130       0x1c /usr/lib/gcc/arm-none-eabi/12.2.0/thumb/v6-m/nofp/crtbegin.o
 .bss.__lock___atexit_recursive_mutex
                0x2000114c        0x1 /usr/lib/gcc/arm-none-eabi/12.2.0/../../../../arm-none-eabi/lib/thumb/v6-m/nofp/libg.a(lib_a-lock.o)
                0x2000114c                __lock___atexit_recursive_mutex
 *fill*         0x2000114d        0x3 
 .bss._app_driver
                0x20001150        0x4 CMakeFiles/MorsePCB.dir/pico-sdk/lib/tinyusb/src/device/usbd.c.obj
 .bss._cdcd_itf
                0x20001154      0x2c8 CMakeFiles/MorsePCB.dir/pico-sdk/lib/tinyusb/src/class/cdc/cdc_device.c.obj
 .bss._ctrl_xfer
                0x2000141c       0x14 CMakeFiles/MorsePCB.dir/pico-sdk/lib/tinyusb/src/device/usbd_control.c.obj
 .bss._ubsd_mutexdef
                0x20001430        0x8 CMakeFiles/MorsePCB.dir/pico-sdk/lib/tinyusb/src/device/usbd.c.obj
 .bss._usbd_ctrl_buf
                0x20001438       0x40 CMakeFiles/MorsePCB.dir/pico-sdk/lib/tinyusb/src/device/usbd_control.c.obj
 .bss._usbd_dev
                0x20001478       0x53 CMakeFiles/MorsePCB.dir/pico-sdk/lib/tinyusb/src/device/usbd.c.obj
 *fill*         0x200014cb        0x1 
 .bss._usbd_mutex
                0x200014cc        0x4 CMakeFiles/MorsePCB.dir/pico-sdk/lib/tinyusb/src/device/usbd.c.obj
 .bss._usbd_q   0x200014d0        0x4 CMakeFiles/MorsePCB.dir/pico-sdk/lib/tinyusb/src/device/usbd.c.obj
 .bss._usbd_qdef_buf
                0x200014d4       0xc0 CMakeFiles/MorsePCB.dir/pico-sdk/lib/tinyusb/src/device/usbd.c.obj
                0x200014d4                _usbd_qdef_buf
 .bss.alarm_callbacks
                0x20001594       0x10 CMakeFiles/MorsePCB.dir/pico-sdk/src/rp2_common/hardware_timer/timer.c.obj
 .bss.boot2_copyout
                0x200015a4      0x100 CMakeFiles/MorsePCB.dir/pico-sdk/src/rp2_common/hardware_flash/flash.c.obj
 .bss.callbacks
                0x200016a4        0x8 CMakeFiles/MorsePCB.dir/pico-sdk/src/rp2_common/hardware_gpio/gpio.c.obj
 .bss.chars_available_callback
                0x200016ac        0x4 CMakeFiles/MorsePCB.dir/pico-sdk/src/rp2_common/pico_stdio_usb/stdio_usb.c.obj
 .bss.chars_available_param
                0x200016b0        0x4 CMakeFiles/MorsePCB.dir/pico-sdk/src/rp2_common/pico_stdio_usb/stdio_usb.c.obj
 .bss.claimed   0x200016b4        0x4 CMakeFiles/MorsePCB.dir/pico-sdk/src/rp2_common/hardware_sync/sync.c.obj
 .bss.configured_freq
                0x200016b8       0x28 CMakeFiles/MorsePCB.dir/pico-sdk/src/rp2_common/hardware_clocks/clocks.c.obj
 .bss.default_alarm_pool_entry_ids_high
                0x200016e0       0x10 CMakeFiles/MorsePCB.dir/pico-sdk/src/common/pico_time/time.c.obj
 .bss.default_alarm_pool_heap_nodes
                0x200016f0       0x30 CMakeFiles/MorsePCB.dir/pico-sdk/src/common/pico_time/time.c.obj
 .bss.desc_str.0
                0x20001720       0x28 CMakeFiles/MorsePCB.dir/pico-sdk/src/rp2_common/pico_stdio_usb/stdio_usb_descriptors.c.obj
 .bss.drivers   0x20001748        0x4 CMakeFiles/MorsePCB.dir/pico-sdk/src/rp2_common/pico_stdio/stdio.c.obj
 .bss.e15_last_sof
                0x2000174c        0x4 CMakeFiles/MorsePCB.dir/pico-sdk/lib/tinyusb/src/portable/raspberrypi/rp2040/rp2040_usb.c.obj
                0x2000174c                e15_last_sof
 .bss.filter    0x20001750        0x4 CMakeFiles/MorsePCB.dir/pico-sdk/src/rp2_common/pico_stdio/stdio.c.obj
 .bss.hw_endpoints
                0x20001754      0x400 CMakeFiles/MorsePCB.dir/pico-sdk/lib/tinyusb/src/portable/raspberrypi/rp2040/dcd_rp2040.c.obj
 .bss.load_value
                0x20001b54        0x4 CMakeFiles/MorsePCB.dir/pico-sdk/src/rp2_common/hardware_watchdog/watchdog.c.obj
 .bss.next_buffer_ptr
                0x20001b58        0x4 CMakeFiles/MorsePCB.dir/pico-sdk/lib/tinyusb/src/portable/raspberrypi/rp2040/dcd_rp2040.c.obj
 .bss.one_shot_timer_crit_sec
                0x20001b5c        0x8 CMakeFiles/MorsePCB.dir/pico-sdk/src/rp2_common/pico_stdio_usb/stdio_usb.c.obj
 .bss.pools     0x20001b64       0x10 CMakeFiles/MorsePCB.dir/pico-sdk/src/common/pico_time/time.c.obj
 .bss.raw_irq_mask
                0x20001b74        0x8 CMakeFiles/MorsePCB.dir/pico-sdk/src/rp2_common/hardware_gpio/gpio.c.obj