Archive member included to satisfy reference by file (symbol)

/usr/lib/gcc/arm-none-eabi/12.2.0/thumb/v6-m/nofp/libgcc.a(_dvmd_tls.o)
                              CMakeFiles/MorsePCB.dir/pico-sdk/src/rp2_common/pico_divider/divider.S.obj (__aeabi_idiv0)
/usr/lib/gcc/arm-none-eabi/12.2.0/../../../../arm-none-eabi/lib/thumb/v6-m/nofp/libg.a(lib_a-atexit.o)
                              /usr/lib/gcc/arm-none-eabi/12.2.0/../../../../arm-none-eabi/lib/thumb/v6-m/nofp/crt0.o (atexit)
/usr/lib/gcc/arm-none-eabi/12.2.0/../../../../arm-none-eabi/lib/thumb/v6-m/nofp/libg.a(lib_a-calloc.o)
                              CMakeFiles/MorsePCB.dir/pico-sdk/src/rp2_common/pico_malloc/pico_malloc.c.obj (calloc)
/usr/lib/gcc/arm-none-eabi/12.2.0/../../../../arm-none-eabi/lib/thumb/v6-m/nofp/libg.a(lib_a-callocr.o)
                              /usr/lib/gcc/arm-none-eabi/12.2.0/../../../../arm-none-eabi/lib/thumb/v6-m/nofp/libg.a(lib_a-calloc.o) (_calloc_r)
/usr/lib/gcc/arm-none-eabi/12.2.0/../../../../arm-none-eabi/lib/thumb/v6-m/nofp/libg.a(lib_a-errno.o)
                              /usr/lib/gcc/arm-none-eabi/12.2.0/../../../../arm-none-eabi/lib/thumb/v6-m/nofp/libg.a(lib_a-callocr.o) (__errno)
/usr/lib/gcc/arm-none-eabi/12.2.0/../../../../arm-none-eabi/lib/thumb/v6-m/nofp/libg.a(lib_a-fini.o)
                              /usr/lib/gcc/arm-none-eabi/12.2.0/../../../../arm-none-eabi/lib/thumb/v6-m/nofp/crt0.o (__libc_fini_array)
/usr/lib/gcc/arm-none-eabi/12.2.0/../../../../arm-none-eabi/lib/thumb/v6-m/nofp/libg.a(lib_a-impure.o)
                              /usr/lib/gcc/arm-none-eabi/12.2.0/../../../../arm-none-eabi/lib/thumb/v6-m/nofp/libg.a(lib_a-calloc.o) (_impure_ptr)
/usr/lib/gcc/arm-none-eabi/12.2.0/../../../../arm-none-eabi/lib/thumb/v6-m/nofp/libg.a(lib_a-init.o)
                              /usr/lib/gcc/arm-none-eabi/12.2.0/../../../../arm-none-eabi/lib/thumb/v6-m/nofp/crt0.o (__libc_init_array)
/usr/lib/gcc/arm-none-eabi/12.2.0/../../../../arm-none-eabi/lib/thumb/v6-m/nofp/libg.a(lib_a-malloc.o)
                              CMakeFiles/MorsePCB.dir/pico-sdk/src/rp2_common/pico_malloc/pico_malloc.c.obj (malloc)
/usr/lib/gcc/arm-none-eabi/12.2.0/../../../../arm-none-eabi/lib/thumb/v6-m/nofp/libg.a(lib_a-mallocr.o)
                              /usr/lib/gcc/arm-none-eabi/12.2.0/../../../../arm-none-eabi/lib/thumb/v6-m/nofp/libg.a(lib_a-callocr.o) (_malloc_r)
/usr/lib/gcc/arm-none-eabi/12.2.0/../../../../arm-none-eabi/lib/thumb/v6-m/nofp/libg.a(lib_a-mlock.o)
                              /usr/lib/gcc/arm-none-eabi/12.2.0/../../../../arm-none-eabi/lib/thumb/v6-m/nofp/libg.a(lib_a-mallocr.o) (__malloc_lock)
/usr/lib/gcc/arm-none-eabi/12.2.0/../../../../arm-none-eabi/lib/thumb/v6-m/nofp/libg.a(lib_a-realloc.o)
                              CMakeFiles/MorsePCB.dir/pico-sdk/src/rp2_common/pico_malloc/pico_malloc.c.obj (realloc)
/usr/lib/gcc/arm-none-eabi/12.2.0/../../../../arm-none-eabi/lib/thumb/v6-m/nofp/libg.a(lib_a-reallocr.o)
                              /usr/lib/gcc/arm-none-eabi/12.2.0/../../../../arm-none-eabi/lib/thumb/v6-m/nofp/libg.a(lib_a-realloc.o) (_realloc_r)
/usr/lib/gcc/arm-none-eabi/12.2.0/../../../../arm-none-eabi/lib/thumb/v6-m/nofp/libg.a(lib_a-sbrkr.o)
                              /usr/lib/gcc/arm-none-eabi/12.2.0/../../../../arm-none-eabi/lib/thumb/v6-m/nofp/libg.a(lib_a-mallocr.o) (_sbrk_r)
/usr/lib/gcc/arm-none-eabi/12.2.0/../../../../arm-none-eabi/lib/thumb/v6-m/nofp/libg.a(lib_a-strlen-stub.o)
                              CMakeFiles/MorsePCB.dir/pico-sdk/src/rp2_common/pico_stdio/stdio.c.obj (strlen)
/usr/lib/gcc/arm-none-eabi/12.2.0/../../../../arm-none-eabi/lib/thumb/v6-m/nofp/libg.a(lib_a-__atexit.o)
                              /usr/lib/gcc/arm-none-eabi/12.2.0/../../../../arm-none-eabi/lib/thumb/v6-m/nofp/libg.a(lib_a-atexit.o) (__register_exitproc)
/usr/lib/gcc/arm-none-eabi/12.2.0/../../../../arm-none-eabi/lib/thumb/v6-m/nofp/libg.a(lib_a-__call_atexit.o)
                              /usr/lib/gcc/arm-none-eabi/12.2.0/../../../../arm-none-eabi/lib/thumb/v6-m/nofp/libg.a(lib_a-__atexit.o) (__atexit_recursive_mutex)
/usr/lib/gcc/arm-none-eabi/12.2.0/../../../../arm-none-eabi/lib/thumb/v6-m/nofp/libg.a(lib_a-freer.o)
                              /usr/lib/gcc/arm-none-eabi/12.2.0/../../../../arm-none-eabi/lib/thumb/v6-m/nofp/libg.a(lib_a-malloc.o) (_free_r)
/usr/lib/gcc/arm-none-eabi/12.2.0/../../../../arm-none-eabi/lib/thumb/v6-m/nofp/libg.a(lib_a-lock.o)
                              /usr/lib/gcc/arm-none-eabi/12.2.0/../../../../arm-none-eabi/lib/thumb/v6-m/nofp/libg.a(lib_a-mlock.o) (__retarget_lock_acquire_recursive)
/usr/lib/gcc/arm-none-eabi/12.2.0/../../../../arm-none-eabi/lib/thumb/v6-m/nofp/libg.a(lib_a-memmove.o)
                              /usr/lib/gcc/arm-none-eabi/12.2.0/../../../../arm-none-eabi/lib/thumb/v6-m/nofp/libg.a(lib_a-reallocr.o) (memmove)
/usr/lib/gcc/arm-none-eabi/12.2.0/../../../../arm-none-eabi/lib/thumb/v6-m/nofp/libg.a(lib_a-reent.o)
[...]
Memory Configuration

Name             Origin             Length             Attributes
FLASH            0x10000000         0x00200000         xr
RAM              0x20000000         0x00040000         xrw
SCRATCH_X        0x20040000         0x00001000         xrw
SCRATCH_Y        0x20041000         0x00001000         xrw
*default*        0x00000000         0xffffffff

Linker script and memory map

LOAD /usr/lib/gcc/arm-none-eabi/12.2.0/thumb/v6-m/nofp/crti.o
LOAD /usr/lib/gcc/arm-none-eabi/12.2.0/thumb/v6-m/nofp/crtbegin.o
LOAD /usr/lib/gcc/arm-none-eabi/12.2.0/../../../../arm-none-eabi/lib/thumb/v6-m/nofp/crt0.o

.flash_begin    0x10000000        0x0
                0x10000000                        __flash_binary_start = .

.boot2          0x10000000      0x100
                0x10000000                        __boot2_start__ = .
 *(.boot2)
 .boot2         0x10000000      0x100 /tmp/ccpkzCcb.o
                0x10000100                        __boot2_end__ = .
                0x00000001                        ASSERT (((__boot2_end__ - __boot2_start__) == 0x100), ERROR: Pico second stage bootloader must be 256 bytes in size)

.text           0x10000100     0x6cf8
                0x10000100                        __logical_binary_start = .
 *(.vectors)
 .vectors       0x10000100       0xd4 CMakeFiles/MorsePCB.dir/pico-sdk/src/rp2_common/pico_standard_link/crt0.S.obj
                0x10000100                __vectors
                0x10000100                __VECTOR_TABLE
                0x100001c0                isr_invalid
                0x100001c0                __default_isrs_start
                0x100001c2                isr_nmi
                0x100001c4                isr_hardfault
                0x100001c6                isr_svcall
                0x100001c8                isr_pendsv
                0x100001ca                isr_systick
                0x100001cc                isr_irq30
                0x100001cc                __unhandled_user_irq
                0x100001cc                isr_irq13
                0x100001cc                isr_irq27
                0x100001cc                isr_irq31
                0x100001cc                isr_irq5
                0x100001cc                isr_irq11
                0x100001cc                isr_irq23
                0x100001cc                isr_irq18
                0x100001cc                isr_irq28
                0x100001cc                isr_irq19
                0x100001cc                isr_irq0
                0x100001cc                isr_irq6
                0x100001cc                isr_irq22
                0x100001cc                isr_irq17
                0x100001cc                isr_irq14
                0x100001cc                isr_irq2
                0x100001cc                isr_irq10
                0x100001cc                isr_irq8
                0x100001cc                isr_irq24
                0x100001cc                isr_irq1
                0x100001cc                isr_irq7
                0x100001cc                isr_irq21
                0x100001cc                isr_irq20
                0x100001cc                isr_irq15
                0x100001cc                isr_irq25
                0x100001cc                isr_irq4
                0x100001cc                isr_irq16
                0x100001cc                isr_irq29
                0x100001cc                isr_irq26
                0x100001cc                __default_isrs_end
                0x100001cc                isr_irq3
                0x100001cc                isr_irq12
                0x100001cc                isr_irq9
                0x100001d2                unhandled_user_irq_num_in_r0
 *(.binary_info_header)
 .binary_info_header
                0x100001d4       0x14 CMakeFiles/MorsePCB.dir/pico-sdk/src/rp2_common/pico_standard_link/crt0.S.obj
                0x100001e8                        __binary_info_header_end = .
 *(.reset)
 .reset         0x100001e8       0xa0 CMakeFiles/MorsePCB.dir/pico-sdk/src/rp2_common/pico_standard_link/crt0.S.obj
                0x100001e8                _entry_point
 .reset         0x10000288       0x30 CMakeFiles/MorsePCB.dir/pico-sdk/src/rp2_common/pico_standard_link/binary_info.c.obj
 *(.init)
 .init          0x100002b8        0x4 /usr/lib/gcc/arm-none-eabi/12.2.0/thumb/v6-m/nofp/crti.o
                0x100002b8                _init
 *(EXCLUDE_FILE(*libm.a: *libc.a:*lib_a-mem*.o *libgcc.a:) .text*)
 .text          0x100002bc       0x98 /usr/lib/gcc/arm-none-eabi/12.2.0/thumb/v6-m/nofp/crtbegin.o
 .text.gpio_callback
                0x10000354       0x38 CMakeFiles/MorsePCB.dir/src/test.c.obj
                0x10000354                gpio_callback
 .text.main     0x1000038c       0x30 CMakeFiles/MorsePCB.dir/src/test.c.obj
                0x1000038c                main
 .text.gpio_set_function
                0x100003bc       0x30 CMakeFiles/MorsePCB.dir/pico-sdk/src/rp2_common/hardware_gpio/gpio.c.obj
                0x100003bc                gpio_set_function
 .text.gpio_set_irq_callback
                0x100003ec       0x48 CMakeFiles/MorsePCB.dir/pico-sdk/src/rp2_common/hardware_gpio/gpio.c.obj
                0x100003ec                gpio_set_irq_callback
 .text.gpio_acknowledge_irq
                0x10000434       0x18 CMakeFiles/MorsePCB.dir/pico-sdk/src/rp2_common/hardware_gpio/gpio.c.obj
                0x10000434                gpio_acknowledge_irq
 .text._gpio_set_irq_enabled
                0x1000044c       0x34 CMakeFiles/MorsePCB.dir/pico-sdk/src/rp2_common/hardware_gpio/gpio.c.obj
 .text.gpio_set_irq_enabled
                0x10000480       0x20 CMakeFiles/MorsePCB.dir/pico-sdk/src/rp2_common/hardware_gpio/gpio.c.obj
                0x10000480                gpio_set_irq_enabled
 .text.gpio_set_irq_enabled_with_callback
                0x100004a0       0x20 CMakeFiles/MorsePCB.dir/pico-sdk/src/rp2_common/hardware_gpio/gpio.c.obj
                0x100004a0                gpio_set_irq_enabled_with_callback
 .text.gpio_default_irq_handler
                0x100004c0       0x98 CMakeFiles/MorsePCB.dir/pico-sdk/src/rp2_common/hardware_gpio/gpio.c.obj
 .text.gpio_init
                0x10000558       0x16 CMakeFiles/MorsePCB.dir/pico-sdk/src/rp2_common/hardware_gpio/gpio.c.obj
                0x10000558                gpio_init
 *fill*         0x1000056e        0x2 
 .text.running_on_fpga
                0x10000570       0x14 CMakeFiles/MorsePCB.dir/pico-sdk/src/rp2_common/pico_platform/platform.c.obj
                0x10000570                running_on_fpga
 .text.hw_claim_lock
                0x10000584       0x18 CMakeFiles/MorsePCB.dir/pico-sdk/src/rp2_common/hardware_claim/claim.c.obj
                0x10000584                hw_claim_lock
 .text.hw_claim_unlock
                0x1000059c       0x14 CMakeFiles/MorsePCB.dir/pico-sdk/src/rp2_common/hardware_claim/claim.c.obj
                0x1000059c                hw_claim_unlock
 .text.hw_claim_or_assert
                0x100005b0       0x32 CMakeFiles/MorsePCB.dir/pico-sdk/src/rp2_common/hardware_claim/claim.c.obj
                0x100005b0                hw_claim_or_assert
 .text.hw_claim_unused_from_range
                0x100005e2       0x50 CMakeFiles/MorsePCB.dir/pico-sdk/src/rp2_common/hardware_claim/claim.c.obj
                0x100005e2                hw_claim_unused_from_range
 *fill*         0x10000632        0x2 
 .text.spin_locks_reset
                0x10000634       0x20 CMakeFiles/MorsePCB.dir/pico-sdk/src/rp2_common/hardware_sync/sync.c.obj
                0x10000634                spin_locks_reset
 .text.next_striped_spin_lock_num
                0x10000654       0x1c CMakeFiles/MorsePCB.dir/pico-sdk/src/rp2_common/hardware_sync/sync.c.obj
                0x10000654                next_striped_spin_lock_num
 .text.spin_lock_claim_unused
                0x10000670       0x24 CMakeFiles/MorsePCB.dir/pico-sdk/src/rp2_common/hardware_sync/sync.c.obj
                0x10000670                spin_lock_claim_unused
 .text.set_raw_irq_handler_and_unlock
                0x10000694       0x28 CMakeFiles/MorsePCB.dir/pico-sdk/src/rp2_common/hardware_irq/irq.c.obj
 .text.resolve_branch
                0x100006bc       0x30 CMakeFiles/MorsePCB.dir/pico-sdk/src/rp2_common/hardware_irq/irq.c.obj
 .text.make_branch
                0x100006ec       0x48 CMakeFiles/MorsePCB.dir/pico-sdk/src/rp2_common/hardware_irq/irq.c.obj
 .text.insert_branch_and_link
                0x10000734       0x40 CMakeFiles/MorsePCB.dir/pico-sdk/src/rp2_common/hardware_irq/irq.c.obj
 .text.irq_is_enabled
                0x10000774       0x18 CMakeFiles/MorsePCB.dir/pico-sdk/src/rp2_common/hardware_irq/irq.c.obj
                0x10000774                irq_is_enabled
 .text.irq_set_mask_enabled
                0x1000078c       0x20 CMakeFiles/MorsePCB.dir/pico-sdk/src/rp2_common/hardware_irq/irq.c.obj
                0x1000078c                irq_set_mask_enabled
 .text.irq_set_enabled
                0x100007ac        0xe CMakeFiles/MorsePCB.dir/pico-sdk/src/rp2_common/hardware_irq/irq.c.obj
                0x100007ac                irq_set_enabled
 *fill*         0x100007ba        0x2 
 .text.irq_set_pending
                0x100007bc       0x10 CMakeFiles/MorsePCB.dir/pico-sdk/src/rp2_common/hardware_irq/irq.c.obj
                0x100007bc                irq_set_pending
 .text.irq_get_vtable_handler
                0x100007cc       0x10 CMakeFiles/MorsePCB.dir/pico-sdk/src/rp2_common/hardware_irq/irq.c.obj
                0x100007cc                irq_get_vtable_handler
 .text.irq_has_shared_handler
                0x100007dc       0x24 CMakeFiles/MorsePCB.dir/pico-sdk/src/rp2_common/hardware_irq/irq.c.obj
                0x100007dc                irq_has_shared_handler
 .text.irq_set_exclusive_handler
                0x10000800       0x54 CMakeFiles/MorsePCB.dir/pico-sdk/src/rp2_common/hardware_irq/irq.c.obj
                0x10000800                irq_set_exclusive_handler
 .text.irq_add_shared_handler
                0x10000854      0x210 CMakeFiles/MorsePCB.dir/pico-sdk/src/rp2_common/hardware_irq/irq.c.obj
                0x10000854                irq_add_shared_handler
 .text.irq_remove_handler
                0x10000a64      0x188 CMakeFiles/MorsePCB.dir/pico-sdk/src/rp2_common/hardware_irq/irq.c.obj
                0x10000a64                irq_remove_handler
 .text.irq_add_tail_to_free_list
                0x10000bec       0xf0 CMakeFiles/MorsePCB.dir/pico-sdk/src/rp2_common/hardware_irq/irq.c.obj
                0x10000bec                irq_add_tail_to_free_list
 .text.irq_init_priorities
                0x10000cdc       0x1c CMakeFiles/MorsePCB.dir/pico-sdk/src/rp2_common/hardware_irq/irq.c.obj
                0x10000cdc                irq_init_priorities
 .text.user_irq_claim_unused
                0x10000cf8       0x2c CMakeFiles/MorsePCB.dir/pico-sdk/src/rp2_common/hardware_irq/irq.c.obj
                0x10000cf8                user_irq_claim_unused
 .text.lock_init
                0x10000d24       0x10 CMakeFiles/MorsePCB.dir/pico-sdk/src/common/pico_sync/lock_core.c.obj
                0x10000d24                lock_init
 .text.update_us_since_boot
                0x10000d34       0x24 CMakeFiles/MorsePCB.dir/pico-sdk/src/common/pico_sync/mutex.c.obj
 .text.delayed_by_ms
                0x10000d58       0x44 CMakeFiles/MorsePCB.dir/pico-sdk/src/common/pico_sync/mutex.c.obj
 .text.get_absolute_time
                0x10000d9c       0x22 CMakeFiles/MorsePCB.dir/pico-sdk/src/common/pico_sync/mutex.c.obj
 .text.make_timeout_time_ms
                0x10000dbe       0x20 CMakeFiles/MorsePCB.dir/pico-sdk/src/common/pico_sync/mutex.c.obj
 .text.mutex_init
                0x10000dde       0x1a CMakeFiles/MorsePCB.dir/pico-sdk/src/common/pico_sync/mutex.c.obj
                0x10000dde                mutex_init
 .text.recursive_mutex_init
                0x10000df8       0x1e CMakeFiles/MorsePCB.dir/pico-sdk/src/common/pico_sync/mutex.c.obj
                0x10000df8                recursive_mutex_init
 *fill*         0x10000e16        0x2 
 .text.critical_section_init_with_lock_num
                0x10000e18       0x14 CMakeFiles/MorsePCB.dir/pico-sdk/src/common/pico_sync/critical_section.c.obj
                0x10000e18                critical_section_init_with_lock_num
 .text.critical_section_init
                0x10000e2c       0x14 CMakeFiles/MorsePCB.dir/pico-sdk/src/common/pico_sync/critical_section.c.obj
                0x10000e2c                critical_section_init
 .text.time_reached
                0x10000e40       0x28 CMakeFiles/MorsePCB.dir/pico-sdk/src/common/pico_time/time.c.obj
 .text.get_entry
                0x10000e68       0x38 CMakeFiles/MorsePCB.dir/pico-sdk/src/common/pico_time/time.c.obj
 .text.timer_pool_entry_comparator
                0x10000ea0       0x2e CMakeFiles/MorsePCB.dir/pico-sdk/src/common/pico_time/time.c.obj
                0x10000ea0                timer_pool_entry_comparator
 *fill*         0x10000ece        0x2 
 .text.update_us_since_boot
                0x10000ed0       0x24 CMakeFiles/MorsePCB.dir/pico-sdk/src/common/pico_time/time.c.obj
 .text.delayed_by_us
                0x10000ef4       0x34 CMakeFiles/MorsePCB.dir/pico-sdk/src/common/pico_time/time.c.obj
 .text.ph_get_node
                0x10000f28       0x30 CMakeFiles/MorsePCB.dir/pico-sdk/src/common/pico_time/time.c.obj
 .text.ph_contains_node
                0x10000f58       0x1e CMakeFiles/MorsePCB.dir/pico-sdk/src/common/pico_time/time.c.obj
 .text.ph_new_node
                0x10000f76       0x28 CMakeFiles/MorsePCB.dir/pico-sdk/src/common/pico_time/time.c.obj
 *fill*         0x10000f9e        0x2 
 .text.ph_add_child_node
                0x10000fa0       0x6c CMakeFiles/MorsePCB.dir/pico-sdk/src/common/pico_time/time.c.obj
 .text.ph_merge_nodes
                0x1000100c       0x3e CMakeFiles/MorsePCB.dir/pico-sdk/src/common/pico_time/time.c.obj
 *fill*         0x1000104a        0x2 
 .text.ph_insert_node
                0x1000104c       0x3c CMakeFiles/MorsePCB.dir/pico-sdk/src/common/pico_time/time.c.obj
 .text.ph_free_node
                0x10001088       0x5c CMakeFiles/MorsePCB.dir/pico-sdk/src/common/pico_time/time.c.obj
 .text.get_entry_id_high
                0x100010e4       0x30 CMakeFiles/MorsePCB.dir/pico-sdk/src/common/pico_time/time.c.obj
 .text.alarm_pool_post_alloc_init
                0x10001114       0x40 CMakeFiles/MorsePCB.dir/pico-sdk/src/common/pico_time/time.c.obj
 .text.sleep_until_callback
                0x10001154       0x30 CMakeFiles/MorsePCB.dir/pico-sdk/src/common/pico_time/time.c.obj
 .text.get_absolute_time
                0x10001184       0x22 CMakeFiles/MorsePCB.dir/pico-sdk/src/common/pico_time/time.c.obj
 *fill*         0x100011a6        0x2 
 .text.add_alarm_under_lock
                0x100011a8       0x94 CMakeFiles/MorsePCB.dir/pico-sdk/src/common/pico_time/time.c.obj
 .text.alarm_pool_alarm_callback
                0x1000123c      0x210 CMakeFiles/MorsePCB.dir/pico-sdk/src/common/pico_time/time.c.obj
 .text.alarm_pool_init_default
                0x1000144c       0x40 CMakeFiles/MorsePCB.dir/pico-sdk/src/common/pico_time/time.c.obj
                0x1000144c                alarm_pool_init_default
 .text.alarm_pool_get_default
                0x1000148c       0x2c CMakeFiles/MorsePCB.dir/pico-sdk/src/common/pico_time/time.c.obj
                0x1000148c                alarm_pool_get_default
 .text.alarm_pool_add_alarm_at
                0x100014b8      0x10e CMakeFiles/MorsePCB.dir/pico-sdk/src/common/pico_time/time.c.obj
                0x100014b8                alarm_pool_add_alarm_at
 .text.add_alarm_at
                0x100015c6       0x2e CMakeFiles/MorsePCB.dir/pico-sdk/src/common/pico_time/time.c.obj
 .text.alarm_pool_cancel_alarm
                0x100015f4       0xa8 CMakeFiles/MorsePCB.dir/pico-sdk/src/common/pico_time/time.c.obj
                0x100015f4                alarm_pool_cancel_alarm
 .text.cancel_alarm
                0x1000169c       0x10 CMakeFiles/MorsePCB.dir/pico-sdk/src/common/pico_time/time.c.obj
 .text.alarm_pool_core_num
                0x100016ac        0x4 CMakeFiles/MorsePCB.dir/pico-sdk/src/common/pico_time/time.c.obj
                0x100016ac                alarm_pool_core_num
 .text.best_effort_wfe_or_timeout
                0x100016b0       0x44 CMakeFiles/MorsePCB.dir/pico-sdk/src/common/pico_time/time.c.obj
                0x100016b0                best_effort_wfe_or_timeout
 .text.hardware_alarm_irq_handler
                0x100016f4       0x8c CMakeFiles/MorsePCB.dir/pico-sdk/src/rp2_common/hardware_timer/timer.c.obj
 .text.hardware_alarm_claim
                0x10001780       0x18 CMakeFiles/MorsePCB.dir/pico-sdk/src/rp2_common/hardware_timer/timer.c.obj
                0x10001780                hardware_alarm_claim
 .text.time_us_64
                0x10001798       0x18 CMakeFiles/MorsePCB.dir/pico-sdk/src/rp2_common/hardware_timer/timer.c.obj
                0x10001798                time_us_64
 .text.hardware_alarm_set_callback
                0x100017b0       0x90 CMakeFiles/MorsePCB.dir/pico-sdk/src/rp2_common/hardware_timer/timer.c.obj
                0x100017b0                hardware_alarm_set_callback
 .text.hardware_alarm_set_target
                0x10001840       0xe8 CMakeFiles/MorsePCB.dir/pico-sdk/src/rp2_common/hardware_timer/timer.c.obj
                0x10001840                hardware_alarm_set_target
 .text.hardware_alarm_cancel
                0x10001928       0x40 CMakeFiles/MorsePCB.dir/pico-sdk/src/rp2_common/hardware_timer/timer.c.obj
                0x10001928                hardware_alarm_cancel
 .text.ph_get_node
                0x10001968       0x30 CMakeFiles/MorsePCB.dir/pico-sdk/src/common/pico_util/pheap.c.obj
 .text.ph_add_child_node
                0x10001998       0x6c CMakeFiles/MorsePCB.dir/pico-sdk/src/common/pico_util/pheap.c.obj
 .text.ph_merge_nodes
                0x10001a04       0x3e CMakeFiles/MorsePCB.dir/pico-sdk/src/common/pico_util/pheap.c.obj
 .text.ph_clear
                0x10001a42       0x34 CMakeFiles/MorsePCB.dir/pico-sdk/src/common/pico_util/pheap.c.obj
                0x10001a42                ph_clear
 .text.ph_post_alloc_init
                0x10001a76        0xe CMakeFiles/MorsePCB.dir/pico-sdk/src/common/pico_util/pheap.c.obj
                0x10001a76                ph_post_alloc_init
 .text.ph_merge_two_pass
                0x10001a84       0x5c CMakeFiles/MorsePCB.dir/pico-sdk/src/common/pico_util/pheap.c.obj
                0x10001a84                ph_merge_two_pass
 .text.ph_remove_any_head
                0x10001ae0       0xc0 CMakeFiles/MorsePCB.dir/pico-sdk/src/common/pico_util/pheap.c.obj
 .text.ph_remove_head
                0x10001ba0       0x14 CMakeFiles/MorsePCB.dir/pico-sdk/src/common/pico_util/pheap.c.obj
                0x10001ba0                ph_remove_head
 .text.ph_remove_and_free_node
                0x10001bb4       0xa0 CMakeFiles/MorsePCB.dir/pico-sdk/src/common/pico_util/pheap.c.obj
                0x10001bb4                ph_remove_and_free_node
 .text.clock_configure
                0x10001c54      0x108 CMakeFiles/MorsePCB.dir/pico-sdk/src/rp2_common/hardware_clocks/clocks.c.obj
                0x10001c54                clock_configure
 .text.clocks_init
                0x10001d5c      0x100 CMakeFiles/MorsePCB.dir/pico-sdk/src/rp2_common/hardware_clocks/clocks.c.obj
                0x10001d5c                clocks_init
 .text.pll_init
                0x10001e5c      0x120 CMakeFiles/MorsePCB.dir/pico-sdk/src/rp2_common/hardware_pll/pll.c.obj
                0x10001e5c                pll_init
 .text.watchdog_start_tick
                0x10001f7c       0x10 CMakeFiles/MorsePCB.dir/pico-sdk/src/rp2_common/hardware_watchdog/watchdog.c.obj
                0x10001f7c                watchdog_start_tick
 .text.watchdog_update
                0x10001f8c       0x14 CMakeFiles/MorsePCB.dir/pico-sdk/src/rp2_common/hardware_watchdog/watchdog.c.obj
                0x10001f8c                watchdog_update
 .text._watchdog_enable
                0x10001fa0       0x78 CMakeFiles/MorsePCB.dir/pico-sdk/src/rp2_common/hardware_watchdog/watchdog.c.obj
                0x10001fa0                _watchdog_enable
 .text.watchdog_reboot
                0x10002018       0x48 CMakeFiles/MorsePCB.dir/pico-sdk/src/rp2_common/hardware_watchdog/watchdog.c.obj
                0x10002018                watchdog_reboot
 .text.xosc_init
                0x10002060       0x28 CMakeFiles/MorsePCB.dir/pico-sdk/src/rp2_common/hardware_xosc/xosc.c.obj
                0x10002060                xosc_init
 .text._exit    0x10002088        0x4 CMakeFiles/MorsePCB.dir/pico-sdk/src/rp2_common/pico_runtime/runtime.c.obj
                0x10002088                _exit
 .text.exit     0x1000208c        0x6 CMakeFiles/MorsePCB.dir/pico-sdk/src/rp2_common/pico_runtime/runtime.c.obj
                0x1000208c                exit
 *fill*         0x10002092        0x2 
 .text.__assert_func
                0x10002094       0x38 CMakeFiles/MorsePCB.dir/pico-sdk/src/rp2_common/pico_runtime/runtime.c.obj
                0x10002094                __assert_func
 .text.runtime_init
                0x100020cc       0xf8 CMakeFiles/MorsePCB.dir/pico-sdk/src/rp2_common/pico_runtime/runtime.c.obj
                0x100020cc                runtime_init
 .text.panic    0x100021c4       0x30 CMakeFiles/MorsePCB.dir/pico-sdk/src/rp2_common/pico_runtime/runtime.c.obj
                0x100021c4                panic
 .text._out_null
                0x100021f4        0x2 CMakeFiles/MorsePCB.dir/pico-sdk/src/rp2_common/pico_printf/printf.c.obj
 .text._out_fct
                0x100021f6        0xe CMakeFiles/MorsePCB.dir/pico-sdk/src/rp2_common/pico_printf/printf.c.obj
 .text._atoi    0x10002204       0x24 CMakeFiles/MorsePCB.dir/pico-sdk/src/rp2_common/pico_printf/printf.c.obj
 .text._out_rev
                0x10002228       0xae CMakeFiles/MorsePCB.dir/pico-sdk/src/rp2_common/pico_printf/printf.c.obj
 .text._ntoa_format
                0x100022d6      0x110 CMakeFiles/MorsePCB.dir/pico-sdk/src/rp2_common/pico_printf/printf.c.obj
 .text._ntoa_long
                0x100023e6       0xbc CMakeFiles/MorsePCB.dir/pico-sdk/src/rp2_common/pico_printf/printf.c.obj
 .text._ntoa_long_long
                0x100024a2      0x10e CMakeFiles/MorsePCB.dir/pico-sdk/src/rp2_common/pico_printf/printf.c.obj
 .text._etoa    0x100025b0      0x420 CMakeFiles/MorsePCB.dir/pico-sdk/src/rp2_common/pico_printf/printf.c.obj
 .text._ftoa    0x100029d0      0x354 CMakeFiles/MorsePCB.dir/pico-sdk/src/rp2_common/pico_printf/printf.c.obj
 .text._vsnprintf
                0x10002d24      0x65c CMakeFiles/MorsePCB.dir/pico-sdk/src/rp2_common/pico_printf/printf.c.obj
 .text.vfctprintf
                0x10003380       0x20 CMakeFiles/MorsePCB.dir/pico-sdk/src/rp2_common/pico_printf/printf.c.obj
                0x10003380                vfctprintf
 .text          0x100033a0       0x10 CMakeFiles/MorsePCB.dir/pico-sdk/src/rp2_common/pico_bit_ops/bit_ops_aeabi.S.obj
 .text.rom_func_lookup
                0x100033b0       0x10 CMakeFiles/MorsePCB.dir/pico-sdk/src/rp2_common/pico_bootrom/bootrom.c.obj
                0x100033b0                rom_func_lookup
 .text.rom_data_lookup
                0x100033c0       0x10 CMakeFiles/MorsePCB.dir/pico-sdk/src/rp2_common/pico_bootrom/bootrom.c.obj
                0x100033c0                rom_data_lookup
 .text.rom_funcs_lookup
                0x100033d0       0x36 CMakeFiles/MorsePCB.dir/pico-sdk/src/rp2_common/pico_bootrom/bootrom.c.obj
                0x100033d0                rom_funcs_lookup
 *fill*         0x10003406        0x2 
 .text.__wrap___aeabi_idiv
                0x10003408       0x50 CMakeFiles/MorsePCB.dir/pico-sdk/src/rp2_common/pico_divider/divider.S.obj
                0x10003408                __wrap___aeabi_idivmod
                0x10003408                divmod_s32s32
                0x10003408                div_s32s32
                0x10003408                __wrap___aeabi_idiv
                0x10003410                divmod_s32s32_unsafe
                0x1000343c                divmod_s32s32_savestate
 .text.__wrap___aeabi_uidiv
                0x10003458       0x4c CMakeFiles/MorsePCB.dir/pico-sdk/src/rp2_common/pico_divider/divider.S.obj
                0x10003458                __wrap___aeabi_uidiv
                0x10003458                __wrap___aeabi_uidivmod
                0x10003458                div_u32u32
                0x10003458                divmod_u32u32
                0x10003460                divmod_u32u32_unsafe
                0x10003488                divmod_u32u32_savestate
 .text.__wrap___aeabi_ldiv
                0x100034a4      0x424 CMakeFiles/MorsePCB.dir/pico-sdk/src/rp2_common/pico_divider/divider.S.obj
                0x100034a4                div_s64s64
                0x100034a4                divmod_s64s64
                0x100034a4                __wrap___aeabi_ldivmod
                0x100034d4                div_u64u64
                0x100034d4                divmod_u64u64
                0x100034d4                __wrap___aeabi_uldivmod
                0x100034e4                divmod_u64u64_savestate
                0x10003504                divmod_s64s64_unsafe
                0x1000358c                divmod_u64u64_unsafe
 .text.__wrap___aeabi_darithmetic
                0x100038c8       0x80 CMakeFiles/MorsePCB.dir/pico-sdk/src/rp2_common/pico_double/double_aeabi.S.obj
                0x100038c8                __wrap___aeabi_drsub
                0x100038ce                __wrap___aeabi_dsub
                0x100038e0                __wrap___aeabi_dadd
                0x100038f2                __wrap___aeabi_ddiv
                0x1000392e                __wrap___aeabi_dmul
 .text.__wrap___aeabi_cdcmple
                0x10003948       0x6c CMakeFiles/MorsePCB.dir/pico-sdk/src/rp2_common/pico_double/double_aeabi.S.obj
                0x10003948                __wrap___aeabi_cdrcmple
                0x10003958                __wrap___aeabi_cdcmple
                0x10003958                __wrap___aeabi_cdcmpeq
 .text.__wrap___aeabi_dcmplt
                0x100039b4        0xc CMakeFiles/MorsePCB.dir/pico-sdk/src/rp2_common/pico_double/double_aeabi.S.obj
                0x100039b4                __wrap___aeabi_dcmplt
 .text.__wrap___aeabi_dcmple
                0x100039c0       0x10 CMakeFiles/MorsePCB.dir/pico-sdk/src/rp2_common/pico_double/double_aeabi.S.obj
                0x100039c0                __wrap___aeabi_dcmple
 .text.__wrap___aeabi_dcmpge
                0x100039d0       0x10 CMakeFiles/MorsePCB.dir/pico-sdk/src/rp2_common/pico_double/double_aeabi.S.obj
                0x100039d0                __wrap___aeabi_dcmpge
 .text.__wrap___aeabi_dcmpgt
                0x100039e0        0xa CMakeFiles/MorsePCB.dir/pico-sdk/src/rp2_common/pico_double/double_aeabi.S.obj
                0x100039e0                __wrap___aeabi_dcmpgt
 .text.__wrap___aeabi_dcmpun
                0x100039ea       0x1c CMakeFiles/MorsePCB.dir/pico-sdk/src/rp2_common/pico_double/double_aeabi.S.obj
                0x100039ea                __wrap___aeabi_dcmpun
 *fill*         0x10003a06        0x2 
 .text.__wrap___aeabi_i2d
                0x10003a08       0x38 CMakeFiles/MorsePCB.dir/pico-sdk/src/rp2_common/pico_double/double_aeabi.S.obj
                0x10003a08                __wrap___aeabi_ui2d
                0x10003a10                __wrap___aeabi_i2d
 .text.__wrap___aeabi_d2iz
                0x10003a40       0x48 CMakeFiles/MorsePCB.dir/pico-sdk/src/rp2_common/pico_double/double_aeabi.S.obj
                0x10003a40                __wrap___aeabi_d2iz
                0x10003a40                double2int_z
 .text.__wrap___aeabi_d2uiz
                0x10003a88       0x18 CMakeFiles/MorsePCB.dir/pico-sdk/src/rp2_common/pico_double/double_aeabi.S.obj
                0x10003a88                double2uint
                0x10003a88                __wrap___aeabi_d2uiz
 .text.__aeabi_double_init
                0x10003aa0       0xcc CMakeFiles/MorsePCB.dir/pico-sdk/src/rp2_common/pico_double/double_init_rom.c.obj
                0x10003aa0                __aeabi_double_init
 .text.double_table_shim_on_use_helper
                0x10003b6c       0x34 CMakeFiles/MorsePCB.dir/pico-sdk/src/rp2_common/pico_double/double_v1_rom_shim.S.obj
                0x10003b6c                double_table_shim_on_use_helper
 .text.__wrap___aeabi_dsub
                0x10003ba0       0x10 CMakeFiles/MorsePCB.dir/pico-sdk/src/rp2_common/pico_double/double_v1_rom_shim.S.obj
                0x10003ba0                drsub_shim
                0x10003ba6                dsub_shim
 .text.dadd_shim
                0x10003bb0      0x15c CMakeFiles/MorsePCB.dir/pico-sdk/src/rp2_common/pico_double/double_v1_rom_shim.S.obj
                0x10003bb0                dadd_shim
 .text.dmul_shim
                0x10003d0c      0x15c CMakeFiles/MorsePCB.dir/pico-sdk/src/rp2_common/pico_double/double_v1_rom_shim.S.obj
                0x10003d0c                dmul_shim
 .text.ddiv_shim
                0x10003e68      0x1b0 CMakeFiles/MorsePCB.dir/pico-sdk/src/rp2_common/pico_double/double_v1_rom_shim.S.obj
                0x10003e68                ddiv_shim
 .text.double2uint_shim
                0x10004018        0xe CMakeFiles/MorsePCB.dir/pico-sdk/src/rp2_common/pico_double/double_v1_rom_shim.S.obj
                0x10004018                double2uint_shim
                0x1000401a                double2ufix_shim
 *fill*         0x10004026        0x2 
 .text.double2uint64_shim
                0x10004028       0x70 CMakeFiles/MorsePCB.dir/pico-sdk/src/rp2_common/pico_double/double_v1_rom_shim.S.obj
                0x10004028                double2uint64_shim
                0x1000402a                double2ufix64_shim
                0x1000404a                d2fix_a
 .text.dunpacks
                0x10004098       0x3c CMakeFiles/MorsePCB.dir/pico-sdk/src/rp2_common/pico_double/double_v1_rom_shim.S.obj
                0x10004098                dunpacks
 .text.__aeabi_lmul
                0x100040d4       0x32 CMakeFiles/MorsePCB.dir/pico-sdk/src/rp2_common/pico_int64_ops/pico_int64_ops_aeabi.S.obj
                0x100040d4                __wrap___aeabi_lmul
 *fill*         0x10004106        0x2 
 .text.__aeabi_float_init
                0x10004108       0xfc CMakeFiles/MorsePCB.dir/pico-sdk/src/rp2_common/pico_float/float_init_rom.c.obj
                0x10004108                __aeabi_float_init
 .text.float_table_shim_on_use_helper
                0x10004204       0x34 CMakeFiles/MorsePCB.dir/pico-sdk/src/rp2_common/pico_float/float_v1_rom_shim.S.obj
                0x10004204                float_table_shim_on_use_helper
 .text          0x10004238       0x10 CMakeFiles/MorsePCB.dir/pico-sdk/src/rp2_common/pico_mem_ops/mem_ops_aeabi.S.obj
                0x10004238                __aeabi_mem_init
 .text.memset   0x10004248        0xc CMakeFiles/MorsePCB.dir/pico-sdk/src/rp2_common/pico_mem_ops/mem_ops_aeabi.S.obj
                0x10004248                __wrap_memset
 .text.memcpy   0x10004254        0xc CMakeFiles/MorsePCB.dir/pico-sdk/src/rp2_common/pico_mem_ops/mem_ops_aeabi.S.obj
                0x10004254                __wrap___aeabi_memcpy
                0x10004254                __wrap_memcpy
 .text.stdio_out_chars_no_crlf
                0x10004260        0xe CMakeFiles/MorsePCB.dir/pico-sdk/src/rp2_common/pico_stdio/stdio.c.obj
 *fill*         0x1000426e        0x2 
 .text.stdio_out_chars_crlf
                0x10004270       0x80 CMakeFiles/MorsePCB.dir/pico-sdk/src/rp2_common/pico_stdio/stdio.c.obj
 .text.stdio_stack_buffer_flush
                0x100042f0       0x44 CMakeFiles/MorsePCB.dir/pico-sdk/src/rp2_common/pico_stdio/stdio.c.obj
 .text.stdio_buffered_printer
                0x10004334       0x20 CMakeFiles/MorsePCB.dir/pico-sdk/src/rp2_common/pico_stdio/stdio.c.obj
 .text.update_us_since_boot
                0x10004354       0x24 CMakeFiles/MorsePCB.dir/pico-sdk/src/rp2_common/pico_stdio/stdio.c.obj
 .text.get_absolute_time
                0x10004378       0x22 CMakeFiles/MorsePCB.dir/pico-sdk/src/rp2_common/pico_stdio/stdio.c.obj
 *fill*         0x1000439a        0x2 
 .text.delayed_by_ms
                0x1000439c       0x44 CMakeFiles/MorsePCB.dir/pico-sdk/src/rp2_common/pico_stdio/stdio.c.obj
 .text.make_timeout_time_ms
                0x100043e0       0x20 CMakeFiles/MorsePCB.dir/pico-sdk/src/rp2_common/pico_stdio/stdio.c.obj
 .text.stdout_serialize_begin
                0x10004400       0x20 CMakeFiles/MorsePCB.dir/pico-sdk/src/rp2_common/pico_stdio/stdio.c.obj
                0x10004400                stdout_serialize_begin
 .text.stdout_serialize_end
                0x10004420       0x10 CMakeFiles/MorsePCB.dir/pico-sdk/src/rp2_common/pico_stdio/stdio.c.obj
                0x10004420                stdout_serialize_end
 .text.stdio_put_string
                0x10004430       0x98 CMakeFiles/MorsePCB.dir/pico-sdk/src/rp2_common/pico_stdio/stdio.c.obj
 .text.stdio_set_driver_enabled
                0x100044c8       0x2c CMakeFiles/MorsePCB.dir/pico-sdk/src/rp2_common/pico_stdio/stdio.c.obj
                0x100044c8                stdio_set_driver_enabled
 .text.stdio_flush
                0x100044f4       0x20 CMakeFiles/MorsePCB.dir/pico-sdk/src/rp2_common/pico_stdio/stdio.c.obj
                0x100044f4                stdio_flush
 .text.__wrap_puts
                0x10004514       0x1e CMakeFiles/MorsePCB.dir/pico-sdk/src/rp2_common/pico_stdio/stdio.c.obj
                0x10004514                __wrap_puts
 *fill*         0x10004532        0x2 
 .text.__wrap_vprintf
                0x10004534       0x40 CMakeFiles/MorsePCB.dir/pico-sdk/src/rp2_common/pico_stdio/stdio.c.obj
                0x10004534                __wrap_vprintf
 .text.__wrap_printf
                0x10004574       0x18 CMakeFiles/MorsePCB.dir/pico-sdk/src/rp2_common/pico_stdio/stdio.c.obj
                0x10004574                __wrap_printf
 .text.stdio_init_all
                0x1000458c        0x8 CMakeFiles/MorsePCB.dir/pico-sdk/src/rp2_common/pico_stdio/stdio.c.obj
                0x1000458c                stdio_init_all
 .text.resetd_init
                0x10004594        0x2 CMakeFiles/MorsePCB.dir/pico-sdk/src/rp2_common/pico_stdio_usb/reset_interface.c.obj
 *fill*         0x10004596        0x2 
 .text.resetd_reset
                0x10004598        0xc CMakeFiles/MorsePCB.dir/pico-sdk/src/rp2_common/pico_stdio_usb/reset_interface.c.obj
 .text.resetd_open
                0x100045a4       0x34 CMakeFiles/MorsePCB.dir/pico-sdk/src/rp2_common/pico_stdio_usb/reset_interface.c.obj
 .text.resetd_xfer_cb
                0x100045d8        0x4 CMakeFiles/MorsePCB.dir/pico-sdk/src/rp2_common/pico_stdio_usb/reset_interface.c.obj
 .text.reset_usb_boot
                0x100045dc       0x18 CMakeFiles/MorsePCB.dir/pico-sdk/src/rp2_common/pico_stdio_usb/reset_interface.c.obj
 .text.resetd_control_xfer_cb
                0x100045f4       0x5c CMakeFiles/MorsePCB.dir/pico-sdk/src/rp2_common/pico_stdio_usb/reset_interface.c.obj
 .text.usbd_app_driver_get_cb
                0x10004650        0xc CMakeFiles/MorsePCB.dir/pico-sdk/src/rp2_common/pico_stdio_usb/reset_interface.c.obj
                0x10004650                usbd_app_driver_get_cb
 .text.tud_cdc_line_coding_cb
                0x1000465c       0x28 CMakeFiles/MorsePCB.dir/pico-sdk/src/rp2_common/pico_stdio_usb/reset_interface.c.obj
                0x1000465c                tud_cdc_line_coding_cb
 .text.stdio_usb_set_chars_available_callback
                0x10004684       0x14 CMakeFiles/MorsePCB.dir/pico-sdk/src/rp2_common/pico_stdio_usb/stdio_usb.c.obj
                0x10004684                stdio_usb_set_chars_available_callback
 .text.update_us_since_boot
                0x10004698       0x24 CMakeFiles/MorsePCB.dir/pico-sdk/src/rp2_common/pico_stdio_usb/stdio_usb.c.obj
 .text.get_absolute_time
                0x100046bc       0x22 CMakeFiles/MorsePCB.dir/pico-sdk/src/rp2_common/pico_stdio_usb/stdio_usb.c.obj
 *fill*         0x100046de        0x2 
 .text.delayed_by_ms
                0x100046e0       0x44 CMakeFiles/MorsePCB.dir/pico-sdk/src/rp2_common/pico_stdio_usb/stdio_usb.c.obj
 .text.make_timeout_time_ms
                0x10004724       0x20 CMakeFiles/MorsePCB.dir/pico-sdk/src/rp2_common/pico_stdio_usb/stdio_usb.c.obj
 .text.delayed_by_us
                0x10004744       0x34 CMakeFiles/MorsePCB.dir/pico-sdk/src/rp2_common/pico_stdio_usb/stdio_usb.c.obj
 .text.usb_irq  0x10004778       0x10 CMakeFiles/MorsePCB.dir/pico-sdk/src/rp2_common/pico_stdio_usb/stdio_usb.c.obj
 .text.critical_section_enter_blocking
                0x10004788       0x16 CMakeFiles/MorsePCB.dir/pico-sdk/src/rp2_common/pico_stdio_usb/stdio_usb.c.obj
 *fill*         0x1000479e        0x2 
 .text.timer_task
                0x100047a0       0x4c CMakeFiles/MorsePCB.dir/pico-sdk/src/rp2_common/pico_stdio_usb/stdio_usb.c.obj
 .text.alarm_pool_add_alarm_in_us
                0x100047ec       0x3a CMakeFiles/MorsePCB.dir/pico-sdk/src/rp2_common/pico_stdio_usb/stdio_usb.c.obj
 .text.add_alarm_in_us
                0x10004826       0x2e CMakeFiles/MorsePCB.dir/pico-sdk/src/rp2_common/pico_stdio_usb/stdio_usb.c.obj
 .text.low_priority_worker_irq
                0x10004854       0x7c CMakeFiles/MorsePCB.dir/pico-sdk/src/rp2_common/pico_stdio_usb/stdio_usb.c.obj
 .text.tud_cdc_rx_cb
                0x100048d0       0x20 CMakeFiles/MorsePCB.dir/pico-sdk/src/rp2_common/pico_stdio_usb/stdio_usb.c.obj
                0x100048d0                tud_cdc_rx_cb
 .text.stdio_usb_init
                0x100048f0       0xd0 CMakeFiles/MorsePCB.dir/pico-sdk/src/rp2_common/pico_stdio_usb/stdio_usb.c.obj
                0x100048f0                stdio_usb_init
 .text.stdio_usb_connected
                0x100049c0        0xa CMakeFiles/MorsePCB.dir/pico-sdk/src/rp2_common/pico_stdio_usb/stdio_usb.c.obj
                0x100049c0                stdio_usb_connected
 *fill*         0x100049ca        0x2 
 .text.stdio_usb_in_chars
                0x100049cc       0x88 CMakeFiles/MorsePCB.dir/pico-sdk/src/rp2_common/pico_stdio_usb/stdio_usb.c.obj
                0x100049cc                stdio_usb_in_chars
 .text.stdio_usb_out_chars
                0x10004a54       0xd8 CMakeFiles/MorsePCB.dir/pico-sdk/src/rp2_common/pico_stdio_usb/stdio_usb.c.obj
 .text.tud_descriptor_device_cb
                0x10004b2c        0x8 CMakeFiles/MorsePCB.dir/pico-sdk/src/rp2_common/pico_stdio_usb/stdio_usb_descriptors.c.obj
                0x10004b2c                tud_descriptor_device_cb
 .text.tud_descriptor_configuration_cb
                0x10004b34        0x8 CMakeFiles/MorsePCB.dir/pico-sdk/src/rp2_common/pico_stdio_usb/stdio_usb_descriptors.c.obj
                0x10004b34                tud_descriptor_configuration_cb
 .text.tud_descriptor_string_cb
                0x10004b3c       0x6c CMakeFiles/MorsePCB.dir/pico-sdk/src/rp2_common/pico_stdio_usb/stdio_usb_descriptors.c.obj
                0x10004b3c                tud_descriptor_string_cb
 .text._retrieve_unique_id_on_boot
                0x10004ba8       0x10 CMakeFiles/MorsePCB.dir/pico-sdk/src/rp2_common/pico_unique_id/unique_id.c.obj
 .text.pico_get_unique_board_id_string
                0x10004bb8       0x5c CMakeFiles/MorsePCB.dir/pico-sdk/src/rp2_common/pico_unique_id/unique_id.c.obj
                0x10004bb8                pico_get_unique_board_id_string
 .text.flash_get_unique_id
                0x10004c14       0x46 CMakeFiles/MorsePCB.dir/pico-sdk/src/rp2_common/hardware_flash/flash.c.obj
                0x10004c14                flash_get_unique_id
 *fill*         0x10004c5a        0x2 
 .text.hw_endpoint_get_by_addr
                0x10004c5c       0x18 CMakeFiles/MorsePCB.dir/pico-sdk/lib/tinyusb/src/portable/raspberrypi/rp2040/dcd_rp2040.c.obj
 .text._hw_endpoint_alloc
                0x10004c74       0x70 CMakeFiles/MorsePCB.dir/pico-sdk/lib/tinyusb/src/portable/raspberrypi/rp2040/dcd_rp2040.c.obj
 .text.hw_endpoint_init
                0x10004ce4       0x88 CMakeFiles/MorsePCB.dir/pico-sdk/lib/tinyusb/src/portable/raspberrypi/rp2040/dcd_rp2040.c.obj
 .text.dcd_event_sof
                0x10004d6c       0x2c CMakeFiles/MorsePCB.dir/pico-sdk/lib/tinyusb/src/portable/raspberrypi/rp2040/dcd_rp2040.c.obj
 .text.hw_endpoint_xfer
                0x10004d98       0x14 CMakeFiles/MorsePCB.dir/pico-sdk/lib/tinyusb/src/portable/raspberrypi/rp2040/dcd_rp2040.c.obj
 .text.dcd_int_enable
                0x10004dac       0x2c CMakeFiles/MorsePCB.dir/pico-sdk/lib/tinyusb/src/portable/raspberrypi/rp2040/dcd_rp2040.c.obj
                0x10004dac                dcd_int_enable
 .text.dcd_set_address
                0x10004dd8       0x2c CMakeFiles/MorsePCB.dir/pico-sdk/lib/tinyusb/src/portable/raspberrypi/rp2040/dcd_rp2040.c.obj
                0x10004dd8                dcd_set_address
 .text.dcd_connect
                0x10004e04       0x10 CMakeFiles/MorsePCB.dir/pico-sdk/lib/tinyusb/src/portable/raspberrypi/rp2040/dcd_rp2040.c.obj
                0x10004e04                dcd_connect
 .text.dcd_init
                0x10004e14       0x80 CMakeFiles/MorsePCB.dir/pico-sdk/lib/tinyusb/src/portable/raspberrypi/rp2040/dcd_rp2040.c.obj
                0x10004e14                dcd_init
 .text.dcd_edpt0_status_complete
                0x10004e94       0x1c CMakeFiles/MorsePCB.dir/pico-sdk/lib/tinyusb/src/portable/raspberrypi/rp2040/dcd_rp2040.c.obj
                0x10004e94                dcd_edpt0_status_complete
 .text.dcd_edpt_open
                0x10004eb0       0x40 CMakeFiles/MorsePCB.dir/pico-sdk/lib/tinyusb/src/portable/raspberrypi/rp2040/dcd_rp2040.c.obj
                0x10004eb0                dcd_edpt_open
 .text.dcd_edpt_close_all
                0x10004ef0        0x8 CMakeFiles/MorsePCB.dir/pico-sdk/lib/tinyusb/src/portable/raspberrypi/rp2040/dcd_rp2040.c.obj
                0x10004ef0                dcd_edpt_close_all
 .text.dcd_edpt_xfer
                0x10004ef8       0x34 CMakeFiles/MorsePCB.dir/pico-sdk/lib/tinyusb/src/portable/raspberrypi/rp2040/dcd_rp2040.c.obj
                0x10004ef8                dcd_edpt_xfer
 .text.dcd_edpt_stall
                0x10004f2c       0x2c CMakeFiles/MorsePCB.dir/pico-sdk/lib/tinyusb/src/portable/raspberrypi/rp2040/dcd_rp2040.c.obj
                0x10004f2c                dcd_edpt_stall
 .text.dcd_edpt_clear_stall
                0x10004f58       0x20 CMakeFiles/MorsePCB.dir/pico-sdk/lib/tinyusb/src/portable/raspberrypi/rp2040/dcd_rp2040.c.obj
                0x10004f58                dcd_edpt_clear_stall
 .text.rp2040_usb_init
                0x10004f78       0x4c CMakeFiles/MorsePCB.dir/pico-sdk/lib/tinyusb/src/portable/raspberrypi/rp2040/rp2040_usb.c.obj
                0x10004f78                rp2040_usb_init
 .text.hw_endpoint_xfer_start
                0x10004fc4       0x50 CMakeFiles/MorsePCB.dir/pico-sdk/lib/tinyusb/src/portable/raspberrypi/rp2040/rp2040_usb.c.obj
                0x10004fc4                hw_endpoint_xfer_start
 .text.configuration_reset
                0x10005014       0x84 CMakeFiles/MorsePCB.dir/pico-sdk/lib/tinyusb/src/device/usbd.c.obj
 .text.critical_section_enter_blocking
                0x10005098       0x16 CMakeFiles/MorsePCB.dir/pico-sdk/lib/tinyusb/src/device/usbd.c.obj
 .text.usbd_reset
                0x100050ae        0xc CMakeFiles/MorsePCB.dir/pico-sdk/lib/tinyusb/src/device/usbd.c.obj
 .text.invoke_class_control
                0x100050ba       0x1a CMakeFiles/MorsePCB.dir/pico-sdk/lib/tinyusb/src/device/usbd.c.obj
 .text.process_set_config
                0x100050d4      0x178 CMakeFiles/MorsePCB.dir/pico-sdk/lib/tinyusb/src/device/usbd.c.obj
 .text.process_get_descriptor
                0x1000524c       0xdc CMakeFiles/MorsePCB.dir/pico-sdk/lib/tinyusb/src/device/usbd.c.obj
 .text.tud_mounted
                0x10005328       0x10 CMakeFiles/MorsePCB.dir/pico-sdk/lib/tinyusb/src/device/usbd.c.obj
                0x10005328                tud_mounted
 .text.tud_suspended
                0x10005338       0x10 CMakeFiles/MorsePCB.dir/pico-sdk/lib/tinyusb/src/device/usbd.c.obj
                0x10005338                tud_suspended
 .text.tud_inited
                0x10005348       0x14 CMakeFiles/MorsePCB.dir/pico-sdk/lib/tinyusb/src/device/usbd.c.obj
                0x10005348                tud_inited
 .text.tud_init
                0x1000535c       0xcc CMakeFiles/MorsePCB.dir/pico-sdk/lib/tinyusb/src/device/usbd.c.obj
                0x1000535c                tud_init
 .text.usbd_defer_func
                0x10005428       0x2a CMakeFiles/MorsePCB.dir/pico-sdk/lib/tinyusb/src/device/usbd.c.obj
                0x10005428                usbd_defer_func
 *fill*         0x10005452        0x2 
 .text.usbd_edpt_open
                0x10005454       0x34 CMakeFiles/MorsePCB.dir/pico-sdk/lib/tinyusb/src/device/usbd.c.obj
                0x10005454                usbd_edpt_open
 .text.usbd_open_edpt_pair
                0x10005488       0x62 CMakeFiles/MorsePCB.dir/pico-sdk/lib/tinyusb/src/device/usbd.c.obj
                0x10005488                usbd_open_edpt_pair
 *fill*         0x100054ea        0x2 
 .text.usbd_edpt_claim
                0x100054ec       0x28 CMakeFiles/MorsePCB.dir/pico-sdk/lib/tinyusb/src/device/usbd.c.obj
                0x100054ec                usbd_edpt_claim
 .text.usbd_edpt_release
                0x10005514       0x28 CMakeFiles/MorsePCB.dir/pico-sdk/lib/tinyusb/src/device/usbd.c.obj
                0x10005514                usbd_edpt_release
 .text.usbd_edpt_xfer
                0x1000553c       0x78 CMakeFiles/MorsePCB.dir/pico-sdk/lib/tinyusb/src/device/usbd.c.obj
                0x1000553c                usbd_edpt_xfer
 .text.usbd_edpt_stall
                0x100055b4       0x48 CMakeFiles/MorsePCB.dir/pico-sdk/lib/tinyusb/src/device/usbd.c.obj
                0x100055b4                usbd_edpt_stall
 .text.usbd_edpt_clear_stall
                0x100055fc       0x48 CMakeFiles/MorsePCB.dir/pico-sdk/lib/tinyusb/src/device/usbd.c.obj
                0x100055fc                usbd_edpt_clear_stall
 .text.usbd_edpt_stalled
                0x10005644       0x1c CMakeFiles/MorsePCB.dir/pico-sdk/lib/tinyusb/src/device/usbd.c.obj
                0x10005644                usbd_edpt_stalled
 .text.process_control_request
                0x10005660      0x374 CMakeFiles/MorsePCB.dir/pico-sdk/lib/tinyusb/src/device/usbd.c.obj
 .text.tud_task_ext
                0x100059d4      0x1a8 CMakeFiles/MorsePCB.dir/pico-sdk/lib/tinyusb/src/device/usbd.c.obj
                0x100059d4                tud_task_ext
 .text._status_stage_xact
                0x10005b7c       0x1a CMakeFiles/MorsePCB.dir/pico-sdk/lib/tinyusb/src/device/usbd_control.c.obj
 *fill*         0x10005b96        0x2 
 .text._data_stage_xact
                0x10005b98       0x58 CMakeFiles/MorsePCB.dir/pico-sdk/lib/tinyusb/src/device/usbd_control.c.obj
 .text.tud_control_status
                0x10005bf0       0x28 CMakeFiles/MorsePCB.dir/pico-sdk/lib/tinyusb/src/device/usbd_control.c.obj
                0x10005bf0                tud_control_status
 .text.tud_control_xfer
                0x10005c18       0x68 CMakeFiles/MorsePCB.dir/pico-sdk/lib/tinyusb/src/device/usbd_control.c.obj
                0x10005c18                tud_control_xfer
 .text.usbd_control_reset
                0x10005c80       0x14 CMakeFiles/MorsePCB.dir/pico-sdk/lib/tinyusb/src/device/usbd_control.c.obj
                0x10005c80                usbd_control_reset
 .text.usbd_control_set_complete_callback
                0x10005c94        0xc CMakeFiles/MorsePCB.dir/pico-sdk/lib/tinyusb/src/device/usbd_control.c.obj
                0x10005c94                usbd_control_set_complete_callback
 .text.usbd_control_set_request
                0x10005ca0       0x1c CMakeFiles/MorsePCB.dir/pico-sdk/lib/tinyusb/src/device/usbd_control.c.obj
                0x10005ca0                usbd_control_set_request
 .text.usbd_control_xfer_cb
                0x10005cbc       0xbc CMakeFiles/MorsePCB.dir/pico-sdk/lib/tinyusb/src/device/usbd_control.c.obj
                0x10005cbc                usbd_control_xfer_cb
 .text._prep_out_transaction
                0x10005d78       0x4a CMakeFiles/MorsePCB.dir/pico-sdk/lib/tinyusb/src/class/cdc/cdc_device.c.obj
 *fill*         0x10005dc2        0x2 
 .text.tud_cdc_n_connected
                0x10005dc4       0x38 CMakeFiles/MorsePCB.dir/pico-sdk/lib/tinyusb/src/class/cdc/cdc_device.c.obj
                0x10005dc4                tud_cdc_n_connected
 .text.tud_cdc_n_available
                0x10005dfc       0x18 CMakeFiles/MorsePCB.dir/pico-sdk/lib/tinyusb/src/class/cdc/cdc_device.c.obj
                0x10005dfc                tud_cdc_n_available
 .text.tud_cdc_n_read
                0x10005e14       0x28 CMakeFiles/MorsePCB.dir/pico-sdk/lib/tinyusb/src/class/cdc/cdc_device.c.obj
                0x10005e14                tud_cdc_n_read
 .text.tud_cdc_n_write_flush
                0x10005e3c       0xb8 CMakeFiles/MorsePCB.dir/pico-sdk/lib/tinyusb/src/class/cdc/cdc_device.c.obj
                0x10005e3c                tud_cdc_n_write_flush
 .text.tud_cdc_n_write
                0x10005ef4       0x38 CMakeFiles/MorsePCB.dir/pico-sdk/lib/tinyusb/src/class/cdc/cdc_device.c.obj
                0x10005ef4                tud_cdc_n_write
 .text.tud_cdc_n_write_available
                0x10005f2c       0x1c CMakeFiles/MorsePCB.dir/pico-sdk/lib/tinyusb/src/class/cdc/cdc_device.c.obj
                0x10005f2c                tud_cdc_n_write_available
 .text.cdcd_init
                0x10005f48       0xbc CMakeFiles/MorsePCB.dir/pico-sdk/lib/tinyusb/src/class/cdc/cdc_device.c.obj
                0x10005f48                cdcd_init
 .text.cdcd_reset
                0x10006004       0x44 CMakeFiles/MorsePCB.dir/pico-sdk/lib/tinyusb/src/class/cdc/cdc_device.c.obj
                0x10006004                cdcd_reset
 .text.cdcd_open
                0x10006048       0xc4 CMakeFiles/MorsePCB.dir/pico-sdk/lib/tinyusb/src/class/cdc/cdc_device.c.obj
                0x10006048                cdcd_open
 .text.cdcd_control_xfer_cb
                0x1000610c      0x134 CMakeFiles/MorsePCB.dir/pico-sdk/lib/tinyusb/src/class/cdc/cdc_device.c.obj
                0x1000610c                cdcd_control_xfer_cb
 .text.cdcd_xfer_cb
                0x10006240      0x130 CMakeFiles/MorsePCB.dir/pico-sdk/lib/tinyusb/src/class/cdc/cdc_device.c.obj
                0x10006240                cdcd_xfer_cb
 .text.tusb_init
                0x10006370        0xa CMakeFiles/MorsePCB.dir/pico-sdk/lib/tinyusb/src/tusb.c.obj
                0x10006370                tusb_init
 .text.tusb_inited
                0x1000637a        0xe CMakeFiles/MorsePCB.dir/pico-sdk/lib/tinyusb/src/tusb.c.obj
                0x1000637a                tusb_inited
 .text.tu_edpt_claim
                0x10006388       0x50 CMakeFiles/MorsePCB.dir/pico-sdk/lib/tinyusb/src/tusb.c.obj
                0x10006388                tu_edpt_claim
 .text.tu_edpt_release
                0x100063d8       0x38 CMakeFiles/MorsePCB.dir/pico-sdk/lib/tinyusb/src/tusb.c.obj
                0x100063d8                tu_edpt_release
 .text.tu_edpt_validate
                0x10006410       0x78 CMakeFiles/MorsePCB.dir/pico-sdk/lib/tinyusb/src/tusb.c.obj
                0x10006410                tu_edpt_validate
 .text.tu_edpt_bind_driver
                0x10006488       0x26 CMakeFiles/MorsePCB.dir/pico-sdk/lib/tinyusb/src/tusb.c.obj
                0x10006488                tu_edpt_bind_driver
 .text.advance_index
                0x100064ae       0x1a CMakeFiles/MorsePCB.dir/pico-sdk/lib/tinyusb/src/common/tusb_fifo.c.obj
 .text._tu_fifo_peek
                0x100064c8       0x56 CMakeFiles/MorsePCB.dir/pico-sdk/lib/tinyusb/src/common/tusb_fifo.c.obj
 .text._ff_pull_const_addr
                0x1000651e       0x4c CMakeFiles/MorsePCB.dir/pico-sdk/lib/tinyusb/src/common/tusb_fifo.c.obj
 .text._ff_pull_n
                0x1000656a      0x110 CMakeFiles/MorsePCB.dir/pico-sdk/lib/tinyusb/src/common/tusb_fifo.c.obj
 .text._tu_fifo_peek_n
                0x1000667a       0x6a CMakeFiles/MorsePCB.dir/pico-sdk/lib/tinyusb/src/common/tusb_fifo.c.obj
 .text._tu_fifo_read_n
                0x100066e4       0x4e CMakeFiles/MorsePCB.dir/pico-sdk/lib/tinyusb/src/common/tusb_fifo.c.obj
 .text._ff_push_const_addr
                0x10006732       0x40 CMakeFiles/MorsePCB.dir/pico-sdk/lib/tinyusb/src/common/tusb_fifo.c.obj
 .text._ff_push_n
                0x10006772      0x10c CMakeFiles/MorsePCB.dir/pico-sdk/lib/tinyusb/src/common/tusb_fifo.c.obj
 .text._tu_fifo_write_n
                0x1000687e       0xf0 CMakeFiles/MorsePCB.dir/pico-sdk/lib/tinyusb/src/common/tusb_fifo.c.obj
 .text.tu_fifo_config
                0x1000696e       0x7c CMakeFiles/MorsePCB.dir/pico-sdk/lib/tinyusb/src/common/tusb_fifo.c.obj
                0x1000696e                tu_fifo_config
 .text.tu_fifo_count
                0x100069ea       0x2a CMakeFiles/MorsePCB.dir/pico-sdk/lib/tinyusb/src/common/tusb_fifo.c.obj
                0x100069ea                tu_fifo_count
 .text.tu_fifo_empty
                0x10006a14        0xe CMakeFiles/MorsePCB.dir/pico-sdk/lib/tinyusb/src/common/tusb_fifo.c.obj
                0x10006a14                tu_fifo_empty
 .text.tu_fifo_full
                0x10006a22       0x28 CMakeFiles/MorsePCB.dir/pico-sdk/lib/tinyusb/src/common/tusb_fifo.c.obj
                0x10006a22                tu_fifo_full
 .text.tu_fifo_remaining
                0x10006a4a       0x2c CMakeFiles/MorsePCB.dir/pico-sdk/lib/tinyusb/src/common/tusb_fifo.c.obj
                0x10006a4a                tu_fifo_remaining
 .text.tu_fifo_read
                0x10006a76       0x42 CMakeFiles/MorsePCB.dir/pico-sdk/lib/tinyusb/src/common/tusb_fifo.c.obj
                0x10006a76                tu_fifo_read
 .text.tu_fifo_read_n
                0x10006ab8        0xa CMakeFiles/MorsePCB.dir/pico-sdk/lib/tinyusb/src/common/tusb_fifo.c.obj
                0x10006ab8                tu_fifo_read_n
 .text.tu_fifo_write
                0x10006ac2       0x64 CMakeFiles/MorsePCB.dir/pico-sdk/lib/tinyusb/src/common/tusb_fifo.c.obj
                0x10006ac2                tu_fifo_write
 .text.tu_fifo_write_n
                0x10006b26        0xa CMakeFiles/MorsePCB.dir/pico-sdk/lib/tinyusb/src/common/tusb_fifo.c.obj
                0x10006b26                tu_fifo_write_n
 .text.tu_fifo_clear
                0x10006b30       0x3e CMakeFiles/MorsePCB.dir/pico-sdk/lib/tinyusb/src/common/tusb_fifo.c.obj
                0x10006b30                tu_fifo_clear
 .text.tu_fifo_set_overwritable
                0x10006b6e       0x46 CMakeFiles/MorsePCB.dir/pico-sdk/lib/tinyusb/src/common/tusb_fifo.c.obj
                0x10006b6e                tu_fifo_set_overwritable
 .text.atexit   0x10006bb4       0x10 /usr/lib/gcc/arm-none-eabi/12.2.0/../../../../arm-none-eabi/lib/thumb/v6-m/nofp/libg.a(lib_a-atexit.o)
                0x10006bb4                atexit
 .text.__libc_fini_array
                0x10006bc4       0x28 /usr/lib/gcc/arm-none-eabi/12.2.0/../../../../arm-none-eabi/lib/thumb/v6-m/nofp/libg.a(lib_a-fini.o)
                0x10006bc4                __libc_fini_array
 .text.strlen   0x10006bec       0x5c /usr/lib/gcc/arm-none-eabi/12.2.0/../../../../arm-none-eabi/lib/thumb/v6-m/nofp/libg.a(lib_a-strlen-stub.o)
                0x10006bec                strlen
 .text.__register_exitproc
                0x10006c48       0xac /usr/lib/gcc/arm-none-eabi/12.2.0/../../../../arm-none-eabi/lib/thumb/v6-m/nofp/libg.a(lib_a-__atexit.o)
                0x10006c48                __register_exitproc
 .text.startup.register_fini
                0x10006cf4       0x18 /usr/lib/gcc/arm-none-eabi/12.2.0/../../../../arm-none-eabi/lib/thumb/v6-m/nofp/libg.a(lib_a-__call_atexit.o)
 .text.__retarget_lock_acquire_recursive
                0x10006d0c        0x4 /usr/lib/gcc/arm-none-eabi/12.2.0/../../../../arm-none-eabi/lib/thumb/v6-m/nofp/libg.a(lib_a-lock.o)
                0x10006d0c                __retarget_lock_acquire_recursive
 .text.__retarget_lock_release_recursive
                0x10006d10        0x4 /usr/lib/gcc/arm-none-eabi/12.2.0/../../../../arm-none-eabi/lib/thumb/v6-m/nofp/libg.a(lib_a-lock.o)
                0x10006d10                __retarget_lock_release_recursive
 *(.fini)
 .fini          0x10006d14        0x4 /usr/lib/gcc/arm-none-eabi/12.2.0/thumb/v6-m/nofp/crti.o
                0x10006d14                _fini
 .fini.__stub   0x10006d18       0xe0 linker stubs
 *crtbegin.o(.ctors)
 *crtbegin?.o(.ctors)
 *(EXCLUDE_FILE(*crtend.o *crtend?.o) .ctors)
 *(SORT_BY_NAME(.ctors.*))
 *(.ctors)
 *crtbegin.o(.dtors)
 *crtbegin?.o(.dtors)
 *(EXCLUDE_FILE(*crtend.o *crtend?.o) .dtors)
 *(SORT_BY_NAME(.dtors.*))
 *(.dtors)
 *(.eh_frame*)
 .eh_frame      0x10006df8        0x0 /usr/lib/gcc/arm-none-eabi/12.2.0/thumb/v6-m/nofp/crtbegin.o
                0x10006df8                        . = ALIGN (0x4)

.glue_7         0x10006df8        0x0
 .glue_7        0x10006df8        0x0 linker stubs

.glue_7t        0x10006df8        0x0
 .glue_7t       0x10006df8        0x0 linker stubs

.vfp11_veneer   0x10006df8        0x0
 .vfp11_veneer  0x10006df8        0x0 linker stubs

.v4_bx          0x10006df8        0x0
 .v4_bx         0x10006df8        0x0 linker stubs

.iplt           0x10006df8        0x0
 .iplt          0x10006df8        0x0 /usr/lib/gcc/arm-none-eabi/12.2.0/thumb/v6-m/nofp/crtbegin.o

.rodata         0x10006df8     0x1684
 *(EXCLUDE_FILE(*libm.a: *libc.a:*lib_a-mem*.o *libgcc.a:) .rodata*)
 .rodata.gpio_callback.str1.4
                0x10006df8        0x9 CMakeFiles/MorsePCB.dir/src/test.c.obj
 *fill*         0x10006e01        0x3 
 .rodata.main.str1.4
                0x10006e04       0x13 CMakeFiles/MorsePCB.dir/src/test.c.obj
 *fill*         0x10006e17        0x1 
 .rodata.spin_lock_claim_unused.str1.4
                0x10006e18       0x1b CMakeFiles/MorsePCB.dir/pico-sdk/src/rp2_common/hardware_sync/sync.c.obj
 *fill*         0x10006e33        0x1 
 .rodata.resolve_branch.str1.4
                0x10006e34       0x6e CMakeFiles/MorsePCB.dir/pico-sdk/src/rp2_common/hardware_irq/irq.c.obj
 *fill*         0x10006ea2        0x2 
 .rodata.make_branch.str1.4
                0x10006ea4       0x30 CMakeFiles/MorsePCB.dir/pico-sdk/src/rp2_common/hardware_irq/irq.c.obj
 .rodata.insert_branch_and_link.str1.4
                0x10006ed4       0x10 CMakeFiles/MorsePCB.dir/pico-sdk/src/rp2_common/hardware_irq/irq.c.obj
 .rodata.irq_set_exclusive_handler.str1.4
                0x10006ee4       0x36 CMakeFiles/MorsePCB.dir/pico-sdk/src/rp2_common/hardware_irq/irq.c.obj
 *fill*         0x10006f1a        0x2 
 .rodata.irq_add_shared_handler.str1.4
                0x10006f1c       0xc2 CMakeFiles/MorsePCB.dir/pico-sdk/src/rp2_common/hardware_irq/irq.c.obj
 *fill*         0x10006fde        0x2 
 .rodata.irq_remove_handler.str1.4
                0x10006fe0       0x3a CMakeFiles/MorsePCB.dir/pico-sdk/src/rp2_common/hardware_irq/irq.c.obj
 *fill*         0x1000701a        0x2 
 .rodata.irq_add_tail_to_free_list.str1.4
                0x1000701c       0x3a CMakeFiles/MorsePCB.dir/pico-sdk/src/rp2_common/hardware_irq/irq.c.obj
 *fill*         0x10007056        0x2 
 .rodata.user_irq_claim_unused.str1.4
                0x10007058       0x1b CMakeFiles/MorsePCB.dir/pico-sdk/src/rp2_common/hardware_irq/irq.c.obj
 *fill*         0x10007073        0x1 
 .rodata.__func__.0
                0x10007074       0x1a CMakeFiles/MorsePCB.dir/pico-sdk/src/rp2_common/hardware_irq/irq.c.obj
 *fill*         0x1000708e        0x2 
 .rodata.__func__.1
                0x10007090       0x17 CMakeFiles/MorsePCB.dir/pico-sdk/src/rp2_common/hardware_irq/irq.c.obj
 *fill*         0x100070a7        0x1 
 .rodata.__func__.2
                0x100070a8       0x13 CMakeFiles/MorsePCB.dir/pico-sdk/src/rp2_common/hardware_irq/irq.c.obj
 *fill*         0x100070bb        0x1 
 .rodata.__func__.3
                0x100070bc        0xc CMakeFiles/MorsePCB.dir/pico-sdk/src/rp2_common/hardware_irq/irq.c.obj
 .rodata.__func__.4
                0x100070c8        0xf CMakeFiles/MorsePCB.dir/pico-sdk/src/rp2_common/hardware_irq/irq.c.obj
 *fill*         0x100070d7        0x1 
 .rodata.__func__.5
                0x100070d8       0x17 CMakeFiles/MorsePCB.dir/pico-sdk/src/rp2_common/hardware_irq/irq.c.obj
 *fill*         0x100070ef        0x1 
 .rodata.__func__.6
                0x100070f0       0x1a CMakeFiles/MorsePCB.dir/pico-sdk/src/rp2_common/hardware_irq/irq.c.obj
 *fill*         0x1000710a        0x2 
 .rodata.update_us_since_boot.str1.4
                0x1000710c       0x7a CMakeFiles/MorsePCB.dir/pico-sdk/src/common/pico_sync/mutex.c.obj
 *fill*         0x10007186        0x2 
 .rodata.str1.4
                0x10007188       0xa5 CMakeFiles/MorsePCB.dir/pico-sdk/src/common/pico_sync/mutex.c.obj
 *fill*         0x1000722d        0x3 
 .rodata.__func__.1
                0x10007230        0xb CMakeFiles/MorsePCB.dir/pico-sdk/src/common/pico_sync/mutex.c.obj
 *fill*         0x1000723b        0x1 
 .rodata.__func__.3
                0x1000723c       0x18 CMakeFiles/MorsePCB.dir/pico-sdk/src/common/pico_sync/mutex.c.obj
 .rodata.__func__.4
                0x10007254       0x15 CMakeFiles/MorsePCB.dir/pico-sdk/src/common/pico_sync/mutex.c.obj
 *fill*         0x10007269        0x3 
 .rodata.get_entry.str1.4
                0x1000726c       0x74 CMakeFiles/MorsePCB.dir/pico-sdk/src/common/pico_time/time.c.obj
 .rodata.update_us_since_boot.str1.4
                0x100072e0       0x7a CMakeFiles/MorsePCB.dir/pico-sdk/src/common/pico_time/time.c.obj
 .rodata.ph_get_node.str1.4
                0x100072e0       0x7f CMakeFiles/MorsePCB.dir/pico-sdk/src/common/pico_time/time.c.obj
 *fill*         0x1000735f        0x1 
 .rodata.ph_add_child_node.str1.4
                0x10007360       0x2e CMakeFiles/MorsePCB.dir/pico-sdk/src/common/pico_time/time.c.obj
 *fill*         0x1000738e        0x2 
 .rodata.ph_insert_node.str1.4
                0x10007390        0x3 CMakeFiles/MorsePCB.dir/pico-sdk/src/common/pico_time/time.c.obj
 *fill*         0x10007393        0x1 
 .rodata.ph_free_node.str1.4
                0x10007394       0x38 CMakeFiles/MorsePCB.dir/pico-sdk/src/common/pico_time/time.c.obj
 .rodata.add_alarm_under_lock.str1.4
                0x100073cc       0x28 CMakeFiles/MorsePCB.dir/pico-sdk/src/common/pico_time/time.c.obj
 .rodata.alarm_pool_alarm_callback.str1.4
                0x100073f4       0x60 CMakeFiles/MorsePCB.dir/pico-sdk/src/common/pico_time/time.c.obj
 .rodata.alarm_pool_get_default.str1.4
                0x10007454       0x21 CMakeFiles/MorsePCB.dir/pico-sdk/src/common/pico_time/time.c.obj
 *fill*         0x10007475        0x3 
 .rodata.alarm_pool_cancel_alarm.str1.4
                0x10007478       0x27 CMakeFiles/MorsePCB.dir/pico-sdk/src/common/pico_time/time.c.obj
 *fill*         0x1000749f        0x1 
 .rodata.__func__.1
                0x100074a0       0x18 CMakeFiles/MorsePCB.dir/pico-sdk/src/common/pico_time/time.c.obj
 .rodata.__func__.3
                0x100074b8       0x17 CMakeFiles/MorsePCB.dir/pico-sdk/src/common/pico_time/time.c.obj
 *fill*         0x100074cf        0x1 
 .rodata.__func__.4
                0x100074d0       0x12 CMakeFiles/MorsePCB.dir/pico-sdk/src/common/pico_time/time.c.obj
 *fill*         0x100074e2        0x2 
 .rodata.__func__.5
                0x100074e4        0xd CMakeFiles/MorsePCB.dir/pico-sdk/src/common/pico_time/time.c.obj
 *fill*         0x100074f1        0x3 
 .rodata.__func__.6
                0x100074f4       0x12 CMakeFiles/MorsePCB.dir/pico-sdk/src/common/pico_time/time.c.obj
 *fill*         0x10007506        0x2 
 .rodata.__func__.7
                0x10007508        0xf CMakeFiles/MorsePCB.dir/pico-sdk/src/common/pico_time/time.c.obj
 *fill*         0x10007517        0x1 
 .rodata.__func__.8
                0x10007518        0xc CMakeFiles/MorsePCB.dir/pico-sdk/src/common/pico_time/time.c.obj
 .rodata.__func__.9
                0x10007524       0x15 CMakeFiles/MorsePCB.dir/pico-sdk/src/common/pico_time/time.c.obj
 *fill*         0x10007539        0x3 
 .rodata.__func__.10
                0x1000753c       0x15 CMakeFiles/MorsePCB.dir/pico-sdk/src/common/pico_time/time.c.obj
 *fill*         0x10007551        0x3 
 .rodata.__func__.11
                0x10007554       0x1a CMakeFiles/MorsePCB.dir/pico-sdk/src/common/pico_time/time.c.obj
 *fill*         0x1000756e        0x2 
 .rodata.__func__.12
                0x10007570        0xa CMakeFiles/MorsePCB.dir/pico-sdk/src/common/pico_time/time.c.obj
 *fill*         0x1000757a        0x2 
 .rodata.hardware_alarm_claim.str1.4
                0x1000757c       0x22 CMakeFiles/MorsePCB.dir/pico-sdk/src/rp2_common/hardware_timer/timer.c.obj
 *fill*         0x1000759e        0x2 
 .rodata.hardware_alarm_set_target.str1.4
                0x100075a0       0x7e CMakeFiles/MorsePCB.dir/pico-sdk/src/rp2_common/hardware_timer/timer.c.obj
 *fill*         0x1000761e        0x2 
 .rodata.__func__.0
                0x10007620       0x1a CMakeFiles/MorsePCB.dir/pico-sdk/src/rp2_common/hardware_timer/timer.c.obj
 .rodata.ph_get_node.str1.4
                0x1000763a       0x7f CMakeFiles/MorsePCB.dir/pico-sdk/src/common/pico_util/pheap.c.obj
 .rodata.ph_add_child_node.str1.4
                0x1000763a       0x2e CMakeFiles/MorsePCB.dir/pico-sdk/src/common/pico_util/pheap.c.obj
 *fill*         0x1000763a        0x2 
 .rodata.ph_remove_any_head.str1.4
                0x1000763c       0xa8 CMakeFiles/MorsePCB.dir/pico-sdk/src/common/pico_util/pheap.c.obj
                                 0xbc (size before relaxing)
 .rodata.ph_remove_and_free_node.str1.4
                0x100076e4       0x1e CMakeFiles/MorsePCB.dir/pico-sdk/src/common/pico_util/pheap.c.obj
                                 0x26 (size before relaxing)
 *fill*         0x10007702        0x2 
 .rodata.__func__.0
                0x10007704       0x18 CMakeFiles/MorsePCB.dir/pico-sdk/src/common/pico_util/pheap.c.obj
 .rodata.__func__.1
                0x1000771c       0x13 CMakeFiles/MorsePCB.dir/pico-sdk/src/common/pico_util/pheap.c.obj
 *fill*         0x1000772f        0x1 
 .rodata.__func__.2
                0x10007730       0x12 CMakeFiles/MorsePCB.dir/pico-sdk/src/common/pico_util/pheap.c.obj
 *fill*         0x10007742        0x2 
 .rodata.__func__.3
                0x10007744        0xc CMakeFiles/MorsePCB.dir/pico-sdk/src/common/pico_util/pheap.c.obj
 .rodata.clock_configure.str1.4
                0x10007750       0x70 CMakeFiles/MorsePCB.dir/pico-sdk/src/rp2_common/hardware_clocks/clocks.c.obj
 .rodata.__func__.1
                0x100077c0       0x10 CMakeFiles/MorsePCB.dir/pico-sdk/src/rp2_common/hardware_clocks/clocks.c.obj
 .rodata.pll_init.str1.4
                0x100077d0      0x13c CMakeFiles/MorsePCB.dir/pico-sdk/src/rp2_common/hardware_pll/pll.c.obj
 .rodata.__func__.0
                0x1000790c        0x9 CMakeFiles/MorsePCB.dir/pico-sdk/src/rp2_common/hardware_pll/pll.c.obj
 *fill*         0x10007915        0x3 
 .rodata.__assert_func.str1.4
                0x10007918       0x3f CMakeFiles/MorsePCB.dir/pico-sdk/src/rp2_common/pico_runtime/runtime.c.obj
                                 0x43 (size before relaxing)
 *fill*         0x10007957        0x1 
 .rodata.runtime_init.str1.4
                0x10007958       0x7a CMakeFiles/MorsePCB.dir/pico-sdk/src/rp2_common/pico_runtime/runtime.c.obj
 *fill*         0x100079d2        0x2 
 .rodata.panic.str1.4
                0x100079d4       0x12 CMakeFiles/MorsePCB.dir/pico-sdk/src/rp2_common/pico_runtime/runtime.c.obj
 *fill*         0x100079e6        0x2 
 .rodata.__func__.2
                0x100079e8        0xd CMakeFiles/MorsePCB.dir/pico-sdk/src/rp2_common/pico_runtime/runtime.c.obj
 *fill*         0x100079f5        0x3 
 .rodata._ftoa.str1.4
                0x100079f8       0x15 CMakeFiles/MorsePCB.dir/pico-sdk/src/rp2_common/pico_printf/printf.c.obj
 *fill*         0x10007a0d        0x3 
 .rodata._vsnprintf
                0x10007a10      0x19c CMakeFiles/MorsePCB.dir/pico-sdk/src/rp2_common/pico_printf/printf.c.obj
 *fill*         0x10007bac        0x4 
 .rodata.pow10.0
                0x10007bb0       0x50 CMakeFiles/MorsePCB.dir/pico-sdk/src/rp2_common/pico_printf/printf.c.obj
 .rodata.__aeabi_double_init.str1.4
                0x10007c00       0xb5 CMakeFiles/MorsePCB.dir/pico-sdk/src/rp2_common/pico_double/double_init_rom.c.obj
 *fill*         0x10007cb5        0x3 
 .rodata.__func__.0
                0x10007cb8       0x14 CMakeFiles/MorsePCB.dir/pico-sdk/src/rp2_common/pico_double/double_init_rom.c.obj
 .rodata.__aeabi_float_init.str1.4
                0x10007ccc       0x93 CMakeFiles/MorsePCB.dir/pico-sdk/src/rp2_common/pico_float/float_init_rom.c.obj
                                 0x97 (size before relaxing)
 *fill*         0x10007d5f        0x1 
 .rodata.__func__.0
                0x10007d60       0x13 CMakeFiles/MorsePCB.dir/pico-sdk/src/rp2_common/pico_float/float_init_rom.c.obj
 *fill*         0x10007d73        0x1 
 .rodata.str1.4
                0x10007d74       0x40 CMakeFiles/MorsePCB.dir/pico-sdk/src/rp2_common/pico_standard_link/binary_info.c.obj
 .rodata.__bi_81
                0x10007db4        0xc CMakeFiles/MorsePCB.dir/pico-sdk/src/rp2_common/pico_standard_link/binary_info.c.obj
 .rodata.__bi_75
                0x10007dc0        0xc CMakeFiles/MorsePCB.dir/pico-sdk/src/rp2_common/pico_standard_link/binary_info.c.obj
 .rodata.__bi_44
                0x10007dcc        0xc CMakeFiles/MorsePCB.dir/pico-sdk/src/rp2_common/pico_standard_link/binary_info.c.obj
 .rodata.update_us_since_boot.str1.4
                0x10007dd8       0x7a CMakeFiles/MorsePCB.dir/pico-sdk/src/rp2_common/pico_stdio/stdio.c.obj
 .rodata.crlf_str.2
                0x10007dd8        0x2 CMakeFiles/MorsePCB.dir/pico-sdk/src/rp2_common/pico_stdio/stdio.c.obj
 *fill*         0x10007dda        0x2 
 .rodata.__func__.3
                0x10007ddc       0x15 CMakeFiles/MorsePCB.dir/pico-sdk/src/rp2_common/pico_stdio/stdio.c.obj
 *fill*         0x10007df1        0x3 
 .rodata._resetd_driver
                0x10007df4       0x18 CMakeFiles/MorsePCB.dir/pico-sdk/src/rp2_common/pico_stdio_usb/reset_interface.c.obj
 .rodata.update_us_since_boot.str1.4
                0x10007e0c       0x7a CMakeFiles/MorsePCB.dir/pico-sdk/src/rp2_common/pico_stdio_usb/stdio_usb.c.obj
 .rodata.stdio_usb_init.str1.4
                0x10007e0c       0x5e CMakeFiles/MorsePCB.dir/pico-sdk/src/rp2_common/pico_stdio_usb/stdio_usb.c.obj
                                 0x66 (size before relaxing)
 *fill*         0x10007e6a        0x2 
 .rodata.str1.4
                0x10007e6c       0x13 CMakeFiles/MorsePCB.dir/pico-sdk/src/rp2_common/pico_stdio_usb/stdio_usb.c.obj
 *fill*         0x10007e7f        0x1 
 .rodata.__bi_182.0
                0x10007e80        0xc CMakeFiles/MorsePCB.dir/pico-sdk/src/rp2_common/pico_stdio_usb/stdio_usb.c.obj
 .rodata.__func__.1
                0x10007e8c        0xf CMakeFiles/MorsePCB.dir/pico-sdk/src/rp2_common/pico_stdio_usb/stdio_usb.c.obj
 *fill*         0x10007e9b        0x1 
 .rodata.__func__.3
                0x10007e9c       0x15 CMakeFiles/MorsePCB.dir/pico-sdk/src/rp2_common/pico_stdio_usb/stdio_usb.c.obj
 *fill*         0x10007eb1        0x3 
 .rodata.str1.4
                0x10007eb4       0x2a CMakeFiles/MorsePCB.dir/pico-sdk/src/rp2_common/pico_stdio_usb/stdio_usb_descriptors.c.obj
 *fill*         0x10007ede        0x2 
 .rodata.usbd_desc_str
                0x10007ee0       0x18 CMakeFiles/MorsePCB.dir/pico-sdk/src/rp2_common/pico_stdio_usb/stdio_usb_descriptors.c.obj
 .rodata.usbd_desc_cfg
                0x10007ef8       0x54 CMakeFiles/MorsePCB.dir/pico-sdk/src/rp2_common/pico_stdio_usb/stdio_usb_descriptors.c.obj
 .rodata.usbd_desc_device
                0x10007f4c       0x12 CMakeFiles/MorsePCB.dir/pico-sdk/src/rp2_common/pico_stdio_usb/stdio_usb_descriptors.c.obj
 *fill*         0x10007f5e        0x2 
 .rodata.pico_get_unique_board_id_string.str1.4
                0x10007f60       0x66 CMakeFiles/MorsePCB.dir/pico-sdk/src/rp2_common/pico_unique_id/unique_id.c.obj
 *fill*         0x10007fc6        0x2 
 .rodata.__func__.0
                0x10007fc8       0x20 CMakeFiles/MorsePCB.dir/pico-sdk/src/rp2_common/pico_unique_id/unique_id.c.obj
 .rodata.str1.4
                0x10007fe8      0x172 CMakeFiles/MorsePCB.dir/pico-sdk/src/rp2_common/hardware_flash/flash.c.obj
 *fill*         0x1000815a        0x2 
 .rodata.__func__.0
                0x1000815c        0xd CMakeFiles/MorsePCB.dir/pico-sdk/src/rp2_common/hardware_flash/flash.c.obj
 *fill*         0x10008169        0x3 
 .rodata._hw_endpoint_alloc.str1.4
                0x1000816c       0xd1 CMakeFiles/MorsePCB.dir/pico-sdk/lib/tinyusb/src/portable/raspberrypi/rp2040/dcd_rp2040.c.obj
 *fill*         0x1000823d        0x3 
 .rodata.str1.4
                0x10008240       0x14 CMakeFiles/MorsePCB.dir/pico-sdk/lib/tinyusb/src/portable/raspberrypi/rp2040/dcd_rp2040.c.obj
 .rodata.dcd_int_enable.str1.4
                0x10008254        0xc CMakeFiles/MorsePCB.dir/pico-sdk/lib/tinyusb/src/portable/raspberrypi/rp2040/dcd_rp2040.c.obj
 .rodata.__func__.0
                0x10008260        0xe CMakeFiles/MorsePCB.dir/pico-sdk/lib/tinyusb/src/portable/raspberrypi/rp2040/dcd_rp2040.c.obj
 *fill*         0x1000826e        0x2 
 .rodata.__func__.1
                0x10008270        0xe CMakeFiles/MorsePCB.dir/pico-sdk/lib/tinyusb/src/portable/raspberrypi/rp2040/dcd_rp2040.c.obj
 *fill*         0x1000827e        0x2 
 .rodata.__func__.3
                0x10008280       0x10 CMakeFiles/MorsePCB.dir/pico-sdk/lib/tinyusb/src/portable/raspberrypi/rp2040/dcd_rp2040.c.obj
 .rodata.__func__.5
                0x10008290        0xf CMakeFiles/MorsePCB.dir/pico-sdk/lib/tinyusb/src/portable/raspberrypi/rp2040/dcd_rp2040.c.obj
 *fill*         0x1000829f        0x1 
 .rodata.__func__.6
                0x100082a0       0x13 CMakeFiles/MorsePCB.dir/pico-sdk/lib/tinyusb/src/portable/raspberrypi/rp2040/dcd_rp2040.c.obj
 *fill*         0x100082b3        0x1 
 .rodata.__func__.7
                0x100082b4        0x9 CMakeFiles/MorsePCB.dir/pico-sdk/lib/tinyusb/src/portable/raspberrypi/rp2040/dcd_rp2040.c.obj
 *fill*         0x100082bd        0x3 
 .rodata.str1.4
                0x100082c0      0x103 CMakeFiles/MorsePCB.dir/pico-sdk/lib/tinyusb/src/portable/raspberrypi/rp2040/rp2040_usb.c.obj
 *fill*         0x100083c3        0x1 
 .rodata.__func__.0
                0x100083c4        0xf CMakeFiles/MorsePCB.dir/pico-sdk/lib/tinyusb/src/portable/raspberrypi/rp2040/rp2040_usb.c.obj
 *fill*         0x100083d3        0x1 
 .rodata.process_get_descriptor
                0x100083d4       0x40 CMakeFiles/MorsePCB.dir/pico-sdk/lib/tinyusb/src/device/usbd.c.obj
 .rodata.process_control_request
                0x10008414       0x28 CMakeFiles/MorsePCB.dir/pico-sdk/lib/tinyusb/src/device/usbd.c.obj
 .rodata.tud_task_ext
                0x1000843c       0x24 CMakeFiles/MorsePCB.dir/pico-sdk/lib/tinyusb/src/device/usbd.c.obj
 .rodata._usbd_driver
                0x10008460       0x18 CMakeFiles/MorsePCB.dir/pico-sdk/lib/tinyusb/src/device/usbd.c.obj
 .rodata._global_impure_ptr
                0x10008478        0x4 /usr/lib/gcc/arm-none-eabi/12.2.0/../../../../arm-none-eabi/lib/thumb/v6-m/nofp/libg.a(lib_a-impure.o)
                0x10008478                _global_impure_ptr
                0x1000847c                        . = ALIGN (0x4)
 *(SORT_BY_ALIGNMENT(SORT_BY_NAME(.flashdata*)))
                0x1000847c                        . = ALIGN (0x4)

.ARM.extab
 *(.ARM.extab* .gnu.linkonce.armextab.*)
                0x1000847c                        __exidx_start = .

.ARM.exidx
 *(.ARM.exidx* .gnu.linkonce.armexidx.*)
                0x1000847c                        __exidx_end = .
                0x1000847c                        . = ALIGN (0x4)
                0x1000847c                        __binary_info_start = .

.binary_info    0x1000847c       0x20
 *(.binary_info.keep.*)
 .binary_info.keep.__bi_ptr81
                0x1000847c        0x4 CMakeFiles/MorsePCB.dir/pico-sdk/src/rp2_common/pico_standard_link/binary_info.c.obj
 .binary_info.keep.__bi_ptr75
                0x10008480        0x4 CMakeFiles/MorsePCB.dir/pico-sdk/src/rp2_common/pico_standard_link/binary_info.c.obj
 .binary_info.keep.__bi_ptr50
                0x10008484        0x4 CMakeFiles/MorsePCB.dir/pico-sdk/src/rp2_common/pico_standard_link/binary_info.c.obj
 .binary_info.keep.__bi_ptr44
                0x10008488        0x4 CMakeFiles/MorsePCB.dir/pico-sdk/src/rp2_common/pico_standard_link/binary_info.c.obj
 .binary_info.keep.__bi_ptr38
                0x1000848c        0x4 CMakeFiles/MorsePCB.dir/pico-sdk/src/rp2_common/pico_standard_link/binary_info.c.obj
 .binary_info.keep.__bi_ptr30
                0x10008490        0x4 CMakeFiles/MorsePCB.dir/pico-sdk/src/rp2_common/pico_standard_link/binary_info.c.obj
 .binary_info.keep.__bi_ptr22
                0x10008494        0x4 CMakeFiles/MorsePCB.dir/pico-sdk/src/rp2_common/pico_standard_link/binary_info.c.obj
 *(.binary_info.*)
 .binary_info.__bi_ptr182
                0x10008498        0x4 CMakeFiles/MorsePCB.dir/pico-sdk/src/rp2_common/pico_stdio_usb/stdio_usb.c.obj
                0x1000849c                        __binary_info_end = .

.rel.dyn        0x1000849c        0x0
 .rel.iplt      0x1000849c        0x0 /usr/lib/gcc/arm-none-eabi/12.2.0/thumb/v6-m/nofp/crtbegin.o
                0x1000849c                        . = ALIGN (0x4)

.ram_vector_table
                0x20000000       0xc0
 *(.ram_vector_table)
 .ram_vector_table
                0x20000000       0xc0 CMakeFiles/MorsePCB.dir/pico-sdk/src/rp2_common/pico_runtime/runtime.c.obj
                0x20000000                ram_vector_table

.data           0x200000c0      0xf60 load address 0x1000849c
                0x200000c0                        __data_start__ = .
 *(vtable)
 *(.time_critical*)
 .time_critical.mutex_try_enter
                0x200000c0       0x46 CMakeFiles/MorsePCB.dir/pico-sdk/src/common/pico_sync/mutex.c.obj
                0x200000c0                mutex_try_enter
 *fill*         0x20000106        0x2 
 .time_critical.mutex_enter_block_until
                0x20000108       0x8c CMakeFiles/MorsePCB.dir/pico-sdk/src/common/pico_sync/mutex.c.obj
                0x20000108                mutex_enter_block_until
 .time_critical.mutex_try_enter_block_until
                0x20000194       0x34 CMakeFiles/MorsePCB.dir/pico-sdk/src/common/pico_sync/mutex.c.obj
                0x20000194                mutex_try_enter_block_until
 .time_critical.mutex_enter_timeout_ms
                0x200001c8       0x1a CMakeFiles/MorsePCB.dir/pico-sdk/src/common/pico_sync/mutex.c.obj
                0x200001c8                mutex_enter_timeout_ms
 *fill*         0x200001e2        0x2 
 .time_critical.mutex_exit
                0x200001e4       0x4c CMakeFiles/MorsePCB.dir/pico-sdk/src/common/pico_sync/mutex.c.obj
                0x200001e4                mutex_exit
 .time_critical.flash_init_boot2_copyout
                0x20000230       0x30 CMakeFiles/MorsePCB.dir/pico-sdk/src/rp2_common/hardware_flash/flash.c.obj
 .time_critical.flash_enable_xip_via_boot2
                0x20000260        0xc CMakeFiles/MorsePCB.dir/pico-sdk/src/rp2_common/hardware_flash/flash.c.obj
 .time_critical.flash_cs_force
                0x2000026c       0x28 CMakeFiles/MorsePCB.dir/pico-sdk/src/rp2_common/hardware_flash/flash.c.obj
 .time_critical.flash_do_cmd
                0x20000294       0xd8 CMakeFiles/MorsePCB.dir/pico-sdk/src/rp2_common/hardware_flash/flash.c.obj
                0x20000294                flash_do_cmd
 .time_critical.reset_non_control_endpoints
                0x2000036c       0x40 CMakeFiles/MorsePCB.dir/pico-sdk/lib/tinyusb/src/portable/raspberrypi/rp2040/dcd_rp2040.c.obj
 .time_critical.hw_handle_buff_status
                0x200003ac       0xa4 CMakeFiles/MorsePCB.dir/pico-sdk/lib/tinyusb/src/portable/raspberrypi/rp2040/dcd_rp2040.c.obj
 .time_critical.dcd_rp2040_irq
                0x20000450      0x1b8 CMakeFiles/MorsePCB.dir/pico-sdk/lib/tinyusb/src/portable/raspberrypi/rp2040/dcd_rp2040.c.obj
 .time_critical.e15_is_bulkin_ep
                0x20000608       0x2c CMakeFiles/MorsePCB.dir/pico-sdk/lib/tinyusb/src/portable/raspberrypi/rp2040/rp2040_usb.c.obj
 .time_critical.e15_is_critical_frame_period
                0x20000634       0x30 CMakeFiles/MorsePCB.dir/pico-sdk/lib/tinyusb/src/portable/raspberrypi/rp2040/rp2040_usb.c.obj
 .time_critical.prepare_ep_buffer
                0x20000664       0x6c CMakeFiles/MorsePCB.dir/pico-sdk/lib/tinyusb/src/portable/raspberrypi/rp2040/rp2040_usb.c.obj
 .time_critical.sync_ep_buffer
                0x200006d0       0x7c CMakeFiles/MorsePCB.dir/pico-sdk/lib/tinyusb/src/portable/raspberrypi/rp2040/rp2040_usb.c.obj
 .time_critical._hw_endpoint_xfer_sync
                0x2000074c       0x28 CMakeFiles/MorsePCB.dir/pico-sdk/lib/tinyusb/src/portable/raspberrypi/rp2040/rp2040_usb.c.obj
 .time_critical.hw_endpoint_reset_transfer
                0x20000774        0xc CMakeFiles/MorsePCB.dir/pico-sdk/lib/tinyusb/src/portable/raspberrypi/rp2040/rp2040_usb.c.obj
                0x20000774                hw_endpoint_reset_transfer
 .time_critical._hw_endpoint_buffer_control_update32
                0x20000780       0x58 CMakeFiles/MorsePCB.dir/pico-sdk/lib/tinyusb/src/portable/raspberrypi/rp2040/rp2040_usb.c.obj
                0x20000780                _hw_endpoint_buffer_control_update32
 .time_critical.hw_endpoint_start_next_buffer
                0x200007d8       0x7c CMakeFiles/MorsePCB.dir/pico-sdk/lib/tinyusb/src/portable/raspberrypi/rp2040/rp2040_usb.c.obj
                0x200007d8                hw_endpoint_start_next_buffer
 .time_critical.hw_endpoint_xfer_continue
                0x20000854       0x50 CMakeFiles/MorsePCB.dir/pico-sdk/lib/tinyusb/src/portable/raspberrypi/rp2040/rp2040_usb.c.obj
                0x20000854                hw_endpoint_xfer_continue
 .time_critical.tinyusb
                0x200008a4      0x1ac CMakeFiles/MorsePCB.dir/pico-sdk/lib/tinyusb/src/device/usbd.c.obj
                0x200008a4                dcd_event_handler
 *(.text*)
 .text          0x20000a50        0x4 /usr/lib/gcc/arm-none-eabi/12.2.0/thumb/v6-m/nofp/libgcc.a(_dvmd_tls.o)
                0x20000a50                __aeabi_ldiv0
                0x20000a50                __aeabi_idiv0
 *fill*         0x20000a54        0x4 
 .text.__stub   0x20000a58       0xa0 linker stubs
                0x20000af8                        . = ALIGN (0x4)
 *(.rodata*)
                0x20000af8                        . = ALIGN (0x4)
 *(.data*)
 .data.striped_spin_lock_num
                0x20000af8        0x1 CMakeFiles/MorsePCB.dir/pico-sdk/src/rp2_common/hardware_sync/sync.c.obj
 *fill*         0x20000af9        0x3 
 .data          0x20000afc       0x48 CMakeFiles/MorsePCB.dir/pico-sdk/src/rp2_common/hardware_irq/irq_handler_chain.S.obj
                0x20000afc                irq_handler_chain_slots
                0x20000b2c                irq_handler_chain_first_slot
                0x20000b36                irq_handler_chain_remove_tail
 .data.default_alarm_pool
                0x20000b44       0x18 CMakeFiles/MorsePCB.dir/pico-sdk/src/common/pico_time/time.c.obj
 .data.default_alarm_pool_heap
                0x20000b5c       0x10 CMakeFiles/MorsePCB.dir/pico-sdk/src/common/pico_time/time.c.obj
 *fill*         0x20000b6c        0x4 
 .data.aeabi_bits_funcs
                0x20000b70       0x10 CMakeFiles/MorsePCB.dir/pico-sdk/src/rp2_common/pico_bit_ops/bit_ops_aeabi.S.obj
                0x20000b70                aeabi_bits_funcs
                0x20000b80                aeabi_bits_funcs_end
 .data.aeabi_mem_funcs
                0x20000b80       0x10 CMakeFiles/MorsePCB.dir/pico-sdk/src/rp2_common/pico_mem_ops/mem_ops_aeabi.S.obj
                0x20000b80                aeabi_mem_funcs
                0x20000b90                aeabi_mem_funcs_end
 .data.stdio_usb
                0x20000b90       0x18 CMakeFiles/MorsePCB.dir/pico-sdk/src/rp2_common/pico_stdio_usb/stdio_usb.c.obj
                0x20000b90                stdio_usb
 .data.ep_dir_string
                0x20000ba8        0x8 CMakeFiles/MorsePCB.dir/pico-sdk/lib/tinyusb/src/portable/raspberrypi/rp2040/rp2040_usb.c.obj
                0x20000ba8                ep_dir_string
 .data._usbd_qdef
                0x20000bb0       0x1c CMakeFiles/MorsePCB.dir/pico-sdk/lib/tinyusb/src/device/usbd.c.obj
                0x20000bb0                _usbd_qdef
 .data._usbd_rhport
                0x20000bcc        0x1 CMakeFiles/MorsePCB.dir/pico-sdk/lib/tinyusb/src/device/usbd.c.obj
 *fill*         0x20000bcd        0x3 
 .data.impure_data
                0x20000bd0      0x428 /usr/lib/gcc/arm-none-eabi/12.2.0/../../../../arm-none-eabi/lib/thumb/v6-m/nofp/libg.a(lib_a-impure.o)
 .data.__atexit_recursive_mutex
                0x20000ff8        0x4 /usr/lib/gcc/arm-none-eabi/12.2.0/../../../../arm-none-eabi/lib/thumb/v6-m/nofp/libg.a(lib_a-__call_atexit.o)
                0x20000ff8                __atexit_recursive_mutex
                0x20000ffc                        . = ALIGN (0x4)
 *(.after_data.*)
                0x20000ffc                        . = ALIGN (0x4)
                0x20000ffc                        PROVIDE (__mutex_array_start = .)
 *(SORT_BY_NAME(.mutex_array.*))
 *(.mutex_array)
 .mutex_array   0x20000ffc        0x8 CMakeFiles/MorsePCB.dir/pico-sdk/src/rp2_common/pico_stdio/stdio.c.obj
                0x20001004                        PROVIDE (__mutex_array_end = .)
                0x20001004                        . = ALIGN (0x4)
                0x20001004                        PROVIDE (__preinit_array_start = .)
 *(SORT_BY_NAME(.preinit_array.*))
 .preinit_array.00001
                0x20001004        0x4 CMakeFiles/MorsePCB.dir/pico-sdk/src/rp2_common/pico_mem_ops/mem_ops_aeabi.S.obj
 .preinit_array.00010
                0x20001008        0x4 CMakeFiles/MorsePCB.dir/pico-sdk/src/rp2_common/pico_bit_ops/bit_ops_aeabi.S.obj
 .preinit_array.00020
                0x2000100c        0x4 CMakeFiles/MorsePCB.dir/pico-sdk/src/rp2_common/pico_double/double_aeabi.S.obj
 .preinit_array.00020
                0x20001010        0x4 CMakeFiles/MorsePCB.dir/pico-sdk/src/rp2_common/pico_float/float_aeabi.S.obj
 *(.preinit_array)
                0x20001014                        PROVIDE (__preinit_array_end = .)
                0x20001014                        . = ALIGN (0x4)
                0x20001014                        PROVIDE (__init_array_start = .)
 *(SORT_BY_NAME(.init_array.*))
 .init_array.00000
                0x20001014        0x4 /usr/lib/gcc/arm-none-eabi/12.2.0/../../../../arm-none-eabi/lib/thumb/v6-m/nofp/libg.a(lib_a-__call_atexit.o)
 *(.init_array)
 .init_array    0x20001018        0x4 /usr/lib/gcc/arm-none-eabi/12.2.0/thumb/v6-m/nofp/crtbegin.o
 .init_array    0x2000101c        0x4 CMakeFiles/MorsePCB.dir/pico-sdk/src/rp2_common/pico_unique_id/unique_id.c.obj
                0x20001020                        PROVIDE (__init_array_end = .)
                0x20001020                        . = ALIGN (0x4)
                0x20001020                        PROVIDE (__fini_array_start = .)
 *(SORT_BY_NAME(.fini_array.*))
 *(.fini_array)
                0x20001020                        PROVIDE (__fini_array_end = .)
 *(.jcr)
                0x20001020                        . = ALIGN (0x4)
                0x20001020                        __data_end__ = .
                0x1000849c                        __etext = LOADADDR (.data)

.tm_clone_table
                0x20001020        0x0 load address 0x100093fc
 .tm_clone_table
                0x20001020        0x0 /usr/lib/gcc/arm-none-eabi/12.2.0/thumb/v6-m/nofp/crtbegin.o
 .tm_clone_table
                0x20001020        0x0 /usr/lib/gcc/arm-none-eabi/12.2.0/thumb/v6-m/nofp/crtend.o

.igot.plt       0x20001020        0x0 load address 0x100093fc
 .igot.plt      0x20001020        0x0 /usr/lib/gcc/arm-none-eabi/12.2.0/thumb/v6-m/nofp/crtbegin.o

.uninitialized_data
                0x20001020        0x0 load address 0x100093fc
                0x20001020                        . = ALIGN (0x4)
 *(.uninitialized_data*)

.scratch_x      0x20040000        0x0 load address 0x100093fc
                0x20040000                        __scratch_x_start__ = .
 *(.scratch_x.*)
                0x20040000                        . = ALIGN (0x4)
                0x20040000                        __scratch_x_end__ = .
                0x100093fc                        __scratch_x_source__ = LOADADDR (.scratch_x)

.scratch_y      0x20041000        0x0 load address 0x100093fc
                0x20041000                        __scratch_y_start__ = .
 *(.scratch_y.*)
                0x20041000                        . = ALIGN (0x4)
                0x20041000                        __scratch_y_end__ = .
                0x100093fc                        __scratch_y_source__ = LOADADDR (.scratch_y)

.bss            0x20001020      0xd98
                0x20001020                        . = ALIGN (0x4)
                0x20001020                        __bss_start__ = .
 *(SORT_BY_ALIGNMENT(SORT_BY_NAME(.bss*)))
 .bss.default_alarm_pool_entries
                0x20001020      0x100 CMakeFiles/MorsePCB.dir/pico-sdk/src/common/pico_time/time.c.obj
 .bss.last_avail_time.2
                0x20001120        0x8 CMakeFiles/MorsePCB.dir/pico-sdk/src/rp2_common/pico_stdio_usb/stdio_usb.c.obj
 .bss           0x20001128       0x1c /usr/lib/gcc/arm-none-eabi/12.2.0/thumb/v6-m/nofp/crtbegin.o
 .bss.__lock___atexit_recursive_mutex
                0x20001144        0x1 /usr/lib/gcc/arm-none-eabi/12.2.0/../../../../arm-none-eabi/lib/thumb/v6-m/nofp/libg.a(lib_a-lock.o)
                0x20001144                __lock___atexit_recursive_mutex
 *fill*         0x20001145        0x3 
 .bss._app_driver
                0x20001148        0x4 CMakeFiles/MorsePCB.dir/pico-sdk/lib/tinyusb/src/device/usbd.c.obj
 .bss._cdcd_itf
                0x2000114c      0x2c8 CMakeFiles/MorsePCB.dir/pico-sdk/lib/tinyusb/src/class/cdc/cdc_device.c.obj
 .bss._ctrl_xfer
                0x20001414       0x14 CMakeFiles/MorsePCB.dir/pico-sdk/lib/tinyusb/src/device/usbd_control.c.obj
 .bss._ubsd_mutexdef
                0x20001428        0x8 CMakeFiles/MorsePCB.dir/pico-sdk/lib/tinyusb/src/device/usbd.c.obj
 .bss._usbd_ctrl_buf
                0x20001430       0x40 CMakeFiles/MorsePCB.dir/pico-sdk/lib/tinyusb/src/device/usbd_control.c.obj
 .bss._usbd_dev
                0x20001470       0x53 CMakeFiles/MorsePCB.dir/pico-sdk/lib/tinyusb/src/device/usbd.c.obj
 *fill*         0x200014c3        0x1 
 .bss._usbd_mutex
                0x200014c4        0x4 CMakeFiles/MorsePCB.dir/pico-sdk/lib/tinyusb/src/device/usbd.c.obj
 .bss._usbd_q   0x200014c8        0x4 CMakeFiles/MorsePCB.dir/pico-sdk/lib/tinyusb/src/device/usbd.c.obj
 .bss._usbd_qdef_buf
                0x200014cc       0xc0 CMakeFiles/MorsePCB.dir/pico-sdk/lib/tinyusb/src/device/usbd.c.obj
                0x200014cc                _usbd_qdef_buf
 .bss.alarm_callbacks
                0x2000158c       0x10 CMakeFiles/MorsePCB.dir/pico-sdk/src/rp2_common/hardware_timer/timer.c.obj
 .bss.boot2_copyout
                0x2000159c      0x100 CMakeFiles/MorsePCB.dir/pico-sdk/src/rp2_common/hardware_flash/flash.c.obj
 .bss.callbacks
                0x2000169c        0x8 CMakeFiles/MorsePCB.dir/pico-sdk/src/rp2_common/hardware_gpio/gpio.c.obj
 .bss.chars_available_callback
                0x200016a4        0x4 CMakeFiles/MorsePCB.dir/pico-sdk/src/rp2_common/pico_stdio_usb/stdio_usb.c.obj
 .bss.chars_available_param
                0x200016a8        0x4 CMakeFiles/MorsePCB.dir/pico-sdk/src/rp2_common/pico_stdio_usb/stdio_usb.c.obj
 .bss.claimed   0x200016ac        0x4 CMakeFiles/MorsePCB.dir/pico-sdk/src/rp2_common/hardware_sync/sync.c.obj
 .bss.configured_freq
                0x200016b0       0x28 CMakeFiles/MorsePCB.dir/pico-sdk/src/rp2_common/hardware_clocks/clocks.c.obj
 .bss.default_alarm_pool_entry_ids_high
                0x200016d8       0x10 CMakeFiles/MorsePCB.dir/pico-sdk/src/common/pico_time/time.c.obj
 .bss.default_alarm_pool_heap_nodes
                0x200016e8       0x30 CMakeFiles/MorsePCB.dir/pico-sdk/src/common/pico_time/time.c.obj
 .bss.desc_str.0
                0x20001718       0x28 CMakeFiles/MorsePCB.dir/pico-sdk/src/rp2_common/pico_stdio_usb/stdio_usb_descriptors.c.obj
 .bss.drivers   0x20001740        0x4 CMakeFiles/MorsePCB.dir/pico-sdk/src/rp2_common/pico_stdio/stdio.c.obj
 .bss.e15_last_sof
                0x20001744        0x4 CMakeFiles/MorsePCB.dir/pico-sdk/lib/tinyusb/src/portable/raspberrypi/rp2040/rp2040_usb.c.obj
                0x20001744                e15_last_sof
 .bss.filter    0x20001748        0x4 CMakeFiles/MorsePCB.dir/pico-sdk/src/rp2_common/pico_stdio/stdio.c.obj
 .bss.hw_endpoints
                0x2000174c      0x400 CMakeFiles/MorsePCB.dir/pico-sdk/lib/tinyusb/src/portable/raspberrypi/rp2040/dcd_rp2040.c.obj
 .bss.load_value
                0x20001b4c        0x4 CMakeFiles/MorsePCB.dir/pico-sdk/src/rp2_common/hardware_watchdog/watchdog.c.obj
 .bss.next_buffer_ptr
                0x20001b50        0x4 CMakeFiles/MorsePCB.dir/pico-sdk/lib/tinyusb/src/portable/raspberrypi/rp2040/dcd_rp2040.c.obj
 .bss.one_shot_timer_crit_sec
                0x20001b54        0x8 CMakeFiles/MorsePCB.dir/pico-sdk/src/rp2_common/pico_stdio_usb/stdio_usb.c.obj
 .bss.pools     0x20001b5c       0x10 CMakeFiles/MorsePCB.dir/pico-sdk/src/common/pico_time/time.c.obj
 .bss.raw_irq_mask
                0x20001b6c        0x8 CMakeFiles/MorsePCB.dir/pico-sdk/src/rp2_common/hardware_gpio/gpio.c.obj
 .bss.retrieved_id
                0x20001b74        0x8 CMakeFiles/MorsePCB.dir/pico-sdk/src/rp2_common/pico_unique_id/unique_id.c.obj
 .bss.sd_table  0x20001b7c      0x100 CMakeFiles/MorsePCB.dir/pico-sdk/src/rp2_common/pico_double/double_init_rom.c.obj
                0x20001b7c                sd_table
 .bss.sf_clz_func
                0x20001c7c        0x4 CMakeFiles/MorsePCB.dir/pico-sdk/src/rp2_common/pico_double/double_init_rom.c.obj
                0x20001c7c                sf_clz_func
 .bss.sf_table  0x20001c80      0x100 CMakeFiles/MorsePCB.dir/pico-sdk/src/rp2_common/pico_float/float_init_rom.c.obj
                0x20001c80                sf_table
 .bss.sleep_notifier
                0x20001d80        0x4 CMakeFiles/MorsePCB.dir/pico-sdk/src/common/pico_time/time.c.obj